Archive member included to satisfy reference by file (symbol)

/home/hosni/Ac6/SystemWorkbench/plugins/fr.ac6.mcu.externaltools.arm-none.linux64_1.16.0.201807130628/tools/compiler/bin/../lib/gcc/arm-none-eabi/7.2.1/thumb/v7e-m/fpv4-sp/hard/libgcc.a(_arm_addsubdf3.o)
                              Src/gatt_db.o (__aeabi_dadd)
/home/hosni/Ac6/SystemWorkbench/plugins/fr.ac6.mcu.externaltools.arm-none.linux64_1.16.0.201807130628/tools/compiler/bin/../lib/gcc/arm-none-eabi/7.2.1/thumb/v7e-m/fpv4-sp/hard/libgcc.a(_arm_truncdfsf2.o)
                              Src/gatt_db.o (__aeabi_d2f)
/home/hosni/Ac6/SystemWorkbench/plugins/fr.ac6.mcu.externaltools.arm-none.linux64_1.16.0.201807130628/tools/compiler/bin/../lib/gcc/arm-none-eabi/7.2.1/thumb/v7e-m/fpv4-sp/hard/libgcc.a(_aeabi_uldivmod.o)
                              Drivers/STM32F4xx_HAL_Driver/Src/stm32f4xx_hal_rcc.o (__aeabi_uldivmod)
/home/hosni/Ac6/SystemWorkbench/plugins/fr.ac6.mcu.externaltools.arm-none.linux64_1.16.0.201807130628/tools/compiler/bin/../lib/gcc/arm-none-eabi/7.2.1/thumb/v7e-m/fpv4-sp/hard/libgcc.a(_udivmoddi4.o)
                              /home/hosni/Ac6/SystemWorkbench/plugins/fr.ac6.mcu.externaltools.arm-none.linux64_1.16.0.201807130628/tools/compiler/bin/../lib/gcc/arm-none-eabi/7.2.1/thumb/v7e-m/fpv4-sp/hard/libgcc.a(_aeabi_uldivmod.o) (__udivmoddi4)
/home/hosni/Ac6/SystemWorkbench/plugins/fr.ac6.mcu.externaltools.arm-none.linux64_1.16.0.201807130628/tools/compiler/bin/../lib/gcc/arm-none-eabi/7.2.1/thumb/v7e-m/fpv4-sp/hard/libgcc.a(_dvmd_tls.o)
                              /home/hosni/Ac6/SystemWorkbench/plugins/fr.ac6.mcu.externaltools.arm-none.linux64_1.16.0.201807130628/tools/compiler/bin/../lib/gcc/arm-none-eabi/7.2.1/thumb/v7e-m/fpv4-sp/hard/libgcc.a(_aeabi_uldivmod.o) (__aeabi_ldiv0)
/home/hosni/Ac6/SystemWorkbench/plugins/fr.ac6.mcu.externaltools.arm-none.linux64_1.16.0.201807130628/tools/compiler/bin/../lib/gcc/arm-none-eabi/7.2.1/../../../../arm-none-eabi/lib/thumb/v7e-m/fpv4-sp/hard/libc_nano.a(lib_a-exit.o)
                              /home/hosni/Ac6/SystemWorkbench/plugins/fr.ac6.mcu.externaltools.arm-none.linux64_1.16.0.201807130628/tools/compiler/bin/../lib/gcc/arm-none-eabi/7.2.1/../../../../arm-none-eabi/lib/thumb/v7e-m/fpv4-sp/hard/crt0.o (exit)
/home/hosni/Ac6/SystemWorkbench/plugins/fr.ac6.mcu.externaltools.arm-none.linux64_1.16.0.201807130628/tools/compiler/bin/../lib/gcc/arm-none-eabi/7.2.1/../../../../arm-none-eabi/lib/thumb/v7e-m/fpv4-sp/hard/libc_nano.a(lib_a-impure.o)
                              /home/hosni/Ac6/SystemWorkbench/plugins/fr.ac6.mcu.externaltools.arm-none.linux64_1.16.0.201807130628/tools/compiler/bin/../lib/gcc/arm-none-eabi/7.2.1/../../../../arm-none-eabi/lib/thumb/v7e-m/fpv4-sp/hard/libc_nano.a(lib_a-exit.o) (_global_impure_ptr)
/home/hosni/Ac6/SystemWorkbench/plugins/fr.ac6.mcu.externaltools.arm-none.linux64_1.16.0.201807130628/tools/compiler/bin/../lib/gcc/arm-none-eabi/7.2.1/../../../../arm-none-eabi/lib/thumb/v7e-m/fpv4-sp/hard/libc_nano.a(lib_a-init.o)
                              /home/hosni/Ac6/SystemWorkbench/plugins/fr.ac6.mcu.externaltools.arm-none.linux64_1.16.0.201807130628/tools/compiler/bin/../lib/gcc/arm-none-eabi/7.2.1/../../../../arm-none-eabi/lib/thumb/v7e-m/fpv4-sp/hard/crt0.o (__libc_init_array)
/home/hosni/Ac6/SystemWorkbench/plugins/fr.ac6.mcu.externaltools.arm-none.linux64_1.16.0.201807130628/tools/compiler/bin/../lib/gcc/arm-none-eabi/7.2.1/../../../../arm-none-eabi/lib/thumb/v7e-m/fpv4-sp/hard/libc_nano.a(lib_a-memcpy-stub.o)
                              Middlewares/ST/BlueNRG-MS/hci/controller/bluenrg_gap_aci.o (memcpy)
/home/hosni/Ac6/SystemWorkbench/plugins/fr.ac6.mcu.externaltools.arm-none.linux64_1.16.0.201807130628/tools/compiler/bin/../lib/gcc/arm-none-eabi/7.2.1/../../../../arm-none-eabi/lib/thumb/v7e-m/fpv4-sp/hard/libc_nano.a(lib_a-memset.o)
                              /home/hosni/Ac6/SystemWorkbench/plugins/fr.ac6.mcu.externaltools.arm-none.linux64_1.16.0.201807130628/tools/compiler/bin/../lib/gcc/arm-none-eabi/7.2.1/../../../../arm-none-eabi/lib/thumb/v7e-m/fpv4-sp/hard/crt0.o (memset)
/home/hosni/Ac6/SystemWorkbench/plugins/fr.ac6.mcu.externaltools.arm-none.linux64_1.16.0.201807130628/tools/compiler/bin/../lib/gcc/arm-none-eabi/7.2.1/../../../../arm-none-eabi/lib/thumb/v7e-m/fpv4-sp/hard/libc_nano.a(lib_a-rand.o)
                              Src/app_x-cube-ble1.o (srand)
/home/hosni/Ac6/SystemWorkbench/plugins/fr.ac6.mcu.externaltools.arm-none.linux64_1.16.0.201807130628/tools/compiler/bin/../lib/gcc/arm-none-eabi/7.2.1/../../../../arm-none-eabi/lib/thumb/v7e-m/fpv4-sp/hard/libc_nano.a(lib_a-sprintf.o)
                              Src/app_x-cube-ble1.o (sprintf)
/home/hosni/Ac6/SystemWorkbench/plugins/fr.ac6.mcu.externaltools.arm-none.linux64_1.16.0.201807130628/tools/compiler/bin/../lib/gcc/arm-none-eabi/7.2.1/../../../../arm-none-eabi/lib/thumb/v7e-m/fpv4-sp/hard/libc_nano.a(lib_a-strlen.o)
[...]
Memory Configuration

Name             Origin             Length             Attributes
RAM              0x0000000020000000 0x0000000000020000 xrw
FLASH            0x0000000008000000 0x0000000000080000 xr
*default*        0x0000000000000000 0xffffffffffffffff

Linker script and memory map

LOAD /home/hosni/Ac6/SystemWorkbench/plugins/fr.ac6.mcu.externaltools.arm-none.linux64_1.16.0.201807130628/tools/compiler/bin/../lib/gcc/arm-none-eabi/7.2.1/thumb/v7e-m/fpv4-sp/hard/crti.o
LOAD /home/hosni/Ac6/SystemWorkbench/plugins/fr.ac6.mcu.externaltools.arm-none.linux64_1.16.0.201807130628/tools/compiler/bin/../lib/gcc/arm-none-eabi/7.2.1/thumb/v7e-m/fpv4-sp/hard/crtbegin.o
LOAD /home/hosni/Ac6/SystemWorkbench/plugins/fr.ac6.mcu.externaltools.arm-none.linux64_1.16.0.201807130628/tools/compiler/bin/../lib/gcc/arm-none-eabi/7.2.1/../../../../arm-none-eabi/lib/thumb/v7e-m/fpv4-sp/hard/crt0.o
LOAD Drivers/STM32F4xx_HAL_Driver/Src/stm32f4xx_hal.o
LOAD Drivers/STM32F4xx_HAL_Driver/Src/stm32f4xx_hal_cortex.o
LOAD Drivers/STM32F4xx_HAL_Driver/Src/stm32f4xx_hal_dma.o
LOAD Drivers/STM32F4xx_HAL_Driver/Src/stm32f4xx_hal_dma_ex.o
LOAD Drivers/STM32F4xx_HAL_Driver/Src/stm32f4xx_hal_flash.o
LOAD Drivers/STM32F4xx_HAL_Driver/Src/stm32f4xx_hal_flash_ex.o
LOAD Drivers/STM32F4xx_HAL_Driver/Src/stm32f4xx_hal_flash_ramfunc.o
LOAD Drivers/STM32F4xx_HAL_Driver/Src/stm32f4xx_hal_gpio.o
LOAD Drivers/STM32F4xx_HAL_Driver/Src/stm32f4xx_hal_pwr.o
LOAD Drivers/STM32F4xx_HAL_Driver/Src/stm32f4xx_hal_pwr_ex.o
LOAD Drivers/STM32F4xx_HAL_Driver/Src/stm32f4xx_hal_rcc.o
LOAD Drivers/STM32F4xx_HAL_Driver/Src/stm32f4xx_hal_rcc_ex.o
LOAD Drivers/STM32F4xx_HAL_Driver/Src/stm32f4xx_hal_spi.o
LOAD Drivers/STM32F4xx_HAL_Driver/Src/stm32f4xx_hal_tim.o
LOAD Drivers/STM32F4xx_HAL_Driver/Src/stm32f4xx_hal_tim_ex.o
LOAD Drivers/STM32F4xx_HAL_Driver/Src/stm32f4xx_hal_uart.o
LOAD Middlewares/ST/BlueNRG-MS/hci/controller/bluenrg_IFR.o
LOAD Middlewares/ST/BlueNRG-MS/hci/controller/bluenrg_gap_aci.o
LOAD Middlewares/ST/BlueNRG-MS/hci/controller/bluenrg_gatt_aci.o
LOAD Middlewares/ST/BlueNRG-MS/hci/controller/bluenrg_hal_aci.o
LOAD Middlewares/ST/BlueNRG-MS/hci/controller/bluenrg_l2cap_aci.o
LOAD Middlewares/ST/BlueNRG-MS/hci/controller/bluenrg_updater_aci.o
LOAD Middlewares/ST/BlueNRG-MS/hci/controller/bluenrg_utils_small.o
LOAD Middlewares/ST/BlueNRG-MS/hci/hci_le.o
LOAD Middlewares/ST/BlueNRG-MS/hci/hci_tl_patterns/Basic/hci_tl.o
LOAD Middlewares/ST/BlueNRG-MS/utils/ble_list.o
LOAD Src/app_x-cube-ble1.o
LOAD Src/gatt_db.o
LOAD Src/hci_tl_interface.o
LOAD Src/main.o
LOAD Src/nucleo_f411re_bus.o
LOAD Src/sensor.o
LOAD Src/stm32f4_nucleo_f411re.o
LOAD Src/stm32f4xx_hal_exti.o
LOAD Src/stm32f4xx_hal_msp.o
LOAD Src/stm32f4xx_it.o
LOAD Src/system_stm32f4xx.o
LOAD startup/startup_stm32f411xe.o
LOAD /home/hosni/Ac6/SystemWorkbench/plugins/fr.ac6.mcu.externaltools.arm-none.linux64_1.16.0.201807130628/tools/compiler/bin/../lib/gcc/arm-none-eabi/7.2.1/../../../../arm-none-eabi/lib/thumb/v7e-m/fpv4-sp/hard/libm.a
START GROUP
LOAD /home/hosni/Ac6/SystemWorkbench/plugins/fr.ac6.mcu.externaltools.arm-none.linux64_1.16.0.201807130628/tools/compiler/bin/../lib/gcc/arm-none-eabi/7.2.1/thumb/v7e-m/fpv4-sp/hard/libgcc.a
LOAD /home/hosni/Ac6/SystemWorkbench/plugins/fr.ac6.mcu.externaltools.arm-none.linux64_1.16.0.201807130628/tools/compiler/bin/../lib/gcc/arm-none-eabi/7.2.1/../../../../arm-none-eabi/lib/thumb/v7e-m/fpv4-sp/hard/libc_nano.a
END GROUP
START GROUP
LOAD /home/hosni/Ac6/SystemWorkbench/plugins/fr.ac6.mcu.externaltools.arm-none.linux64_1.16.0.201807130628/tools/compiler/bin/../lib/gcc/arm-none-eabi/7.2.1/thumb/v7e-m/fpv4-sp/hard/libgcc.a
LOAD /home/hosni/Ac6/SystemWorkbench/plugins/fr.ac6.mcu.externaltools.arm-none.linux64_1.16.0.201807130628/tools/compiler/bin/../lib/gcc/arm-none-eabi/7.2.1/../../../../arm-none-eabi/lib/thumb/v7e-m/fpv4-sp/hard/libc_nano.a
LOAD /home/hosni/Ac6/SystemWorkbench/plugins/fr.ac6.mcu.externaltools.arm-none.linux64_1.16.0.201807130628/tools/compiler/bin/../lib/gcc/arm-none-eabi/7.2.1/../../../../arm-none-eabi/lib/thumb/v7e-m/fpv4-sp/hard/libnosys.a
END GROUP
START GROUP
LOAD /home/hosni/Ac6/SystemWorkbench/plugins/fr.ac6.mcu.externaltools.arm-none.linux64_1.16.0.201807130628/tools/compiler/bin/../lib/gcc/arm-none-eabi/7.2.1/thumb/v7e-m/fpv4-sp/hard/libgcc.a
LOAD /home/hosni/Ac6/SystemWorkbench/plugins/fr.ac6.mcu.externaltools.arm-none.linux64_1.16.0.201807130628/tools/compiler/bin/../lib/gcc/arm-none-eabi/7.2.1/../../../../arm-none-eabi/lib/thumb/v7e-m/fpv4-sp/hard/libc_nano.a
LOAD /home/hosni/Ac6/SystemWorkbench/plugins/fr.ac6.mcu.externaltools.arm-none.linux64_1.16.0.201807130628/tools/compiler/bin/../lib/gcc/arm-none-eabi/7.2.1/../../../../arm-none-eabi/lib/thumb/v7e-m/fpv4-sp/hard/libnosys.a
END GROUP
LOAD /home/hosni/Ac6/SystemWorkbench/plugins/fr.ac6.mcu.externaltools.arm-none.linux64_1.16.0.201807130628/tools/compiler/bin/../lib/gcc/arm-none-eabi/7.2.1/thumb/v7e-m/fpv4-sp/hard/crtend.o
LOAD /home/hosni/Ac6/SystemWorkbench/plugins/fr.ac6.mcu.externaltools.arm-none.linux64_1.16.0.201807130628/tools/compiler/bin/../lib/gcc/arm-none-eabi/7.2.1/thumb/v7e-m/fpv4-sp/hard/crtn.o
                0x0000000020020000                _estack = 0x20020000
                0x0000000000000200                _Min_Heap_Size = 0x200
                0x0000000000000400                _Min_Stack_Size = 0x400

.isr_vector     0x0000000008000000      0x198
                0x0000000008000000                . = ALIGN (0x4)
 *(.isr_vector)
 .isr_vector    0x0000000008000000      0x198 startup/startup_stm32f411xe.o
                0x0000000008000000                g_pfnVectors
                0x0000000008000198                . = ALIGN (0x4)

.text           0x00000000080001a0     0x40d0
                0x00000000080001a0                . = ALIGN (0x4)
 *(.text)
 .text          0x00000000080001a0       0x40 /home/hosni/Ac6/SystemWorkbench/plugins/fr.ac6.mcu.externaltools.arm-none.linux64_1.16.0.201807130628/tools/compiler/bin/../lib/gcc/arm-none-eabi/7.2.1/thumb/v7e-m/fpv4-sp/hard/crtbegin.o
 .text          0x00000000080001e0      0x378 /home/hosni/Ac6/SystemWorkbench/plugins/fr.ac6.mcu.externaltools.arm-none.linux64_1.16.0.201807130628/tools/compiler/bin/../lib/gcc/arm-none-eabi/7.2.1/thumb/v7e-m/fpv4-sp/hard/libgcc.a(_arm_addsubdf3.o)
                0x00000000080001e0                __aeabi_drsub
                0x00000000080001e8                __aeabi_dsub
                0x00000000080001e8                __subdf3
                0x00000000080001ec                __adddf3
                0x00000000080001ec                __aeabi_dadd
                0x0000000008000464                __aeabi_ui2d
                0x0000000008000464                __floatunsidf
                0x0000000008000484                __floatsidf
                0x0000000008000484                __aeabi_i2d
                0x00000000080004a8                __extendsfdf2
                0x00000000080004a8                __aeabi_f2d
                0x00000000080004ec                __aeabi_ul2d
                0x00000000080004ec                __floatundidf
                0x00000000080004fc                __floatdidf
                0x00000000080004fc                __aeabi_l2d
 .text          0x0000000008000558       0xa0 /home/hosni/Ac6/SystemWorkbench/plugins/fr.ac6.mcu.externaltools.arm-none.linux64_1.16.0.201807130628/tools/compiler/bin/../lib/gcc/arm-none-eabi/7.2.1/thumb/v7e-m/fpv4-sp/hard/libgcc.a(_arm_truncdfsf2.o)
                0x0000000008000558                __aeabi_d2f
                0x0000000008000558                __truncdfsf2
 .text          0x00000000080005f8       0x30 /home/hosni/Ac6/SystemWorkbench/plugins/fr.ac6.mcu.externaltools.arm-none.linux64_1.16.0.201807130628/tools/compiler/bin/../lib/gcc/arm-none-eabi/7.2.1/thumb/v7e-m/fpv4-sp/hard/libgcc.a(_aeabi_uldivmod.o)
                0x00000000080005f8                __aeabi_uldivmod
 .text          0x0000000008000628      0x2cc /home/hosni/Ac6/SystemWorkbench/plugins/fr.ac6.mcu.externaltools.arm-none.linux64_1.16.0.201807130628/tools/compiler/bin/../lib/gcc/arm-none-eabi/7.2.1/thumb/v7e-m/fpv4-sp/hard/libgcc.a(_udivmoddi4.o)
                0x0000000008000628                __udivmoddi4
 .text          0x00000000080008f4        0x4 /home/hosni/Ac6/SystemWorkbench/plugins/fr.ac6.mcu.externaltools.arm-none.linux64_1.16.0.201807130628/tools/compiler/bin/../lib/gcc/arm-none-eabi/7.2.1/thumb/v7e-m/fpv4-sp/hard/libgcc.a(_dvmd_tls.o)
                0x00000000080008f4                __aeabi_ldiv0
                0x00000000080008f4                __aeabi_idiv0
 .text          0x00000000080008f8       0x10 /home/hosni/Ac6/SystemWorkbench/plugins/fr.ac6.mcu.externaltools.arm-none.linux64_1.16.0.201807130628/tools/compiler/bin/../lib/gcc/arm-none-eabi/7.2.1/../../../../arm-none-eabi/lib/thumb/v7e-m/fpv4-sp/hard/libc_nano.a(lib_a-strlen.o)
                0x00000000080008f8                strlen
 *fill*         0x0000000008000908        0x8 
 .text          0x0000000008000910       0xa0 /home/hosni/Ac6/SystemWorkbench/plugins/fr.ac6.mcu.externaltools.arm-none.linux64_1.16.0.201807130628/tools/compiler/bin/../lib/gcc/arm-none-eabi/7.2.1/../../../../arm-none-eabi/lib/thumb/v7e-m/fpv4-sp/hard/libc_nano.a(lib_a-memchr.o)
                0x0000000008000910                memchr
 *(.text*)
 .text.HAL_InitTick
                0x00000000080009b0       0x48 Drivers/STM32F4xx_HAL_Driver/Src/stm32f4xx_hal.o
                0x00000000080009b0                HAL_InitTick
 .text.HAL_Init
                0x00000000080009f8       0x34 Drivers/STM32F4xx_HAL_Driver/Src/stm32f4xx_hal.o
                0x00000000080009f8                HAL_Init
 .text.HAL_IncTick
                0x0000000008000a2c       0x18 Drivers/STM32F4xx_HAL_Driver/Src/stm32f4xx_hal.o
                0x0000000008000a2c                HAL_IncTick
 .text.HAL_GetTick
                0x0000000008000a44        0xc Drivers/STM32F4xx_HAL_Driver/Src/stm32f4xx_hal.o
                0x0000000008000a44                HAL_GetTick
 .text.HAL_Delay
                0x0000000008000a50       0x28 Drivers/STM32F4xx_HAL_Driver/Src/stm32f4xx_hal.o
                0x0000000008000a50                HAL_Delay
 .text.HAL_NVIC_SetPriorityGrouping
                0x0000000008000a78       0x24 Drivers/STM32F4xx_HAL_Driver/Src/stm32f4xx_hal_cortex.o
                0x0000000008000a78                HAL_NVIC_SetPriorityGrouping
 .text.HAL_NVIC_SetPriority
                0x0000000008000a9c       0x68 Drivers/STM32F4xx_HAL_Driver/Src/stm32f4xx_hal_cortex.o
                0x0000000008000a9c                HAL_NVIC_SetPriority
 .text.HAL_NVIC_EnableIRQ
                0x0000000008000b04       0x18 Drivers/STM32F4xx_HAL_Driver/Src/stm32f4xx_hal_cortex.o
                0x0000000008000b04                HAL_NVIC_EnableIRQ
 .text.HAL_SYSTICK_Config
                0x0000000008000b1c       0x2c Drivers/STM32F4xx_HAL_Driver/Src/stm32f4xx_hal_cortex.o
                0x0000000008000b1c                HAL_SYSTICK_Config
 .text.HAL_GPIO_Init
                0x0000000008000b48      0x1a4 Drivers/STM32F4xx_HAL_Driver/Src/stm32f4xx_hal_gpio.o
                0x0000000008000b48                HAL_GPIO_Init
 .text.HAL_GPIO_DeInit
                0x0000000008000cec       0xfc Drivers/STM32F4xx_HAL_Driver/Src/stm32f4xx_hal_gpio.o
                0x0000000008000cec                HAL_GPIO_DeInit
 .text.HAL_GPIO_ReadPin
                0x0000000008000de8        0xe Drivers/STM32F4xx_HAL_Driver/Src/stm32f4xx_hal_gpio.o
                0x0000000008000de8                HAL_GPIO_ReadPin
 .text.HAL_GPIO_WritePin
                0x0000000008000df6        0xc Drivers/STM32F4xx_HAL_Driver/Src/stm32f4xx_hal_gpio.o
                0x0000000008000df6                HAL_GPIO_WritePin
 .text.HAL_GPIO_TogglePin
                0x0000000008000e02        0x8 Drivers/STM32F4xx_HAL_Driver/Src/stm32f4xx_hal_gpio.o
                0x0000000008000e02                HAL_GPIO_TogglePin
 *fill*         0x0000000008000e0a        0x2 
 .text.HAL_RCC_OscConfig
                0x0000000008000e0c      0x398 Drivers/STM32F4xx_HAL_Driver/Src/stm32f4xx_hal_rcc.o
                0x0000000008000e0c                HAL_RCC_OscConfig
 .text.HAL_RCC_GetSysClockFreq
                0x00000000080011a4       0xd8 Drivers/STM32F4xx_HAL_Driver/Src/stm32f4xx_hal_rcc.o
                0x00000000080011a4                HAL_RCC_GetSysClockFreq
 .text.HAL_RCC_ClockConfig
                0x000000000800127c      0x158 Drivers/STM32F4xx_HAL_Driver/Src/stm32f4xx_hal_rcc.o
                0x000000000800127c                HAL_RCC_ClockConfig
 .text.HAL_RCC_GetHCLKFreq
                0x00000000080013d4        0xc Drivers/STM32F4xx_HAL_Driver/Src/stm32f4xx_hal_rcc.o
                0x00000000080013d4                HAL_RCC_GetHCLKFreq
 .text.HAL_RCC_GetPCLK1Freq
                0x00000000080013e0       0x20 Drivers/STM32F4xx_HAL_Driver/Src/stm32f4xx_hal_rcc.o
                0x00000000080013e0                HAL_RCC_GetPCLK1Freq
 .text.HAL_RCC_GetPCLK2Freq
                0x0000000008001400       0x20 Drivers/STM32F4xx_HAL_Driver/Src/stm32f4xx_hal_rcc.o
                0x0000000008001400                HAL_RCC_GetPCLK2Freq
 .text.SPI_WaitFlagStateUntilTimeout
                0x0000000008001420       0x96 Drivers/STM32F4xx_HAL_Driver/Src/stm32f4xx_hal_spi.o
 .text.SPI_CheckFlag_BSY
                0x00000000080014b6       0x28 Drivers/STM32F4xx_HAL_Driver/Src/stm32f4xx_hal_spi.o
 .text.HAL_SPI_MspInit
                0x00000000080014de        0x2 Drivers/STM32F4xx_HAL_Driver/Src/stm32f4xx_hal_spi.o
                0x00000000080014de                HAL_SPI_MspInit
 .text.HAL_SPI_Init
                0x00000000080014e0       0x80 Drivers/STM32F4xx_HAL_Driver/Src/stm32f4xx_hal_spi.o
                0x00000000080014e0                HAL_SPI_Init
 .text.HAL_SPI_TransmitReceive
                0x0000000008001560      0x238 Drivers/STM32F4xx_HAL_Driver/Src/stm32f4xx_hal_spi.o
                0x0000000008001560                HAL_SPI_TransmitReceive
 .text.HAL_SPI_GetState
                0x0000000008001798        0x6 Drivers/STM32F4xx_HAL_Driver/Src/stm32f4xx_hal_spi.o
                0x0000000008001798                HAL_SPI_GetState
 *fill*         0x000000000800179e        0x2 
 .text.UART_SetConfig
                0x00000000080017a0      0x334 Drivers/STM32F4xx_HAL_Driver/Src/stm32f4xx_hal_uart.o
 .text.UART_WaitOnFlagUntilTimeout
                0x0000000008001ad4       0x62 Drivers/STM32F4xx_HAL_Driver/Src/stm32f4xx_hal_uart.o
 .text.HAL_UART_MspInit
                0x0000000008001b36        0x2 Drivers/STM32F4xx_HAL_Driver/Src/stm32f4xx_hal_uart.o
                0x0000000008001b36                HAL_UART_MspInit
 .text.HAL_UART_Init
                0x0000000008001b38       0x5e Drivers/STM32F4xx_HAL_Driver/Src/stm32f4xx_hal_uart.o
                0x0000000008001b38                HAL_UART_Init
 .text.HAL_UART_Transmit
                0x0000000008001b96       0xe0 Drivers/STM32F4xx_HAL_Driver/Src/stm32f4xx_hal_uart.o
                0x0000000008001b96                HAL_UART_Transmit
 .text.aci_gap_init_IDB05A1
                0x0000000008001c76       0x66 Middlewares/ST/BlueNRG-MS/hci/controller/bluenrg_gap_aci.o
                0x0000000008001c76                aci_gap_init_IDB05A1
 .text.aci_gap_init_IDB04A1
                0x0000000008001cdc       0x5e Middlewares/ST/BlueNRG-MS/hci/controller/bluenrg_gap_aci.o
                0x0000000008001cdc                aci_gap_init_IDB04A1
 .text.aci_gap_set_discoverable
                0x0000000008001d3a       0xb4 Middlewares/ST/BlueNRG-MS/hci/controller/bluenrg_gap_aci.o
                0x0000000008001d3a                aci_gap_set_discoverable
 .text.aci_gap_set_auth_requirement
                0x0000000008001dee       0x7e Middlewares/ST/BlueNRG-MS/hci/controller/bluenrg_gap_aci.o
                0x0000000008001dee                aci_gap_set_auth_requirement
 .text.aci_gap_update_adv_data
                0x0000000008001e6c       0x56 Middlewares/ST/BlueNRG-MS/hci/controller/bluenrg_gap_aci.o
                0x0000000008001e6c                aci_gap_update_adv_data
 .text.aci_gap_terminate
                0x0000000008001ec2       0x48 Middlewares/ST/BlueNRG-MS/hci/controller/bluenrg_gap_aci.o
                0x0000000008001ec2                aci_gap_terminate
 .text.aci_gatt_init
                0x0000000008001f0a       0x3c Middlewares/ST/BlueNRG-MS/hci/controller/bluenrg_gatt_aci.o
                0x0000000008001f0a                aci_gatt_init
 .text.aci_gatt_add_serv
                0x0000000008001f46       0x7c Middlewares/ST/BlueNRG-MS/hci/controller/bluenrg_gatt_aci.o
                0x0000000008001f46                aci_gatt_add_serv
 .text.aci_gatt_add_char
                0x0000000008001fc2       0xc0 Middlewares/ST/BlueNRG-MS/hci/controller/bluenrg_gatt_aci.o
                0x0000000008001fc2                aci_gatt_add_char
 .text.aci_gatt_update_char_value
                0x0000000008002082       0x68 Middlewares/ST/BlueNRG-MS/hci/controller/bluenrg_gatt_aci.o
                0x0000000008002082                aci_gatt_update_char_value
 .text.aci_gatt_write_response
                0x00000000080020ea       0x6c Middlewares/ST/BlueNRG-MS/hci/controller/bluenrg_gatt_aci.o
                0x00000000080020ea                aci_gatt_write_response
 .text.aci_gatt_allow_read
                0x0000000008002156       0x44 Middlewares/ST/BlueNRG-MS/hci/controller/bluenrg_gatt_aci.o
                0x0000000008002156                aci_gatt_allow_read
 .text.aci_hal_write_config_data
                0x000000000800219a       0x60 Middlewares/ST/BlueNRG-MS/hci/controller/bluenrg_hal_aci.o
                0x000000000800219a                aci_hal_write_config_data
 .text.aci_hal_set_tx_power_level
                0x00000000080021fa       0x46 Middlewares/ST/BlueNRG-MS/hci/controller/bluenrg_hal_aci.o
                0x00000000080021fa                aci_hal_set_tx_power_level
 .text.getBlueNRGVersion
                0x0000000008002240       0x4e Middlewares/ST/BlueNRG-MS/hci/controller/bluenrg_utils_small.o
                0x0000000008002240                getBlueNRGVersion
 .text.hci_reset
                0x000000000800228e       0x38 Middlewares/ST/BlueNRG-MS/hci/hci_le.o
                0x000000000800228e                hci_reset
 .text.hci_le_read_local_version
                0x00000000080022c6       0x68 Middlewares/ST/BlueNRG-MS/hci/hci_le.o
                0x00000000080022c6                hci_le_read_local_version
 .text.hci_le_set_scan_resp_data
                0x000000000800232e       0x60 Middlewares/ST/BlueNRG-MS/hci/hci_le.o
                0x000000000800232e                hci_le_set_scan_resp_data
 .text.verify_packet
                0x000000000800238e       0x1e Middlewares/ST/BlueNRG-MS/hci/hci_tl_patterns/Basic/hci_tl.o
 .text.send_cmd
                0x00000000080023ac       0x40 Middlewares/ST/BlueNRG-MS/hci/hci_tl_patterns/Basic/hci_tl.o
 .text.free_event_list
                0x00000000080023ec       0x30 Middlewares/ST/BlueNRG-MS/hci/hci_tl_patterns/Basic/hci_tl.o
 .text.move_list
                0x000000000800241c       0x28 Middlewares/ST/BlueNRG-MS/hci/hci_tl_patterns/Basic/hci_tl.o
 .text.hci_init
                0x0000000008002444       0x58 Middlewares/ST/BlueNRG-MS/hci/hci_tl_patterns/Basic/hci_tl.o
                0x0000000008002444                hci_init
 .text.hci_register_io_bus
                0x000000000800249c       0x1c Middlewares/ST/BlueNRG-MS/hci/hci_tl_patterns/Basic/hci_tl.o
                0x000000000800249c                hci_register_io_bus
 .text.hci_send_req
                0x00000000080024b8      0x14c Middlewares/ST/BlueNRG-MS/hci/hci_tl_patterns/Basic/hci_tl.o
                0x00000000080024b8                hci_send_req
 .text.hci_user_evt_proc
                0x0000000008002604       0x44 Middlewares/ST/BlueNRG-MS/hci/hci_tl_patterns/Basic/hci_tl.o
                0x0000000008002604                hci_user_evt_proc
 .text.hci_notify_asynch_evt
                0x0000000008002648       0x68 Middlewares/ST/BlueNRG-MS/hci/hci_tl_patterns/Basic/hci_tl.o
                0x0000000008002648                hci_notify_asynch_evt
 .text.list_init_head
                0x00000000080026b0        0x6 Middlewares/ST/BlueNRG-MS/utils/ble_list.o
                0x00000000080026b0                list_init_head
 .text.list_is_empty
                0x00000000080026b6       0x18 Middlewares/ST/BlueNRG-MS/utils/ble_list.o
                0x00000000080026b6                list_is_empty
 .text.list_insert_head
                0x00000000080026ce       0x18 Middlewares/ST/BlueNRG-MS/utils/ble_list.o
                0x00000000080026ce                list_insert_head
 .text.list_insert_tail
                0x00000000080026e6       0x18 Middlewares/ST/BlueNRG-MS/utils/ble_list.o
                0x00000000080026e6                list_insert_tail
 .text.list_remove_node
                0x00000000080026fe       0x18 Middlewares/ST/BlueNRG-MS/utils/ble_list.o
                0x00000000080026fe                list_remove_node
 .text.list_remove_head
                0x0000000008002716       0x24 Middlewares/ST/BlueNRG-MS/utils/ble_list.o
                0x0000000008002716                list_remove_head
 .text.list_remove_tail
                0x000000000800273a       0x24 Middlewares/ST/BlueNRG-MS/utils/ble_list.o
                0x000000000800273a                list_remove_tail
 .text.list_get_size
                0x000000000800275e       0x1c Middlewares/ST/BlueNRG-MS/utils/ble_list.o
                0x000000000800275e                list_get_size
 .text.User_Init
                0x000000000800277a       0x18 Src/app_x-cube-ble1.o
 .text.Set_Random_Address
                0x0000000008002792       0x2c Src/app_x-cube-ble1.o
 *fill*         0x00000000080027be        0x2 
 .text.User_Process
                0x00000000080027c0      0x11c Src/app_x-cube-ble1.o
 .text.MX_X_CUBE_BLE1_Init
                0x00000000080028dc      0x150 Src/app_x-cube-ble1.o
                0x00000000080028dc                MX_X_CUBE_BLE1_Init
 .text.MX_X_CUBE_BLE1_Process
                0x0000000008002a2c        0xc Src/app_x-cube-ble1.o
                0x0000000008002a2c                MX_X_CUBE_BLE1_Process
 .text.Add_MRBT_Service
                0x0000000008002a38      0x1a8 Src/gatt_db.o
                0x0000000008002a38                Add_MRBT_Service
 .text.Add_DeviceInfo_Service
                0x0000000008002be0       0xd4 Src/gatt_db.o
                0x0000000008002be0                Add_DeviceInfo_Service
 .text.Acc_Update
                0x0000000008002cb4       0xd0 Src/gatt_db.o
                0x0000000008002cb4                Acc_Update
 .text.BlueMS_Environmental_Update
                0x0000000008002d84       0x70 Src/gatt_db.o
                0x0000000008002d84                BlueMS_Environmental_Update
 .text.Read_Request_CB
                0x0000000008002df4      0x100 Src/gatt_db.o
                0x0000000008002df4                Read_Request_CB
 .text.HCI_TL_SPI_Init
                0x0000000008002ef4       0x6c Src/hci_tl_interface.o
                0x0000000008002ef4                HCI_TL_SPI_Init
 .text.HCI_TL_SPI_DeInit
                0x0000000008002f60       0x28 Src/hci_tl_interface.o
                0x0000000008002f60                HCI_TL_SPI_DeInit
 .text.HCI_TL_SPI_Reset
                0x0000000008002f88       0x30 Src/hci_tl_interface.o
                0x0000000008002f88                HCI_TL_SPI_Reset
 .text.HCI_TL_SPI_Receive
                0x0000000008002fb8       0x94 Src/hci_tl_interface.o
                0x0000000008002fb8                HCI_TL_SPI_Receive
 .text.HCI_TL_SPI_Send
                0x000000000800304c       0x90 Src/hci_tl_interface.o
                0x000000000800304c                HCI_TL_SPI_Send
 .text.IsDataAvailable
                0x00000000080030dc       0x18 Src/hci_tl_interface.o
 .text.hci_tl_lowlevel_isr
                0x00000000080030f4       0x14 Src/hci_tl_interface.o
                0x00000000080030f4                hci_tl_lowlevel_isr
 .text.hci_tl_lowlevel_init
                0x0000000008003108       0x6c Src/hci_tl_interface.o
                0x0000000008003108                hci_tl_lowlevel_init
 .text.MX_GPIO_Init
                0x0000000008003174       0xd4 Src/main.o
 .text.SystemClock_Config
                0x0000000008003248       0x90 Src/main.o
                0x0000000008003248                SystemClock_Config
 .text.main     0x00000000080032d8       0x40 Src/main.o
                0x00000000080032d8                main
 .text.SPI1_MspInit
                0x0000000008003318       0x5c Src/nucleo_f411re_bus.o
 .text.BSP_SPI1_SendRecv
                0x0000000008003374       0x2c Src/nucleo_f411re_bus.o
                0x0000000008003374                BSP_SPI1_SendRecv
 .text.BSP_GetTick
                0x00000000080033a0        0x8 Src/nucleo_f411re_bus.o
                0x00000000080033a0                BSP_GetTick
 .text.MX_SPI1_Init
                0x00000000080033a8       0x3c Src/nucleo_f411re_bus.o
                0x00000000080033a8                MX_SPI1_Init
 .text.BSP_SPI1_Init
                0x00000000080033e4       0x34 Src/nucleo_f411re_bus.o
                0x00000000080033e4                BSP_SPI1_Init
 .text.Set_DeviceConnectable
                0x0000000008003418       0x4c Src/sensor.o
                0x0000000008003418                Set_DeviceConnectable
 .text.GAP_DisconnectionComplete_CB
                0x0000000008003464       0x18 Src/sensor.o
                0x0000000008003464                GAP_DisconnectionComplete_CB
 .text.GAP_ConnectionComplete_CB
                0x000000000800347c       0x68 Src/sensor.o
                0x000000000800347c                GAP_ConnectionComplete_CB
 .text.user_notify
                0x00000000080034e4       0xf4 Src/sensor.o
                0x00000000080034e4                user_notify
 .text.USART2_MspInit
                0x00000000080035d8       0x48 Src/stm32f4_nucleo_f411re.o
 .text.BSP_LED_Init
                0x0000000008003620       0x50 Src/stm32f4_nucleo_f411re.o
                0x0000000008003620                BSP_LED_Init
 .text.BSP_LED_On
                0x0000000008003670       0x14 Src/stm32f4_nucleo_f411re.o
                0x0000000008003670                BSP_LED_On
 .text.BSP_LED_Toggle
                0x0000000008003684       0x14 Src/stm32f4_nucleo_f411re.o
                0x0000000008003684                BSP_LED_Toggle
 .text.BSP_PB_Init
                0x0000000008003698       0xa4 Src/stm32f4_nucleo_f411re.o
                0x0000000008003698                BSP_PB_Init
 .text.BSP_PB_GetState
                0x000000000800373c       0x14 Src/stm32f4_nucleo_f411re.o
                0x000000000800373c                BSP_PB_GetState
 .text.BSP_PB_Callback
                0x0000000008003750        0x2 Src/stm32f4_nucleo_f411re.o
                0x0000000008003750                BSP_PB_Callback
 .text.BUTTON_KEY_EXTI_Callback
                0x0000000008003752        0xa Src/stm32f4_nucleo_f411re.o
 .text.MX_USART2_UART_Init
                0x000000000800375c       0x30 Src/stm32f4_nucleo_f411re.o
                0x000000000800375c                MX_USART2_UART_Init
 .text.BSP_COM_Init
                0x000000000800378c       0x1c Src/stm32f4_nucleo_f411re.o
                0x000000000800378c                BSP_COM_Init
 .text.HAL_EXTI_RegisterCallback
                0x00000000080037a8        0xc Src/stm32f4xx_hal_exti.o
                0x00000000080037a8                HAL_EXTI_RegisterCallback
 .text.HAL_EXTI_GetHandle
                0x00000000080037b4        0xc Src/stm32f4xx_hal_exti.o
                0x00000000080037b4                HAL_EXTI_GetHandle
 .text.HAL_EXTI_IRQHandler
                0x00000000080037c0       0x24 Src/stm32f4xx_hal_exti.o
                0x00000000080037c0                HAL_EXTI_IRQHandler
 .text.HAL_MspInit
                0x00000000080037e4       0x40 Src/stm32f4xx_hal_msp.o
                0x00000000080037e4                HAL_MspInit
 .text.NMI_Handler
                0x0000000008003824        0x2 Src/stm32f4xx_it.o
                0x0000000008003824                NMI_Handler
 .text.HardFault_Handler
                0x0000000008003826        0x2 Src/stm32f4xx_it.o
                0x0000000008003826                HardFault_Handler
 .text.MemManage_Handler
                0x0000000008003828        0x2 Src/stm32f4xx_it.o
                0x0000000008003828                MemManage_Handler
 .text.BusFault_Handler
                0x000000000800382a        0x2 Src/stm32f4xx_it.o
                0x000000000800382a                BusFault_Handler
 .text.UsageFault_Handler
                0x000000000800382c        0x2 Src/stm32f4xx_it.o
                0x000000000800382c                UsageFault_Handler
 .text.SVC_Handler
                0x000000000800382e        0x2 Src/stm32f4xx_it.o
                0x000000000800382e                SVC_Handler
 .text.DebugMon_Handler
                0x0000000008003830        0x2 Src/stm32f4xx_it.o
                0x0000000008003830                DebugMon_Handler
 .text.PendSV_Handler
                0x0000000008003832        0x2 Src/stm32f4xx_it.o
                0x0000000008003832                PendSV_Handler
 .text.SysTick_Handler
                0x0000000008003834        0x8 Src/stm32f4xx_it.o
                0x0000000008003834                SysTick_Handler
 .text.EXTI0_IRQHandler
                0x000000000800383c       0x10 Src/stm32f4xx_it.o
                0x000000000800383c                EXTI0_IRQHandler
 .text.SystemInit
                0x000000000800384c       0x4c Src/system_stm32f4xx.o
                0x000000000800384c                SystemInit
 .text.Reset_Handler
                0x0000000008003898       0x50 startup/startup_stm32f411xe.o
                0x0000000008003898                Reset_Handler
 .text.Default_Handler
                0x00000000080038e8        0x2 startup/startup_stm32f411xe.o
                0x00000000080038e8                RTC_Alarm_IRQHandler
                0x00000000080038e8                EXTI2_IRQHandler
                0x00000000080038e8                SPI4_IRQHandler
                0x00000000080038e8                TIM1_CC_IRQHandler
                0x00000000080038e8                DMA2_Stream5_IRQHandler
                0x00000000080038e8                DMA1_Stream5_IRQHandler
                0x00000000080038e8                PVD_IRQHandler
                0x00000000080038e8                SDIO_IRQHandler
                0x00000000080038e8                TAMP_STAMP_IRQHandler
                0x00000000080038e8                EXTI3_IRQHandler
                0x00000000080038e8                TIM1_UP_TIM10_IRQHandler
                0x00000000080038e8                I2C3_ER_IRQHandler
                0x00000000080038e8                I2C2_EV_IRQHandler
                0x00000000080038e8                DMA1_Stream2_IRQHandler
                0x00000000080038e8                FPU_IRQHandler
                0x00000000080038e8                DMA2_Stream2_IRQHandler
                0x00000000080038e8                SPI1_IRQHandler
                0x00000000080038e8                TIM1_BRK_TIM9_IRQHandler
                0x00000000080038e8                DMA2_Stream3_IRQHandler
                0x00000000080038e8                USART6_IRQHandler
                0x00000000080038e8                DMA2_Stream0_IRQHandler
                0x00000000080038e8                TIM4_IRQHandler
                0x00000000080038e8                I2C1_EV_IRQHandler
                0x00000000080038e8                DMA1_Stream6_IRQHandler
                0x00000000080038e8                DMA1_Stream1_IRQHandler
                0x00000000080038e8                TIM3_IRQHandler
                0x00000000080038e8                RCC_IRQHandler
                0x00000000080038e8                Default_Handler
                0x00000000080038e8                EXTI15_10_IRQHandler
                0x00000000080038e8                ADC_IRQHandler
                0x00000000080038e8                DMA1_Stream7_IRQHandler
                0x00000000080038e8                SPI5_IRQHandler
                0x00000000080038e8                TIM5_IRQHandler
                0x00000000080038e8                DMA2_Stream7_IRQHandler
                0x00000000080038e8                I2C3_EV_IRQHandler
                0x00000000080038e8                EXTI9_5_IRQHandler
                0x00000000080038e8                RTC_WKUP_IRQHandler
                0x00000000080038e8                SPI2_IRQHandler
                0x00000000080038e8                DMA1_Stream0_IRQHandler
                0x00000000080038e8                EXTI4_IRQHandler
                0x00000000080038e8                WWDG_IRQHandler
                0x00000000080038e8                TIM2_IRQHandler
                0x00000000080038e8                OTG_FS_WKUP_IRQHandler
                0x00000000080038e8                TIM1_TRG_COM_TIM11_IRQHandler
                0x00000000080038e8                EXTI1_IRQHandler
                0x00000000080038e8                USART2_IRQHandler
                0x00000000080038e8                I2C2_ER_IRQHandler
                0x00000000080038e8                DMA2_Stream1_IRQHandler
                0x00000000080038e8                FLASH_IRQHandler
                0x00000000080038e8                DMA2_Stream4_IRQHandler
                0x00000000080038e8                USART1_IRQHandler
                0x00000000080038e8                OTG_FS_IRQHandler
                0x00000000080038e8                SPI3_IRQHandler
                0x00000000080038e8                DMA1_Stream4_IRQHandler
                0x00000000080038e8                I2C1_ER_IRQHandler
                0x00000000080038e8                DMA2_Stream6_IRQHandler
                0x00000000080038e8                DMA1_Stream3_IRQHandler
 *fill*         0x00000000080038ea        0x2 
 .text.__libc_init_array
                0x00000000080038ec       0x48 /home/hosni/Ac6/SystemWorkbench/plugins/fr.ac6.mcu.externaltools.arm-none.linux64_1.16.0.201807130628/tools/compiler/bin/../lib/gcc/arm-none-eabi/7.2.1/../../../../arm-none-eabi/lib/thumb/v7e-m/fpv4-sp/hard/libc_nano.a(lib_a-init.o)
                0x00000000080038ec                __libc_init_array
 .text.memcpy   0x0000000008003934       0x16 /home/hosni/Ac6/SystemWorkbench/plugins/fr.ac6.mcu.externaltools.arm-none.linux64_1.16.0.201807130628/tools/compiler/bin/../lib/gcc/arm-none-eabi/7.2.1/../../../../arm-none-eabi/lib/thumb/v7e-m/fpv4-sp/hard/libc_nano.a(lib_a-memcpy-stub.o)
                0x0000000008003934                memcpy
 .text.memset   0x000000000800394a       0x10 /home/hosni/Ac6/SystemWorkbench/plugins/fr.ac6.mcu.externaltools.arm-none.linux64_1.16.0.201807130628/tools/compiler/bin/../lib/gcc/arm-none-eabi/7.2.1/../../../../arm-none-eabi/lib/thumb/v7e-m/fpv4-sp/hard/libc_nano.a(lib_a-memset.o)
                0x000000000800394a                memset
 *fill*         0x000000000800395a        0x2 
 .text.srand    0x000000000800395c       0x48 /home/hosni/Ac6/SystemWorkbench/plugins/fr.ac6.mcu.externaltools.arm-none.linux64_1.16.0.201807130628/tools/compiler/bin/../lib/gcc/arm-none-eabi/7.2.1/../../../../arm-none-eabi/lib/thumb/v7e-m/fpv4-sp/hard/libc_nano.a(lib_a-rand.o)
                0x000000000800395c                srand
 .text.rand     0x00000000080039a4       0x68 /home/hosni/Ac6/SystemWorkbench/plugins/fr.ac6.mcu.externaltools.arm-none.linux64_1.16.0.201807130628/tools/compiler/bin/../lib/gcc/arm-none-eabi/7.2.1/../../../../arm-none-eabi/lib/thumb/v7e-m/fpv4-sp/hard/libc_nano.a(lib_a-rand.o)
                0x00000000080039a4                rand
 .text.sprintf  0x0000000008003a0c       0x40 /home/hosni/Ac6/SystemWorkbench/plugins/fr.ac6.mcu.externaltools.arm-none.linux64_1.16.0.201807130628/tools/compiler/bin/../lib/gcc/arm-none-eabi/7.2.1/../../../../arm-none-eabi/lib/thumb/v7e-m/fpv4-sp/hard/libc_nano.a(lib_a-sprintf.o)
                0x0000000008003a0c                sprintf
                0x0000000008003a0c                siprintf
 .text.strncpy  0x0000000008003a4c       0x2a /home/hosni/Ac6/SystemWorkbench/plugins/fr.ac6.mcu.externaltools.arm-none.linux64_1.16.0.201807130628/tools/compiler/bin/../lib/gcc/arm-none-eabi/7.2.1/../../../../arm-none-eabi/lib/thumb/v7e-m/fpv4-sp/hard/libc_nano.a(lib_a-strncpy.o)
                0x0000000008003a4c                strncpy
 *fill*         0x0000000008003a76        0x2 
 .text.malloc   0x0000000008003a78       0x10 /home/hosni/Ac6/SystemWorkbench/plugins/fr.ac6.mcu.externaltools.arm-none.linux64_1.16.0.201807130628/tools/compiler/bin/../lib/gcc/arm-none-eabi/7.2.1/../../../../arm-none-eabi/lib/thumb/v7e-m/fpv4-sp/hard/libc_nano.a(lib_a-malloc.o)
                0x0000000008003a78                malloc
 .text._free_r  0x0000000008003a88       0x9c /home/hosni/Ac6/SystemWorkbench/plugins/fr.ac6.mcu.externaltools.arm-none.linux64_1.16.0.201807130628/tools/compiler/bin/../lib/gcc/arm-none-eabi/7.2.1/../../../../arm-none-eabi/lib/thumb/v7e-m/fpv4-sp/hard/libc_nano.a(lib_a-nano-freer.o)
                0x0000000008003a88                _free_r
 .text._malloc_r
                0x0000000008003b24       0xb4 /home/hosni/Ac6/SystemWorkbench/plugins/fr.ac6.mcu.externaltools.arm-none.linux64_1.16.0.201807130628/tools/compiler/bin/../lib/gcc/arm-none-eabi/7.2.1/../../../../arm-none-eabi/lib/thumb/v7e-m/fpv4-sp/hard/libc_nano.a(lib_a-nano-mallocr.o)
                0x0000000008003b24                _malloc_r
 .text.__ssputs_r
                0x0000000008003bd8       0xb4 /home/hosni/Ac6/SystemWorkbench/plugins/fr.ac6.mcu.externaltools.arm-none.linux64_1.16.0.201807130628/tools/compiler/bin/../lib/gcc/arm-none-eabi/7.2.1/../../../../arm-none-eabi/lib/thumb/v7e-m/fpv4-sp/hard/libc_nano.a(lib_a-nano-svfprintf.o)
                0x0000000008003bd8                __ssputs_r
 .text._svfprintf_r
                0x0000000008003c8c      0x1ec /home/hosni/Ac6/SystemWorkbench/plugins/fr.ac6.mcu.externaltools.arm-none.linux64_1.16.0.201807130628/tools/compiler/bin/../lib/gcc/arm-none-eabi/7.2.1/../../../../arm-none-eabi/lib/thumb/v7e-m/fpv4-sp/hard/libc_nano.a(lib_a-nano-svfprintf.o)
                0x0000000008003c8c                _svfprintf_r
                0x0000000008003c8c                _svfiprintf_r
 .text._printf_common
                0x0000000008003e78       0xea /home/hosni/Ac6/SystemWorkbench/plugins/fr.ac6.mcu.externaltools.arm-none.linux64_1.16.0.201807130628/tools/compiler/bin/../lib/gcc/arm-none-eabi/7.2.1/../../../../arm-none-eabi/lib/thumb/v7e-m/fpv4-sp/hard/libc_nano.a(lib_a-nano-vfprintf_i.o)
                0x0000000008003e78                _printf_common
 *fill*         0x0000000008003f62        0x2 
 .text._printf_i
                0x0000000008003f64      0x224 /home/hosni/Ac6/SystemWorkbench/plugins/fr.ac6.mcu.externaltools.arm-none.linux64_1.16.0.201807130628/tools/compiler/bin/../lib/gcc/arm-none-eabi/7.2.1/../../../../arm-none-eabi/lib/thumb/v7e-m/fpv4-sp/hard/libc_nano.a(lib_a-nano-vfprintf_i.o)
                0x0000000008003f64                _printf_i
 .text._sbrk_r  0x0000000008004188       0x20 /home/hosni/Ac6/SystemWorkbench/plugins/fr.ac6.mcu.externaltools.arm-none.linux64_1.16.0.201807130628/tools/compiler/bin/../lib/gcc/arm-none-eabi/7.2.1/../../../../arm-none-eabi/lib/thumb/v7e-m/fpv4-sp/hard/libc_nano.a(lib_a-sbrkr.o)
                0x0000000008004188                _sbrk_r
 .text.memmove  0x00000000080041a8       0x32 /home/hosni/Ac6/SystemWorkbench/plugins/fr.ac6.mcu.externaltools.arm-none.linux64_1.16.0.201807130628/tools/compiler/bin/../lib/gcc/arm-none-eabi/7.2.1/../../../../arm-none-eabi/lib/thumb/v7e-m/fpv4-sp/hard/libc_nano.a(lib_a-memmove.o)
                0x00000000080041a8                memmove
 .text.__malloc_lock
                0x00000000080041da        0x2 /home/hosni/Ac6/SystemWorkbench/plugins/fr.ac6.mcu.externaltools.arm-none.linux64_1.16.0.201807130628/tools/compiler/bin/../lib/gcc/arm-none-eabi/7.2.1/../../../../arm-none-eabi/lib/thumb/v7e-m/fpv4-sp/hard/libc_nano.a(lib_a-mlock.o)
                0x00000000080041da                __malloc_lock
 .text.__malloc_unlock
                0x00000000080041dc        0x2 /home/hosni/Ac6/SystemWorkbench/plugins/fr.ac6.mcu.externaltools.arm-none.linux64_1.16.0.201807130628/tools/compiler/bin/../lib/gcc/arm-none-eabi/7.2.1/../../../../arm-none-eabi/lib/thumb/v7e-m/fpv4-sp/hard/libc_nano.a(lib_a-mlock.o)
                0x00000000080041dc                __malloc_unlock
 .text._realloc_r
                0x00000000080041de       0x4c /home/hosni/Ac6/SystemWorkbench/plugins/fr.ac6.mcu.externaltools.arm-none.linux64_1.16.0.201807130628/tools/compiler/bin/../lib/gcc/arm-none-eabi/7.2.1/../../../../arm-none-eabi/lib/thumb/v7e-m/fpv4-sp/hard/libc_nano.a(lib_a-nano-reallocr.o)
                0x00000000080041de                _realloc_r
 .text._malloc_usable_size_r
                0x000000000800422a       0x10 /home/hosni/Ac6/SystemWorkbench/plugins/fr.ac6.mcu.externaltools.arm-none.linux64_1.16.0.201807130628/tools/compiler/bin/../lib/gcc/arm-none-eabi/7.2.1/../../../../arm-none-eabi/lib/thumb/v7e-m/fpv4-sp/hard/libc_nano.a(lib_a-nano-msizer.o)
                0x000000000800422a                _malloc_usable_size_r
 *fill*         0x000000000800423a        0x2 
 .text._sbrk    0x000000000800423c       0x1c /home/hosni/Ac6/SystemWorkbench/plugins/fr.ac6.mcu.externaltools.arm-none.linux64_1.16.0.201807130628/tools/compiler/bin/../lib/gcc/arm-none-eabi/7.2.1/../../../../arm-none-eabi/lib/thumb/v7e-m/fpv4-sp/hard/libnosys.a(sbrk.o)
                0x000000000800423c                _sbrk
 *(.glue_7)
 .glue_7        0x0000000008004258        0x0 linker stubs
 *(.glue_7t)
 .glue_7t       0x0000000008004258        0x0 linker stubs
 *(.eh_frame)
 .eh_frame      0x0000000008004258        0x0 /home/hosni/Ac6/SystemWorkbench/plugins/fr.ac6.mcu.externaltools.arm-none.linux64_1.16.0.201807130628/tools/compiler/bin/../lib/gcc/arm-none-eabi/7.2.1/thumb/v7e-m/fpv4-sp/hard/crtbegin.o
 *(.init)
 .init          0x0000000008004258        0x4 /home/hosni/Ac6/SystemWorkbench/plugins/fr.ac6.mcu.externaltools.arm-none.linux64_1.16.0.201807130628/tools/compiler/bin/../lib/gcc/arm-none-eabi/7.2.1/thumb/v7e-m/fpv4-sp/hard/crti.o
                0x0000000008004258                _init
 .init          0x000000000800425c        0x8 /home/hosni/Ac6/SystemWorkbench/plugins/fr.ac6.mcu.externaltools.arm-none.linux64_1.16.0.201807130628/tools/compiler/bin/../lib/gcc/arm-none-eabi/7.2.1/thumb/v7e-m/fpv4-sp/hard/crtn.o
 *(.fini)
 .fini          0x0000000008004264        0x4 /home/hosni/Ac6/SystemWorkbench/plugins/fr.ac6.mcu.externaltools.arm-none.linux64_1.16.0.201807130628/tools/compiler/bin/../lib/gcc/arm-none-eabi/7.2.1/thumb/v7e-m/fpv4-sp/hard/crti.o
                0x0000000008004264                _fini
 .fini          0x0000000008004268        0x8 /home/hosni/Ac6/SystemWorkbench/plugins/fr.ac6.mcu.externaltools.arm-none.linux64_1.16.0.201807130628/tools/compiler/bin/../lib/gcc/arm-none-eabi/7.2.1/thumb/v7e-m/fpv4-sp/hard/crtn.o
                0x0000000008004270                . = ALIGN (0x4)
                0x0000000008004270                _etext = .

.vfp11_veneer   0x0000000008004270        0x0
 .vfp11_veneer  0x0000000008004270        0x0 linker stubs

.v4_bx          0x0000000008004270        0x0
 .v4_bx         0x0000000008004270        0x0 linker stubs

.iplt           0x0000000008004270        0x0
 .iplt          0x0000000008004270        0x0 /home/hosni/Ac6/SystemWorkbench/plugins/fr.ac6.mcu.externaltools.arm-none.linux64_1.16.0.201807130628/tools/compiler/bin/../lib/gcc/arm-none-eabi/7.2.1/thumb/v7e-m/fpv4-sp/hard/crtbegin.o

.rodata         0x0000000008004270      0x1dc
                0x0000000008004270                . = ALIGN (0x4)
 *(.rodata)
 .rodata        0x0000000008004270       0x10 Src/app_x-cube-ble1.o
 .rodata        0x0000000008004280        0xa Src/sensor.o
 *fill*         0x000000000800428a        0x2 
 .rodata        0x000000000800428c       0x18 Src/system_stm32f4xx.o
                0x000000000800428c                AHBPrescTable
                0x000000000800429c                APBPrescTable
 *(.rodata*)
 .rodata.str1.4
                0x00000000080042a4      0x11a Src/app_x-cube-ble1.o
 *fill*         0x00000000080043be        0x2 
 .rodata.str1.4
                0x00000000080043c0       0x58 Src/sensor.o
 .rodata._svfprintf_r.str1.1
                0x0000000008004418       0x11 /home/hosni/Ac6/SystemWorkbench/plugins/fr.ac6.mcu.externaltools.arm-none.linux64_1.16.0.201807130628/tools/compiler/bin/../lib/gcc/arm-none-eabi/7.2.1/../../../../arm-none-eabi/lib/thumb/v7e-m/fpv4-sp/hard/libc_nano.a(lib_a-nano-svfprintf.o)
 .rodata._printf_i.str1.1
                0x0000000008004429       0x22 /home/hosni/Ac6/SystemWorkbench/plugins/fr.ac6.mcu.externaltools.arm-none.linux64_1.16.0.201807130628/tools/compiler/bin/../lib/gcc/arm-none-eabi/7.2.1/../../../../arm-none-eabi/lib/thumb/v7e-m/fpv4-sp/hard/libc_nano.a(lib_a-nano-vfprintf_i.o)
                0x000000000800444c                . = ALIGN (0x4)
 *fill*         0x000000000800444b        0x1 

.ARM.extab
 *(.ARM.extab* .gnu.linkonce.armextab.*)

.ARM            0x000000000800444c        0x8
                0x000000000800444c                __exidx_start = .
 *(.ARM.exidx*)
 .ARM.exidx     0x000000000800444c        0x8 /home/hosni/Ac6/SystemWorkbench/plugins/fr.ac6.mcu.externaltools.arm-none.linux64_1.16.0.201807130628/tools/compiler/bin/../lib/gcc/arm-none-eabi/7.2.1/thumb/v7e-m/fpv4-sp/hard/libgcc.a(_udivmoddi4.o)
                0x0000000008004454                __exidx_end = .

.rel.dyn        0x0000000008004454        0x0
 .rel.iplt      0x0000000008004454        0x0 /home/hosni/Ac6/SystemWorkbench/plugins/fr.ac6.mcu.externaltools.arm-none.linux64_1.16.0.201807130628/tools/compiler/bin/../lib/gcc/arm-none-eabi/7.2.1/thumb/v7e-m/fpv4-sp/hard/crtbegin.o

.preinit_array  0x0000000008004454        0x0
                0x0000000008004454                PROVIDE (__preinit_array_start, .)
 *(.preinit_array*)
                0x0000000008004454                PROVIDE (__preinit_array_end, .)

.init_array     0x0000000008004454        0x4
                0x0000000008004454                PROVIDE (__init_array_start, .)
 *(SORT_BY_NAME(.init_array.*))
 *(.init_array*)
 .init_array    0x0000000008004454        0x4 /home/hosni/Ac6/SystemWorkbench/plugins/fr.ac6.mcu.externaltools.arm-none.linux64_1.16.0.201807130628/tools/compiler/bin/../lib/gcc/arm-none-eabi/7.2.1/thumb/v7e-m/fpv4-sp/hard/crtbegin.o
                0x0000000008004458                PROVIDE (__init_array_end, .)

.fini_array     0x0000000008004458        0x4
                [!provide]                        PROVIDE (__fini_array_start, .)
 *(SORT_BY_NAME(.fini_array.*))
 *(.fini_array*)
 .fini_array    0x0000000008004458        0x4 /home/hosni/Ac6/SystemWorkbench/plugins/fr.ac6.mcu.externaltools.arm-none.linux64_1.16.0.201807130628/tools/compiler/bin/../lib/gcc/arm-none-eabi/7.2.1/thumb/v7e-m/fpv4-sp/hard/crtbegin.o
                [!provide]                        PROVIDE (__fini_array_end, .)
                0x000000000800445c                _sidata = LOADADDR (.data)

.data           0x0000000020000000       0xb4 load address 0x000000000800445c
                0x0000000020000000                . = ALIGN (0x4)
                0x0000000020000000                _sdata = .
 *(.data)
 .data          0x0000000020000000        0x8 Drivers/STM32F4xx_HAL_Driver/Src/stm32f4xx_hal.o
                0x0000000020000000                uwTickFreq
                0x0000000020000004                uwTickPrio
 .data          0x0000000020000008       0x40 Src/main.o
                0x0000000020000008                str
 .data          0x0000000020000048        0x1 Src/sensor.o
                0x0000000020000048                set_connectable
 *fill*         0x0000000020000049        0x3 
 .data          0x000000002000004c        0x4 Src/system_stm32f4xx.o
                0x000000002000004c                SystemCoreClock
 *(.data*)
 .data._impure_ptr
                0x0000000020000050        0x4 /home/hosni/Ac6/SystemWorkbench/plugins/fr.ac6.mcu.externaltools.arm-none.linux64_1.16.0.201807130628/tools/compiler/bin/../lib/gcc/arm-none-eabi/7.2.1/../../../../arm-none-eabi/lib/thumb/v7e-m/fpv4-sp/hard/libc_nano.a(lib_a-impure.o)
                0x0000000020000050                _impure_ptr
 .data.impure_data
                0x0000000020000054       0x60 /home/hosni/Ac6/SystemWorkbench/plugins/fr.ac6.mcu.externaltools.arm-none.linux64_1.16.0.201807130628/tools/compiler/bin/../lib/gcc/arm-none-eabi/7.2.1/../../../../arm-none-eabi/lib/thumb/v7e-m/fpv4-sp/hard/libc_nano.a(lib_a-impure.o)
                0x00000000200000b4                . = ALIGN (0x4)
                0x00000000200000b4                _edata = .

.igot.plt       0x00000000200000b4        0x0 load address 0x0000000008004510
 .igot.plt      0x00000000200000b4        0x0 /home/hosni/Ac6/SystemWorkbench/plugins/fr.ac6.mcu.externaltools.arm-none.linux64_1.16.0.201807130628/tools/compiler/bin/../lib/gcc/arm-none-eabi/7.2.1/thumb/v7e-m/fpv4-sp/hard/crtbegin.o
                0x00000000200000b4                . = ALIGN (0x4)

.bss            0x00000000200000b4      0x568 load address 0x0000000008004510
                0x00000000200000b4                _sbss = .
                0x00000000200000b4                __bss_start__ = _sbss
 *(.bss)
 .bss           0x00000000200000b4       0x1c /home/hosni/Ac6/SystemWorkbench/plugins/fr.ac6.mcu.externaltools.arm-none.linux64_1.16.0.201807130628/tools/compiler/bin/../lib/gcc/arm-none-eabi/7.2.1/thumb/v7e-m/fpv4-sp/hard/crtbegin.o
 .bss           0x00000000200000d0      0x2dc Middlewares/ST/BlueNRG-MS/hci/hci_tl_patterns/Basic/hci_tl.o
 .bss           0x00000000200003ac        0x1 Src/app_x-cube-ble1.o
                0x00000000200003ac                bnrg_expansion_board
 *fill*         0x00000000200003ad        0x3 
 .bss           0x00000000200003b0       0xff Src/hci_tl_interface.o
 *fill*         0x00000000200004af        0x1 
 .bss           0x00000000200004b0       0x59 Src/sensor.o
                0x00000000200004b0                connected
                0x00000000200004b4                notification_enabled
                0x00000000200004b6                connection_handle
                0x00000000200004b8                pattern
                0x00000000200004d8                q_axes
                0x00000000200004e4                m_axes
                0x00000000200004f0                g_axes
                0x00000000200004fc                x_axes
                0x0000000020000508                request_free_fall_notify
 *(.bss*)
 *fill*         0x0000000020000509        0x3 
 .bss.__malloc_free_list
                0x000000002000050c        0x4 /home/hosni/Ac6/SystemWorkbench/plugins/fr.ac6.mcu.externaltools.arm-none.linux64_1.16.0.201807130628/tools/compiler/bin/../lib/gcc/arm-none-eabi/7.2.1/../../../../arm-none-eabi/lib/thumb/v7e-m/fpv4-sp/hard/libc_nano.a(lib_a-nano-mallocr.o)
                0x000000002000050c                __malloc_free_list
 .bss.__malloc_sbrk_start
                0x0000000020000510        0x4 /home/hosni/Ac6/SystemWorkbench/plugins/fr.ac6.mcu.externaltools.arm-none.linux64_1.16.0.201807130628/tools/compiler/bin/../lib/gcc/arm-none-eabi/7.2.1/../../../../arm-none-eabi/lib/thumb/v7e-m/fpv4-sp/hard/libc_nano.a(lib_a-nano-mallocr.o)
                0x0000000020000510                __malloc_sbrk_start
 .bss.heap_end.5377
                0x0000000020000514        0x4 /home/hosni/Ac6/SystemWorkbench/plugins/fr.ac6.mcu.externaltools.arm-none.linux64_1.16.0.201807130628/tools/compiler/bin/../lib/gcc/arm-none-eabi/7.2.1/../../../../arm-none-eabi/lib/thumb/v7e-m/fpv4-sp/hard/libnosys.a(sbrk.o)
 *(COMMON)
 COMMON         0x0000000020000518        0x4 Drivers/STM32F4xx_HAL_Driver/Src/stm32f4xx_hal.o
                0x0000000020000518                uwTick
 COMMON         0x000000002000051c       0x10 Middlewares/ST/BlueNRG-MS/hci/hci_tl_patterns/Basic/hci_tl.o
                0x000000002000051c                hciReadPktPool
                0x0000000020000524                hciReadPktRxQueue
 COMMON         0x000000002000052c        0x7 Src/app_x-cube-ble1.o
                0x000000002000052c                bdaddr
                0x0000000020000532                user_button_init_state
 *fill*         0x0000000020000533        0x1 
 COMMON         0x0000000020000534       0x38 Src/gatt_db.o
                0x0000000020000534                EnvironmentalCharHandle
                0x0000000020000536                QuaternionsCharHandle
                0x0000000020000538                PatternChar2Handle
                0x000000002000053a                CHANGED_CharHandle
                0x000000002000053c                DEVICE_INFO_ServHandle
                0x000000002000053e                PatternChar0Handle
                0x0000000020000540                char_uuid
                0x0000000020000550                MRBT_ServHandle
                0x0000000020000552                SWServW2STHandle
                0x0000000020000554                PatternChar1Handle
                0x0000000020000556                HWServW2STHandle
                0x0000000020000558                AccGyroMagCharHandle
                0x000000002000055c                service_uuid
 COMMON         0x000000002000056c        0x8 Src/hci_tl_interface.o
                0x000000002000056c                hexti0
 COMMON         0x0000000020000574       0x58 Src/nucleo_f411re_bus.o
                0x0000000020000574                hspi1
 COMMON         0x00000000200005cc       0x4c Src/stm32f4_nucleo_f411re.o
                0x00000000200005cc                hexti13
                0x00000000200005d4                hComHandle
                0x0000000020000614                hExtiButtonHandle
 COMMON         0x0000000020000618        0x4 /home/hosni/Ac6/SystemWorkbench/plugins/fr.ac6.mcu.externaltools.arm-none.linux64_1.16.0.201807130628/tools/compiler/bin/../lib/gcc/arm-none-eabi/7.2.1/../../../../arm-none-eabi/lib/thumb/v7e-m/fpv4-sp/hard/libc_nano.a(lib_a-reent.o)
                0x0000000020000618                errno
                0x000000002000061c                . = ALIGN (0x4)
                0x000000002000061c                _ebss = .
                0x000000002000061c                __bss_end__ = _ebss

._user_heap_stack
                0x000000002000061c      0x604 load address 0x0000000008004510
                0x0000000020000620                . = ALIGN (0x8)
 *fill*         0x000000002000061c        0x4 
                0x0000000020000620                PROVIDE (end, .)
                [!provide]                        PROVIDE (_end, .)
                0x0000000020000820                . = (. + _Min_Heap_Size)
 *fill*         0x0000000020000620      0x200 
                0x0000000020000c20                . = (. + _Min_Stack_Size)
 *fill*         0x0000000020000820      0x400 
                0x0000000020000c20                . = ALIGN (0x8)

/DISCARD/
 libc.a(*)
 libm.a(*)
 libgcc.a(*)

.ARM.attributes
                0x0000000000000000       0x30
 *(.ARM.attributes)
 .ARM.attributes
                0x0000000000000000       0x22 /home/hosni/Ac6/SystemWorkbench/plugins/fr.ac6.mcu.externaltools.arm-none.linux64_1.16.0.201807130628/tools/compiler/bin/../lib/gcc/arm-none-eabi/7.2.1/thumb/v7e-m/fpv4-sp/hard/crti.o
 .ARM.attributes
                0x0000000000000022       0x34 /home/hosni/Ac6/SystemWorkbench/plugins/fr.ac6.mcu.externaltools.arm-none.linux64_1.16.0.201807130628/tools/compiler/bin/../lib/gcc/arm-none-eabi/7.2.1/thumb/v7e-m/fpv4-sp/hard/crtbegin.o
 .ARM.attributes
                0x0000000000000056       0x39 Drivers/STM32F4xx_HAL_Driver/Src/stm32f4xx_hal.o
 .ARM.attributes
                0x000000000000008f       0x39 Drivers/STM32F4xx_HAL_Driver/Src/stm32f4xx_hal_cortex.o
 .ARM.attributes
                0x00000000000000c8       0x39 Drivers/STM32F4xx_HAL_Driver/Src/stm32f4xx_hal_gpio.o
 .ARM.attributes
                0x0000000000000101       0x39 Drivers/STM32F4xx_HAL_Driver/Src/stm32f4xx_hal_rcc.o
 .ARM.attributes
                0x000000000000013a       0x39 Drivers/STM32F4xx_HAL_Driver/Src/stm32f4xx_hal_spi.o
 .ARM.attributes
                0x0000000000000173       0x39 Drivers/STM32F4xx_HAL_Driver/Src/stm32f4xx_hal_uart.o
 .ARM.attributes
                0x00000000000001ac       0x39 Middlewares/ST/BlueNRG-MS/hci/controller/bluenrg_gap_aci.o
 .ARM.attributes
                0x00000000000001e5       0x39 Middlewares/ST/BlueNRG-MS/hci/controller/bluenrg_gatt_aci.o
 .ARM.attributes
                0x000000000000021e       0x39 Middlewares/ST/BlueNRG-MS/hci/controller/bluenrg_hal_aci.o
 .ARM.attributes
                0x0000000000000257       0x39 Middlewares/ST/BlueNRG-MS/hci/controller/bluenrg_utils_small.o
 .ARM.attributes
                0x0000000000000290       0x39 Middlewares/ST/BlueNRG-MS/hci/hci_le.o
 .ARM.attributes
                0x00000000000002c9       0x39 Middlewares/ST/BlueNRG-MS/hci/hci_tl_patterns/Basic/hci_tl.o
 .ARM.attributes
                0x0000000000000302       0x39 Middlewares/ST/BlueNRG-MS/utils/ble_list.o
 .ARM.attributes
                0x000000000000033b       0x39 Src/app_x-cube-ble1.o
 .ARM.attributes
                0x0000000000000374       0x39 Src/gatt_db.o
 .ARM.attributes
                0x00000000000003ad       0x39 Src/hci_tl_interface.o
 .ARM.attributes
                0x00000000000003e6       0x39 Src/main.o
 .ARM.attributes
                0x000000000000041f       0x39 Src/nucleo_f411re_bus.o
 .ARM.attributes
                0x0000000000000458       0x39 Src/sensor.o
 .ARM.attributes
                0x0000000000000491       0x39 Src/stm32f4_nucleo_f411re.o
 .ARM.attributes
                0x00000000000004ca       0x39 Src/stm32f4xx_hal_exti.o
 .ARM.attributes
                0x0000000000000503       0x39 Src/stm32f4xx_hal_msp.o
 .ARM.attributes
                0x000000000000053c       0x39 Src/stm32f4xx_it.o
 .ARM.attributes
                0x0000000000000575       0x39 Src/system_stm32f4xx.o
 .ARM.attributes
                0x00000000000005ae       0x21 startup/startup_stm32f411xe.o
 .ARM.attributes
                0x00000000000005cf       0x22 /home/hosni/Ac6/SystemWorkbench/plugins/fr.ac6.mcu.externaltools.arm-none.linux64_1.16.0.201807130628/tools/compiler/bin/../lib/gcc/arm-none-eabi/7.2.1/thumb/v7e-m/fpv4-sp/hard/libgcc.a(_arm_addsubdf3.o)
 .ARM.attributes
                0x00000000000005f1       0x22 /home/hosni/Ac6/SystemWorkbench/plugins/fr.ac6.mcu.externaltools.arm-none.linux64_1.16.0.201807130628/tools/compiler/bin/../lib/gcc/arm-none-eabi/7.2.1/thumb/v7e-m/fpv4-sp/hard/libgcc.a(_arm_truncdfsf2.o)
 .ARM.attributes
                0x0000000000000613       0x22 /home/hosni/Ac6/SystemWorkbench/plugins/fr.ac6.mcu.externaltools.arm-none.linux64_1.16.0.201807130628/tools/compiler/bin/../lib/gcc/arm-none-eabi/7.2.1/thumb/v7e-m/fpv4-sp/hard/libgcc.a(_aeabi_uldivmod.o)
 .ARM.attributes
                0x0000000000000635       0x34 /home/hosni/Ac6/SystemWorkbench/plugins/fr.ac6.mcu.externaltools.arm-none.linux64_1.16.0.201807130628/tools/compiler/bin/../lib/gcc/arm-none-eabi/7.2.1/thumb/v7e-m/fpv4-sp/hard/libgcc.a(_udivmoddi4.o)
 .ARM.attributes
                0x0000000000000669       0x22 /home/hosni/Ac6/SystemWorkbench/plugins/fr.ac6.mcu.externaltools.arm-none.linux64_1.16.0.201807130628/tools/compiler/bin/../lib/gcc/arm-none-eabi/7.2.1/thumb/v7e-m/fpv4-sp/hard/libgcc.a(_dvmd_tls.o)
 .ARM.attributes
                0x000000000000068b       0x34 /home/hosni/Ac6/SystemWorkbench/plugins/fr.ac6.mcu.externaltools.arm-none.linux64_1.16.0.201807130628/tools/compiler/bin/../lib/gcc/arm-none-eabi/7.2.1/../../../../arm-none-eabi/lib/thumb/v7e-m/fpv4-sp/hard/libc_nano.a(lib_a-impure.o)
 .ARM.attributes
                0x00000000000006bf       0x34 /home/hosni/Ac6/SystemWorkbench/plugins/fr.ac6.mcu.externaltools.arm-none.linux64_1.16.0.201807130628/tools/compiler/bin/../lib/gcc/arm-none-eabi/7.2.1/../../../../arm-none-eabi/lib/thumb/v7e-m/fpv4-sp/hard/libc_nano.a(lib_a-init.o)
 .ARM.attributes
                0x00000000000006f3       0x34 /home/hosni/Ac6/SystemWorkbench/plugins/fr.ac6.mcu.externaltools.arm-none.linux64_1.16.0.201807130628/tools/compiler/bin/../lib/gcc/arm-none-eabi/7.2.1/../../../../arm-none-eabi/lib/thumb/v7e-m/fpv4-sp/hard/libc_nano.a(lib_a-memcpy-stub.o)
 .ARM.attributes
                0x0000000000000727       0x34 /home/hosni/Ac6/SystemWorkbench/plugins/fr.ac6.mcu.externaltools.arm-none.linux64_1.16.0.201807130628/tools/compiler/bin/../lib/gcc/arm-none-eabi/7.2.1/../../../../arm-none-eabi/lib/thumb/v7e-m/fpv4-sp/hard/libc_nano.a(lib_a-memset.o)
 .ARM.attributes
                0x000000000000075b       0x34 /home/hosni/Ac6/SystemWorkbench/plugins/fr.ac6.mcu.externaltools.arm-none.linux64_1.16.0.201807130628/tools/compiler/bin/../lib/gcc/arm-none-eabi/7.2.1/../../../../arm-none-eabi/lib/thumb/v7e-m/fpv4-sp/hard/libc_nano.a(lib_a-rand.o)
 .ARM.attributes
                0x000000000000078f       0x34 /home/hosni/Ac6/SystemWorkbench/plugins/fr.ac6.mcu.externaltools.arm-none.linux64_1.16.0.201807130628/tools/compiler/bin/../lib/gcc/arm-none-eabi/7.2.1/../../../../arm-none-eabi/lib/thumb/v7e-m/fpv4-sp/hard/libc_nano.a(lib_a-sprintf.o)
 .ARM.attributes
                0x00000000000007c3       0x1b /home/hosni/Ac6/SystemWorkbench/plugins/fr.ac6.mcu.externaltools.arm-none.linux64_1.16.0.201807130628/tools/compiler/bin/../lib/gcc/arm-none-eabi/7.2.1/../../../../arm-none-eabi/lib/thumb/v7e-m/fpv4-sp/hard/libc_nano.a(lib_a-strlen.o)
 .ARM.attributes
                0x00000000000007de       0x34 /home/hosni/Ac6/SystemWorkbench/plugins/fr.ac6.mcu.externaltools.arm-none.linux64_1.16.0.201807130628/tools/compiler/bin/../lib/gcc/arm-none-eabi/7.2.1/../../../../arm-none-eabi/lib/thumb/v7e-m/fpv4-sp/hard/libc_nano.a(lib_a-strncpy.o)
 .ARM.attributes
                0x0000000000000812       0x34 /home/hosni/Ac6/SystemWorkbench/plugins/fr.ac6.mcu.externaltools.arm-none.linux64_1.16.0.201807130628/tools/compiler/bin/../lib/gcc/arm-none-eabi/7.2.1/../../../../arm-none-eabi/lib/thumb/v7e-m/fpv4-sp/hard/libc_nano.a(lib_a-malloc.o)
 .ARM.attributes
                0x0000000000000846       0x34 /home/hosni/Ac6/SystemWorkbench/plugins/fr.ac6.mcu.externaltools.arm-none.linux64_1.16.0.201807130628/tools/compiler/bin/../lib/gcc/arm-none-eabi/7.2.1/../../../../arm-none-eabi/lib/thumb/v7e-m/fpv4-sp/hard/libc_nano.a(lib_a-nano-freer.o)
 .ARM.attributes
                0x000000000000087a       0x34 /home/hosni/Ac6/SystemWorkbench/plugins/fr.ac6.mcu.externaltools.arm-none.linux64_1.16.0.201807130628/tools/compiler/bin/../lib/gcc/arm-none-eabi/7.2.1/../../../../arm-none-eabi/lib/thumb/v7e-m/fpv4-sp/hard/libc_nano.a(lib_a-nano-mallocr.o)
 .ARM.attributes
                0x00000000000008ae       0x34 /home/hosni/Ac6/SystemWorkbench/plugins/fr.ac6.mcu.externaltools.arm-none.linux64_1.16.0.201807130628/tools/compiler/bin/../lib/gcc/arm-none-eabi/7.2.1/../../../../arm-none-eabi/lib/thumb/v7e-m/fpv4-sp/hard/libc_nano.a(lib_a-nano-svfprintf.o)
 .ARM.attributes
                0x00000000000008e2       0x34 /home/hosni/Ac6/SystemWorkbench/plugins/fr.ac6.mcu.externaltools.arm-none.linux64_1.16.0.201807130628/tools/compiler/bin/../lib/gcc/arm-none-eabi/7.2.1/../../../../arm-none-eabi/lib/thumb/v7e-m/fpv4-sp/hard/libc_nano.a(lib_a-nano-vfprintf_i.o)
 .ARM.attributes
                0x0000000000000916       0x34 /home/hosni/Ac6/SystemWorkbench/plugins/fr.ac6.mcu.externaltools.arm-none.linux64_1.16.0.201807130628/tools/compiler/bin/../lib/gcc/arm-none-eabi/7.2.1/../../../../arm-none-eabi/lib/thumb/v7e-m/fpv4-sp/hard/libc_nano.a(lib_a-sbrkr.o)
 .ARM.attributes
                0x000000000000094a       0x20 /home/hosni/Ac6/SystemWorkbench/plugins/fr.ac6.mcu.externaltools.arm-none.linux64_1.16.0.201807130628/tools/compiler/bin/../lib/gcc/arm-none-eabi/7.2.1/../../../../arm-none-eabi/lib/thumb/v7e-m/fpv4-sp/hard/libc_nano.a(lib_a-memchr.o)
 .ARM.attributes
                0x000000000000096a       0x34 /home/hosni/Ac6/SystemWorkbench/plugins/fr.ac6.mcu.externaltools.arm-none.linux64_1.16.0.201807130628/tools/compiler/bin/../lib/gcc/arm-none-eabi/7.2.1/../../../../arm-none-eabi/lib/thumb/v7e-m/fpv4-sp/hard/libc_nano.a(lib_a-memmove.o)
 .ARM.attributes
                0x000000000000099e       0x34 /home/hosni/Ac6/SystemWorkbench/plugins/fr.ac6.mcu.externaltools.arm-none.linux64_1.16.0.201807130628/tools/compiler/bin/../lib/gcc/arm-none-eabi/7.2.1/../../../../arm-none-eabi/lib/thumb/v7e-m/fpv4-sp/hard/libc_nano.a(lib_a-mlock.o)
 .ARM.attributes
                0x00000000000009d2       0x34 /home/hosni/Ac6/SystemWorkbench/plugins/fr.ac6.mcu.externaltools.arm-none.linux64_1.16.0.201807130628/tools/compiler/bin/../lib/gcc/arm-none-eabi/7.2.1/../../../../arm-none-eabi/lib/thumb/v7e-m/fpv4-sp/hard/libc_nano.a(lib_a-nano-reallocr.o)
 .ARM.attributes
                0x0000000000000a06       0x34 /home/hosni/Ac6/SystemWorkbench/plugins/fr.ac6.mcu.externaltools.arm-none.linux64_1.16.0.201807130628/tools/compiler/bin/../lib/gcc/arm-none-eabi/7.2.1/../../../../arm-none-eabi/lib/thumb/v7e-m/fpv4-sp/hard/libc_nano.a(lib_a-reent.o)
 .ARM.attributes
                0x0000000000000a3a       0x34 /home/hosni/Ac6/SystemWorkbench/plugins/fr.ac6.mcu.externaltools.arm-none.linux64_1.16.0.201807130628/tools/compiler/bin/../lib/gcc/arm-none-eabi/7.2.1/../../../../arm-none-eabi/lib/thumb/v7e-m/fpv4-sp/hard/libc_nano.a(lib_a-nano-msizer.o)
 .ARM.attributes
                0x0000000000000a6e       0x34 /home/hosni/Ac6/SystemWorkbench/plugins/fr.ac6.mcu.externaltools.arm-none.linux64_1.16.0.201807130628/tools/compiler/bin/../lib/gcc/arm-none-eabi/7.2.1/../../../../arm-none-eabi/lib/thumb/v7e-m/fpv4-sp/hard/libnosys.a(sbrk.o)
 .ARM.attributes
                0x0000000000000aa2       0x22 /home/hosni/Ac6/SystemWorkbench/plugins/fr.ac6.mcu.externaltools.arm-none.linux64_1.16.0.201807130628/tools/compiler/bin/../lib/gcc/arm-none-eabi/7.2.1/thumb/v7e-m/fpv4-sp/hard/crtn.o
OUTPUT(ST_Nucleo_f411.elf elf32-littlearm)

.debug_info     0x0000000000000000    0x20fbc
 .debug_info    0x0000000000000000     0x116d Drivers/STM32F4xx_HAL_Driver/Src/stm32f4xx_hal.o
 .debug_info    0x000000000000116d     0x16c5 Drivers/STM32F4xx_HAL_Driver/Src/stm32f4xx_hal_cortex.o
 .debug_info    0x0000000000002832      0xfbb Drivers/STM32F4xx_HAL_Driver/Src/stm32f4xx_hal_gpio.o
 .debug_info    0x00000000000037ed     0x1285 Drivers/STM32F4xx_HAL_Driver/Src/stm32f4xx_hal_rcc.o
 .debug_info    0x0000000000004a72     0x21ff Drivers/STM32F4xx_HAL_Driver/Src/stm32f4xx_hal_spi.o
 .debug_info    0x0000000000006c71     0x1f12 Drivers/STM32F4xx_HAL_Driver/Src/stm32f4xx_hal_uart.o
 .debug_info    0x0000000000008b83     0x2f3e Middlewares/ST/BlueNRG-MS/hci/controller/bluenrg_gap_aci.o
 .debug_info    0x000000000000bac1     0x3285 Middlewares/ST/BlueNRG-MS/hci/controller/bluenrg_gatt_aci.o
 .debug_info    0x000000000000ed46     0x101f Middlewares/ST/BlueNRG-MS/hci/controller/bluenrg_hal_aci.o
 .debug_info    0x000000000000fd65      0xb71 Middlewares/ST/BlueNRG-MS/hci/controller/bluenrg_utils_small.o
 .debug_info    0x00000000000108d6     0x211f Middlewares/ST/BlueNRG-MS/hci/hci_le.o
 .debug_info    0x00000000000129f5     0x13d3 Middlewares/ST/BlueNRG-MS/hci/hci_tl_patterns/Basic/hci_tl.o
 .debug_info    0x0000000000013dc8      0xfb1 Middlewares/ST/BlueNRG-MS/utils/ble_list.o
 .debug_info    0x0000000000014d79     0x1606 Src/app_x-cube-ble1.o
 .debug_info    0x000000000001637f     0x11a6 Src/gatt_db.o
 .debug_info    0x0000000000017525     0x1452 Src/hci_tl_interface.o
 .debug_info    0x0000000000018977     0x172f Src/main.o
 .debug_info    0x000000000001a0a6     0x14da Src/nucleo_f411re_bus.o
 .debug_info    0x000000000001b580     0x10bc Src/sensor.o
 .debug_info    0x000000000001c63c     0x1b52 Src/stm32f4_nucleo_f411re.o
 .debug_info    0x000000000001e18e      0xaeb Src/stm32f4xx_hal_exti.o
 .debug_info    0x000000000001ec79      0xb7f Src/stm32f4xx_hal_msp.o
 .debug_info    0x000000000001f7f8      0xa4f Src/stm32f4xx_it.o
 .debug_info    0x0000000000020247      0xd53 Src/system_stm32f4xx.o
 .debug_info    0x0000000000020f9a       0x22 startup/startup_stm32f411xe.o

.debug_abbrev   0x0000000000000000     0x41f4
 .debug_abbrev  0x0000000000000000      0x2e5 Drivers/STM32F4xx_HAL_Driver/Src/stm32f4xx_hal.o
 .debug_abbrev  0x00000000000002e5      0x3d6 Drivers/STM32F4xx_HAL_Driver/Src/stm32f4xx_hal_cortex.o
 .debug_abbrev  0x00000000000006bb      0x2a7 Drivers/STM32F4xx_HAL_Driver/Src/stm32f4xx_hal_gpio.o
 .debug_abbrev  0x0000000000000962      0x333 Drivers/STM32F4xx_HAL_Driver/Src/stm32f4xx_hal_rcc.o
 .debug_abbrev  0x0000000000000c95      0x2f2 Drivers/STM32F4xx_HAL_Driver/Src/stm32f4xx_hal_spi.o
 .debug_abbrev  0x0000000000000f87      0x344 Drivers/STM32F4xx_HAL_Driver/Src/stm32f4xx_hal_uart.o
 .debug_abbrev  0x00000000000012cb      0x291 Middlewares/ST/BlueNRG-MS/hci/controller/bluenrg_gap_aci.o
 .debug_abbrev  0x000000000000155c      0x296 Middlewares/ST/BlueNRG-MS/hci/controller/bluenrg_gatt_aci.o
 .debug_abbrev  0x00000000000017f2      0x262 Middlewares/ST/BlueNRG-MS/hci/controller/bluenrg_hal_aci.o
 .debug_abbrev  0x0000000000001a54      0x1fb Middlewares/ST/BlueNRG-MS/hci/controller/bluenrg_utils_small.o
 .debug_abbrev  0x0000000000001c4f      0x291 Middlewares/ST/BlueNRG-MS/hci/hci_le.o
 .debug_abbrev  0x0000000000001ee0      0x383 Middlewares/ST/BlueNRG-MS/hci/hci_tl_patterns/Basic/hci_tl.o
 .debug_abbrev  0x0000000000002263      0x2bb Middlewares/ST/BlueNRG-MS/utils/ble_list.o
 .debug_abbrev  0x000000000000251e      0x2e6 Src/app_x-cube-ble1.o
 .debug_abbrev  0x0000000000002804      0x2ed Src/gatt_db.o
 .debug_abbrev  0x0000000000002af1      0x2e7 Src/hci_tl_interface.o
 .debug_abbrev  0x0000000000002dd8      0x2e2 Src/main.o
 .debug_abbrev  0x00000000000030ba      0x2d9 Src/nucleo_f411re_bus.o
 .debug_abbrev  0x0000000000003393      0x2ce Src/sensor.o
 .debug_abbrev  0x0000000000003661      0x352 Src/stm32f4_nucleo_f411re.o
 .debug_abbrev  0x00000000000039b3      0x23f Src/stm32f4xx_hal_exti.o
 .debug_abbrev  0x0000000000003bf2      0x204 Src/stm32f4xx_hal_msp.o
 .debug_abbrev  0x0000000000003df6      0x1e7 Src/stm32f4xx_it.o
 .debug_abbrev  0x0000000000003fdd      0x205 Src/system_stm32f4xx.o
 .debug_abbrev  0x00000000000041e2       0x12 startup/startup_stm32f411xe.o

.debug_loc      0x0000000000000000     0xaa74
 .debug_loc     0x0000000000000000       0xfd Drivers/STM32F4xx_HAL_Driver/Src/stm32f4xx_hal.o
 .debug_loc     0x00000000000000fd      0x5ce Drivers/STM32F4xx_HAL_Driver/Src/stm32f4xx_hal_cortex.o
 .debug_loc     0x00000000000006cb      0x469 Drivers/STM32F4xx_HAL_Driver/Src/stm32f4xx_hal_gpio.o
 .debug_loc     0x0000000000000b34      0x3f1 Drivers/STM32F4xx_HAL_Driver/Src/stm32f4xx_hal_rcc.o
 .debug_loc     0x0000000000000f25     0x1937 Drivers/STM32F4xx_HAL_Driver/Src/stm32f4xx_hal_spi.o
 .debug_loc     0x000000000000285c     0x158b Drivers/STM32F4xx_HAL_Driver/Src/stm32f4xx_hal_uart.o
 .debug_loc     0x0000000000003de7     0x212c Middlewares/ST/BlueNRG-MS/hci/controller/bluenrg_gap_aci.o
 .debug_loc     0x0000000000005f13     0x2a09 Middlewares/ST/BlueNRG-MS/hci/controller/bluenrg_gatt_aci.o
 .debug_loc     0x000000000000891c      0x308 Middlewares/ST/BlueNRG-MS/hci/controller/bluenrg_hal_aci.o
 .debug_loc     0x0000000000008c24       0x3c Middlewares/ST/BlueNRG-MS/hci/controller/bluenrg_utils_small.o
 .debug_loc     0x0000000000008c60      0x983 Middlewares/ST/BlueNRG-MS/hci/hci_le.o
 .debug_loc     0x00000000000095e3      0x491 Middlewares/ST/BlueNRG-MS/hci/hci_tl_patterns/Basic/hci_tl.o
 .debug_loc     0x0000000000009a74      0x131 Middlewares/ST/BlueNRG-MS/utils/ble_list.o
 .debug_loc     0x0000000000009ba5      0x10a Src/app_x-cube-ble1.o
 .debug_loc     0x0000000000009caf      0x253 Src/gatt_db.o
 .debug_loc     0x0000000000009f02      0x189 Src/hci_tl_interface.o
 .debug_loc     0x000000000000a08b      0x24a Src/nucleo_f411re_bus.o
 .debug_loc     0x000000000000a2d5      0x2eb Src/sensor.o
 .debug_loc     0x000000000000a5c0      0x280 Src/stm32f4_nucleo_f411re.o
 .debug_loc     0x000000000000a840       0xf6 Src/stm32f4xx_hal_exti.o
 .debug_loc     0x000000000000a936      0x13e Src/system_stm32f4xx.o

.debug_aranges  0x0000000000000000      0xec8
 .debug_aranges
                0x0000000000000000       0xe0 Drivers/STM32F4xx_HAL_Driver/Src/stm32f4xx_hal.o
 .debug_aranges
                0x00000000000000e0       0xa8 Drivers/STM32F4xx_HAL_Driver/Src/stm32f4xx_hal_cortex.o
 .debug_aranges
                0x0000000000000188       0x58 Drivers/STM32F4xx_HAL_Driver/Src/stm32f4xx_hal_gpio.o
 .debug_aranges
                0x00000000000001e0       0x88 Drivers/STM32F4xx_HAL_Driver/Src/stm32f4xx_hal_rcc.o
 .debug_aranges
                0x0000000000000268      0x1c8 Drivers/STM32F4xx_HAL_Driver/Src/stm32f4xx_hal_spi.o
 .debug_aranges
                0x0000000000000430      0x1d0 Drivers/STM32F4xx_HAL_Driver/Src/stm32f4xx_hal_uart.o
 .debug_aranges
                0x0000000000000600      0x168 Middlewares/ST/BlueNRG-MS/hci/controller/bluenrg_gap_aci.o
 .debug_aranges
                0x0000000000000768      0x178 Middlewares/ST/BlueNRG-MS/hci/controller/bluenrg_gatt_aci.o
 .debug_aranges
                0x00000000000008e0       0x68 Middlewares/ST/BlueNRG-MS/hci/controller/bluenrg_hal_aci.o
 .debug_aranges
                0x0000000000000948       0x20 Middlewares/ST/BlueNRG-MS/hci/controller/bluenrg_utils_small.o
 .debug_aranges
                0x0000000000000968      0x110 Middlewares/ST/BlueNRG-MS/hci/hci_le.o
 .debug_aranges
                0x0000000000000a78       0x60 Middlewares/ST/BlueNRG-MS/hci/hci_tl_patterns/Basic/hci_tl.o
 .debug_aranges
                0x0000000000000ad8       0x78 Middlewares/ST/BlueNRG-MS/utils/ble_list.o
 .debug_aranges
                0x0000000000000b50       0x40 Src/app_x-cube-ble1.o
 .debug_aranges
                0x0000000000000b90       0x58 Src/gatt_db.o
 .debug_aranges
                0x0000000000000be8       0x58 Src/hci_tl_interface.o
 .debug_aranges
                0x0000000000000c40       0x38 Src/main.o
 .debug_aranges
                0x0000000000000c78       0x60 Src/nucleo_f411re_bus.o
 .debug_aranges
                0x0000000000000cd8       0x38 Src/sensor.o
 .debug_aranges
                0x0000000000000d10       0xb0 Src/stm32f4_nucleo_f411re.o
 .debug_aranges
                0x0000000000000dc0       0x30 Src/stm32f4xx_hal_exti.o
 .debug_aranges
                0x0000000000000df0       0x20 Src/stm32f4xx_hal_msp.o
 .debug_aranges
                0x0000000000000e10       0x68 Src/stm32f4xx_it.o
 .debug_aranges
                0x0000000000000e78       0x28 Src/system_stm32f4xx.o
 .debug_aranges
                0x0000000000000ea0       0x28 startup/startup_stm32f411xe.o

.debug_ranges   0x0000000000000000      0xdf0
 .debug_ranges  0x0000000000000000       0xd0 Drivers/STM32F4xx_HAL_Driver/Src/stm32f4xx_hal.o
 .debug_ranges  0x00000000000000d0       0xf8 Drivers/STM32F4xx_HAL_Driver/Src/stm32f4xx_hal_cortex.o
 .debug_ranges  0x00000000000001c8       0x48 Drivers/STM32F4xx_HAL_Driver/Src/stm32f4xx_hal_gpio.o
 .debug_ranges  0x0000000000000210       0x90 Drivers/STM32F4xx_HAL_Driver/Src/stm32f4xx_hal_rcc.o
 .debug_ranges  0x00000000000002a0      0x1b8 Drivers/STM32F4xx_HAL_Driver/Src/stm32f4xx_hal_spi.o
 .debug_ranges  0x0000000000000458      0x1c0 Drivers/STM32F4xx_HAL_Driver/Src/stm32f4xx_hal_uart.o
 .debug_ranges  0x0000000000000618      0x158 Middlewares/ST/BlueNRG-MS/hci/controller/bluenrg_gap_aci.o
 .debug_ranges  0x0000000000000770      0x168 Middlewares/ST/BlueNRG-MS/hci/controller/bluenrg_gatt_aci.o
 .debug_ranges  0x00000000000008d8       0x58 Middlewares/ST/BlueNRG-MS/hci/controller/bluenrg_hal_aci.o
 .debug_ranges  0x0000000000000930       0x10 Middlewares/ST/BlueNRG-MS/hci/controller/bluenrg_utils_small.o
 .debug_ranges  0x0000000000000940      0x100 Middlewares/ST/BlueNRG-MS/hci/hci_le.o
 .debug_ranges  0x0000000000000a40       0x70 Middlewares/ST/BlueNRG-MS/hci/hci_tl_patterns/Basic/hci_tl.o
 .debug_ranges  0x0000000000000ab0       0x68 Middlewares/ST/BlueNRG-MS/utils/ble_list.o
 .debug_ranges  0x0000000000000b18       0x30 Src/app_x-cube-ble1.o
 .debug_ranges  0x0000000000000b48       0x48 Src/gatt_db.o
 .debug_ranges  0x0000000000000b90       0x48 Src/hci_tl_interface.o
 .debug_ranges  0x0000000000000bd8       0x28 Src/main.o
 .debug_ranges  0x0000000000000c00       0x50 Src/nucleo_f411re_bus.o
 .debug_ranges  0x0000000000000c50       0x40 Src/sensor.o
 .debug_ranges  0x0000000000000c90       0xa0 Src/stm32f4_nucleo_f411re.o
 .debug_ranges  0x0000000000000d30       0x20 Src/stm32f4xx_hal_exti.o
 .debug_ranges  0x0000000000000d50       0x10 Src/stm32f4xx_hal_msp.o
 .debug_ranges  0x0000000000000d60       0x58 Src/stm32f4xx_it.o
 .debug_ranges  0x0000000000000db8       0x18 Src/system_stm32f4xx.o
 .debug_ranges  0x0000000000000dd0       0x20 startup/startup_stm32f411xe.o

.debug_macro    0x0000000000000000    0x1b9d7
 .debug_macro   0x0000000000000000      0x372 Drivers/STM32F4xx_HAL_Driver/Src/stm32f4xx_hal.o
 .debug_macro   0x0000000000000372      0xa60 Drivers/STM32F4xx_HAL_Driver/Src/stm32f4xx_hal.o
 .debug_macro   0x0000000000000dd2      0x18c Drivers/STM32F4xx_HAL_Driver/Src/stm32f4xx_hal.o
 .debug_macro   0x0000000000000f5e       0x32 Drivers/STM32F4xx_HAL_Driver/Src/stm32f4xx_hal.o
 .debug_macro   0x0000000000000f90       0x28 Drivers/STM32F4xx_HAL_Driver/Src/stm32f4xx_hal.o
 .debug_macro   0x0000000000000fb8       0x22 Drivers/STM32F4xx_HAL_Driver/Src/stm32f4xx_hal.o
 .debug_macro   0x0000000000000fda       0x87 Drivers/STM32F4xx_HAL_Driver/Src/stm32f4xx_hal.o
 .debug_macro   0x0000000000001061       0x51 Drivers/STM32F4xx_HAL_Driver/Src/stm32f4xx_hal.o
 .debug_macro   0x00000000000010b2       0xef Drivers/STM32F4xx_HAL_Driver/Src/stm32f4xx_hal.o
 .debug_macro   0x00000000000011a1       0x6a Drivers/STM32F4xx_HAL_Driver/Src/stm32f4xx_hal.o
 .debug_macro   0x000000000000120b      0x1df Drivers/STM32F4xx_HAL_Driver/Src/stm32f4xx_hal.o
 .debug_macro   0x00000000000013ea       0x35 Drivers/STM32F4xx_HAL_Driver/Src/stm32f4xx_hal.o
 .debug_macro   0x000000000000141f       0x50 Drivers/STM32F4xx_HAL_Driver/Src/stm32f4xx_hal.o
 .debug_macro   0x000000000000146f      0xe66 Drivers/STM32F4xx_HAL_Driver/Src/stm32f4xx_hal.o
 .debug_macro   0x00000000000022d5     0xb803 Drivers/STM32F4xx_HAL_Driver/Src/stm32f4xx_hal.o
 .debug_macro   0x000000000000dad8       0x43 Drivers/STM32F4xx_HAL_Driver/Src/stm32f4xx_hal.o
 .debug_macro   0x000000000000db1b     0x3535 Drivers/STM32F4xx_HAL_Driver/Src/stm32f4xx_hal.o
 .debug_macro   0x0000000000011050       0x58 Drivers/STM32F4xx_HAL_Driver/Src/stm32f4xx_hal.o
 .debug_macro   0x00000000000110a8       0x17 Drivers/STM32F4xx_HAL_Driver/Src/stm32f4xx_hal.o
 .debug_macro   0x00000000000110bf       0x35 Drivers/STM32F4xx_HAL_Driver/Src/stm32f4xx_hal.o
 .debug_macro   0x00000000000110f4       0x9c Drivers/STM32F4xx_HAL_Driver/Src/stm32f4xx_hal.o
 .debug_macro   0x0000000000011190       0x16 Drivers/STM32F4xx_HAL_Driver/Src/stm32f4xx_hal.o
 .debug_macro   0x00000000000111a6       0x97 Drivers/STM32F4xx_HAL_Driver/Src/stm32f4xx_hal.o
 .debug_macro   0x000000000001123d      0x330 Drivers/STM32F4xx_HAL_Driver/Src/stm32f4xx_hal.o
 .debug_macro   0x000000000001156d       0xfd Drivers/STM32F4xx_HAL_Driver/Src/stm32f4xx_hal.o
 .debug_macro   0x000000000001166a       0x10 Drivers/STM32F4xx_HAL_Driver/Src/stm32f4xx_hal.o
 .debug_macro   0x000000000001167a       0x58 Drivers/STM32F4xx_HAL_Driver/Src/stm32f4xx_hal.o
 .debug_macro   0x00000000000116d2       0x1f Drivers/STM32F4xx_HAL_Driver/Src/stm32f4xx_hal.o
 .debug_macro   0x00000000000116f1       0x43 Drivers/STM32F4xx_HAL_Driver/Src/stm32f4xx_hal.o
 .debug_macro   0x0000000000011734       0x20 Drivers/STM32F4xx_HAL_Driver/Src/stm32f4xx_hal.o
 .debug_macro   0x0000000000011754      0x18e Drivers/STM32F4xx_HAL_Driver/Src/stm32f4xx_hal.o
 .debug_macro   0x00000000000118e2       0x10 Drivers/STM32F4xx_HAL_Driver/Src/stm32f4xx_hal.o
 .debug_macro   0x00000000000118f2       0x1c Drivers/STM32F4xx_HAL_Driver/Src/stm32f4xx_hal.o
 .debug_macro   0x000000000001190e       0x52 Drivers/STM32F4xx_HAL_Driver/Src/stm32f4xx_hal.o
 .debug_macro   0x0000000000011960       0x40 Drivers/STM32F4xx_HAL_Driver/Src/stm32f4xx_hal.o
 .debug_macro   0x00000000000119a0       0x10 Drivers/STM32F4xx_HAL_Driver/Src/stm32f4xx_hal.o
 .debug_macro   0x00000000000119b0       0x40 Drivers/STM32F4xx_HAL_Driver/Src/stm32f4xx_hal.o
 .debug_macro   0x00000000000119f0       0xd7 Drivers/STM32F4xx_HAL_Driver/Src/stm32f4xx_hal.o
 .debug_macro   0x0000000000011ac7       0x1c Drivers/STM32F4xx_HAL_Driver/Src/stm32f4xx_hal.o
 .debug_macro   0x0000000000011ae3       0x3d Drivers/STM32F4xx_HAL_Driver/Src/stm32f4xx_hal.o
 .debug_macro   0x0000000000011b20       0x16 Drivers/STM32F4xx_HAL_Driver/Src/stm32f4xx_hal.o
 .debug_macro   0x0000000000011b36      0x16f Drivers/STM32F4xx_HAL_Driver/Src/stm32f4xx_hal.o
 .debug_macro   0x0000000000011ca5       0x50 Drivers/STM32F4xx_HAL_Driver/Src/stm32f4xx_hal.o
 .debug_macro   0x0000000000011cf5      0x447 Drivers/STM32F4xx_HAL_Driver/Src/stm32f4xx_hal.o
 .debug_macro   0x000000000001213c      0xa02 Drivers/STM32F4xx_HAL_Driver/Src/stm32f4xx_hal.o
 .debug_macro   0x0000000000012b3e      0x131 Drivers/STM32F4xx_HAL_Driver/Src/stm32f4xx_hal.o
 .debug_macro   0x0000000000012c6f      0x11e Drivers/STM32F4xx_HAL_Driver/Src/stm32f4xx_hal.o
 .debug_macro   0x0000000000012d8d      0x11b Drivers/STM32F4xx_HAL_Driver/Src/stm32f4xx_hal.o
 .debug_macro   0x0000000000012ea8       0x27 Drivers/STM32F4xx_HAL_Driver/Src/stm32f4xx_hal.o
 .debug_macro   0x0000000000012ecf      0x287 Drivers/STM32F4xx_HAL_Driver/Src/stm32f4xx_hal.o
 .debug_macro   0x0000000000013156       0x5f Drivers/STM32F4xx_HAL_Driver/Src/stm32f4xx_hal.o
 .debug_macro   0x00000000000131b5      0x23a Drivers/STM32F4xx_HAL_Driver/Src/stm32f4xx_hal.o
 .debug_macro   0x00000000000133ef      0x13a Drivers/STM32F4xx_HAL_Driver/Src/stm32f4xx_hal.o
 .debug_macro   0x0000000000013529      0x264 Drivers/STM32F4xx_HAL_Driver/Src/stm32f4xx_hal.o
 .debug_macro   0x000000000001378d       0x2e Drivers/STM32F4xx_HAL_Driver/Src/stm32f4xx_hal.o
 .debug_macro   0x00000000000137bb      0x11e Drivers/STM32F4xx_HAL_Driver/Src/stm32f4xx_hal.o
 .debug_macro   0x00000000000138d9       0x85 Drivers/STM32F4xx_HAL_Driver/Src/stm32f4xx_hal.o
 .debug_macro   0x000000000001395e       0x89 Drivers/STM32F4xx_HAL_Driver/Src/stm32f4xx_hal.o
 .debug_macro   0x00000000000139e7      0x202 Drivers/STM32F4xx_HAL_Driver/Src/stm32f4xx_hal.o
 .debug_macro   0x0000000000013be9      0x287 Drivers/STM32F4xx_HAL_Driver/Src/stm32f4xx_hal.o
 .debug_macro   0x0000000000013e70      0x12d Drivers/STM32F4xx_HAL_Driver/Src/stm32f4xx_hal.o
 .debug_macro   0x0000000000013f9d      0x312 Drivers/STM32F4xx_HAL_Driver/Src/stm32f4xx_hal_cortex.o
 .debug_macro   0x00000000000142af      0x34a Drivers/STM32F4xx_HAL_Driver/Src/stm32f4xx_hal_gpio.o
 .debug_macro   0x00000000000145f9      0x336 Drivers/STM32F4xx_HAL_Driver/Src/stm32f4xx_hal_rcc.o
 .debug_macro   0x000000000001492f      0x31a Drivers/STM32F4xx_HAL_Driver/Src/stm32f4xx_hal_spi.o
 .debug_macro   0x0000000000014c49      0x313 Drivers/STM32F4xx_HAL_Driver/Src/stm32f4xx_hal_uart.o
 .debug_macro   0x0000000000014f5c      0x407 Middlewares/ST/BlueNRG-MS/hci/controller/bluenrg_gap_aci.o
 .debug_macro   0x0000000000015363       0x9b Middlewares/ST/BlueNRG-MS/hci/controller/bluenrg_gap_aci.o
 .debug_macro   0x00000000000153fe       0x16 Middlewares/ST/BlueNRG-MS/hci/controller/bluenrg_gap_aci.o
 .debug_macro   0x0000000000015414       0x3a Middlewares/ST/BlueNRG-MS/hci/controller/bluenrg_gap_aci.o
 .debug_macro   0x000000000001544e       0x3b Middlewares/ST/BlueNRG-MS/hci/controller/bluenrg_gap_aci.o
 .debug_macro   0x0000000000015489       0x16 Middlewares/ST/BlueNRG-MS/hci/controller/bluenrg_gap_aci.o
 .debug_macro   0x000000000001549f       0x35 Middlewares/ST/BlueNRG-MS/hci/controller/bluenrg_gap_aci.o
 .debug_macro   0x00000000000154d4       0x88 Middlewares/ST/BlueNRG-MS/hci/controller/bluenrg_gap_aci.o
 .debug_macro   0x000000000001555c       0x1c Middlewares/ST/BlueNRG-MS/hci/controller/bluenrg_gap_aci.o
 .debug_macro   0x0000000000015578      0x37e Middlewares/ST/BlueNRG-MS/hci/controller/bluenrg_gap_aci.o
 .debug_macro   0x00000000000158f6      0x174 Middlewares/ST/BlueNRG-MS/hci/controller/bluenrg_gap_aci.o
 .debug_macro   0x0000000000015a6a      0x4bd Middlewares/ST/BlueNRG-MS/hci/controller/bluenrg_gap_aci.o
 .debug_macro   0x0000000000015f27       0x50 Middlewares/ST/BlueNRG-MS/hci/controller/bluenrg_gap_aci.o
 .debug_macro   0x0000000000015f77      0x1b4 Middlewares/ST/BlueNRG-MS/hci/controller/bluenrg_gap_aci.o
 .debug_macro   0x000000000001612b      0x407 Middlewares/ST/BlueNRG-MS/hci/controller/bluenrg_gatt_aci.o
 .debug_macro   0x0000000000016532       0xab Middlewares/ST/BlueNRG-MS/hci/controller/bluenrg_gatt_aci.o
 .debug_macro   0x00000000000165dd      0x407 Middlewares/ST/BlueNRG-MS/hci/controller/bluenrg_hal_aci.o
 .debug_macro   0x00000000000169e4      0x264 Middlewares/ST/BlueNRG-MS/hci/controller/bluenrg_hal_aci.o
 .debug_macro   0x0000000000016c48      0x42a Middlewares/ST/BlueNRG-MS/hci/controller/bluenrg_utils_small.o
 .debug_macro   0x0000000000017072      0x172 Middlewares/ST/BlueNRG-MS/hci/controller/bluenrg_utils_small.o
 .debug_macro   0x00000000000171e4      0x3d4 Middlewares/ST/BlueNRG-MS/hci/hci_le.o
 .debug_macro   0x00000000000175b8      0x176 Middlewares/ST/BlueNRG-MS/hci/hci_le.o
 .debug_macro   0x000000000001772e      0x16c Middlewares/ST/BlueNRG-MS/hci/hci_le.o
 .debug_macro   0x000000000001789a      0x3ed Middlewares/ST/BlueNRG-MS/hci/hci_tl_patterns/Basic/hci_tl.o
 .debug_macro   0x0000000000017c87      0x320 Middlewares/ST/BlueNRG-MS/utils/ble_list.o
 .debug_macro   0x0000000000017fa7      0x4a1 Src/app_x-cube-ble1.o
 .debug_macro   0x0000000000018448       0x22 Src/app_x-cube-ble1.o
 .debug_macro   0x000000000001846a       0x16 Src/app_x-cube-ble1.o
 .debug_macro   0x0000000000018480       0x16 Src/app_x-cube-ble1.o
 .debug_macro   0x0000000000018496       0x29 Src/app_x-cube-ble1.o
 .debug_macro   0x00000000000184bf       0x22 Src/app_x-cube-ble1.o
 .debug_macro   0x00000000000184e1       0x52 Src/app_x-cube-ble1.o
 .debug_macro   0x0000000000018533       0xdb Src/app_x-cube-ble1.o
 .debug_macro   0x000000000001860e      0x1ba Src/app_x-cube-ble1.o
 .debug_macro   0x00000000000187c8       0xa5 Src/app_x-cube-ble1.o
 .debug_macro   0x000000000001886d       0xdd Src/app_x-cube-ble1.o
 .debug_macro   0x000000000001894a      0x6e0 Src/app_x-cube-ble1.o
 .debug_macro   0x000000000001902a       0x59 Src/app_x-cube-ble1.o
 .debug_macro   0x0000000000019083      0x14d Src/app_x-cube-ble1.o
 .debug_macro   0x00000000000191d0      0x411 Src/gatt_db.o
 .debug_macro   0x00000000000195e1       0x52 Src/gatt_db.o
 .debug_macro   0x0000000000019633       0x8d Src/gatt_db.o
 .debug_macro   0x00000000000196c0       0x57 Src/gatt_db.o
 .debug_macro   0x0000000000019717       0x4c Src/gatt_db.o
 .debug_macro   0x0000000000019763       0x28 Src/gatt_db.o
 .debug_macro   0x000000000001978b      0x16e Src/gatt_db.o
 .debug_macro   0x00000000000198f9      0x396 Src/hci_tl_interface.o
 .debug_macro   0x0000000000019c8f       0x1c Src/hci_tl_interface.o
 .debug_macro   0x0000000000019cab       0x58 Src/hci_tl_interface.o
 .debug_macro   0x0000000000019d03      0x33e Src/main.o
 .debug_macro   0x000000000001a041       0x4c Src/main.o
 .debug_macro   0x000000000001a08d      0x324 Src/nucleo_f411re_bus.o
 .debug_macro   0x000000000001a3b1       0x4c Src/nucleo_f411re_bus.o
 .debug_macro   0x000000000001a3fd      0x461 Src/sensor.o
 .debug_macro   0x000000000001a85e       0x1c Src/sensor.o
 .debug_macro   0x000000000001a87a       0x52 Src/sensor.o
 .debug_macro   0x000000000001a8cc      0x356 Src/stm32f4_nucleo_f411re.o
 .debug_macro   0x000000000001ac22      0x31c Src/stm32f4xx_hal_exti.o
 .debug_macro   0x000000000001af3e      0x12b Src/stm32f4xx_hal_exti.o
 .debug_macro   0x000000000001b069      0x321 Src/stm32f4xx_hal_msp.o
 .debug_macro   0x000000000001b38a      0x32b Src/stm32f4xx_it.o
 .debug_macro   0x000000000001b6b5      0x322 Src/system_stm32f4xx.o

.debug_line     0x0000000000000000    0x11cad
 .debug_line    0x0000000000000000      0xa6d Drivers/STM32F4xx_HAL_Driver/Src/stm32f4xx_hal.o
 .debug_line    0x0000000000000a6d      0xac8 Drivers/STM32F4xx_HAL_Driver/Src/stm32f4xx_hal_cortex.o
 .debug_line    0x0000000000001535      0x9f2 Drivers/STM32F4xx_HAL_Driver/Src/stm32f4xx_hal_gpio.o
 .debug_line    0x0000000000001f27      0xb04 Drivers/STM32F4xx_HAL_Driver/Src/stm32f4xx_hal_rcc.o
 .debug_line    0x0000000000002a2b     0x1280 Drivers/STM32F4xx_HAL_Driver/Src/stm32f4xx_hal_spi.o
 .debug_line    0x0000000000003cab     0x1198 Drivers/STM32F4xx_HAL_Driver/Src/stm32f4xx_hal_uart.o
 .debug_line    0x0000000000004e43     0x1092 Middlewares/ST/BlueNRG-MS/hci/controller/bluenrg_gap_aci.o
 .debug_line    0x0000000000005ed5     0x1177 Middlewares/ST/BlueNRG-MS/hci/controller/bluenrg_gatt_aci.o
 .debug_line    0x000000000000704c      0xc63 Middlewares/ST/BlueNRG-MS/hci/controller/bluenrg_hal_aci.o
 .debug_line    0x0000000000007caf      0xbba Middlewares/ST/BlueNRG-MS/hci/controller/bluenrg_utils_small.o
 .debug_line    0x0000000000008869      0xe6f Middlewares/ST/BlueNRG-MS/hci/hci_le.o
 .debug_line    0x00000000000096d8      0xc2e Middlewares/ST/BlueNRG-MS/hci/hci_tl_patterns/Basic/hci_tl.o
 .debug_line    0x000000000000a306      0xaa5 Middlewares/ST/BlueNRG-MS/utils/ble_list.o
 .debug_line    0x000000000000adab      0xc8f Src/app_x-cube-ble1.o
 .debug_line    0x000000000000ba3a      0xa9a Src/gatt_db.o
 .debug_line    0x000000000000c4d4      0xb73 Src/hci_tl_interface.o
 .debug_line    0x000000000000d047      0x923 Src/main.o
 .debug_line    0x000000000000d96a      0x97d Src/nucleo_f411re_bus.o
 .debug_line    0x000000000000e2e7      0xbe6 Src/sensor.o
 .debug_line    0x000000000000eecd      0xa31 Src/stm32f4_nucleo_f411re.o
 .debug_line    0x000000000000f8fe      0x8bf Src/stm32f4xx_hal_exti.o
 .debug_line    0x00000000000101bd      0x88e Src/stm32f4xx_hal_msp.o
 .debug_line    0x0000000000010a4b      0x92f Src/stm32f4xx_it.o
 .debug_line    0x000000000001137a      0x8b4 Src/system_stm32f4xx.o
 .debug_line    0x0000000000011c2e       0x7f startup/startup_stm32f411xe.o

.debug_str      0x0000000000000000    0x92486
 .debug_str     0x0000000000000000    0x8097f Drivers/STM32F4xx_HAL_Driver/Src/stm32f4xx_hal.o
                                      0x80d7f (size before relaxing)
 .debug_str     0x000000000008097f      0x3ae Drivers/STM32F4xx_HAL_Driver/Src/stm32f4xx_hal_cortex.o
                                      0x80aaf (size before relaxing)
 .debug_str     0x0000000000080d2d      0x292 Drivers/STM32F4xx_HAL_Driver/Src/stm32f4xx_hal_gpio.o
                                      0x805ac (size before relaxing)
 .debug_str     0x0000000000080fbf      0x384 Drivers/STM32F4xx_HAL_Driver/Src/stm32f4xx_hal_rcc.o
                                      0x80776 (size before relaxing)
 .debug_str     0x0000000000081343      0x919 Drivers/STM32F4xx_HAL_Driver/Src/stm32f4xx_hal_spi.o
                                      0x80b80 (size before relaxing)
 .debug_str     0x0000000000081c5c      0x67b Drivers/STM32F4xx_HAL_Driver/Src/stm32f4xx_hal_uart.o
                                      0x80bdf (size before relaxing)
 .debug_str     0x00000000000822d7     0x53e9 Middlewares/ST/BlueNRG-MS/hci/controller/bluenrg_gap_aci.o
                                      0x859fe (size before relaxing)
 .debug_str     0x00000000000876c0     0x1045 Middlewares/ST/BlueNRG-MS/hci/controller/bluenrg_gatt_aci.o
                                      0x85a76 (size before relaxing)
 .debug_str     0x0000000000088705      0xcef Middlewares/ST/BlueNRG-MS/hci/controller/bluenrg_hal_aci.o
                                      0x85422 (size before relaxing)
 .debug_str     0x00000000000893f4      0xb1f Middlewares/ST/BlueNRG-MS/hci/controller/bluenrg_utils_small.o
                                      0x857d1 (size before relaxing)
 .debug_str     0x0000000000089f13      0x755 Middlewares/ST/BlueNRG-MS/hci/hci_le.o
                                      0x831d6 (size before relaxing)
 .debug_str     0x000000000008a668      0x373 Middlewares/ST/BlueNRG-MS/hci/hci_tl_patterns/Basic/hci_tl.o
                                      0x82327 (size before relaxing)
 .debug_str     0x000000000008a9db      0x107 Middlewares/ST/BlueNRG-MS/utils/ble_list.o
                                      0x80355 (size before relaxing)
 .debug_str     0x000000000008aae2     0x644a Src/app_x-cube-ble1.o
                                      0x8a1fb (size before relaxing)
 .debug_str     0x0000000000090f2c      0xbbc Src/gatt_db.o
                                      0x8241a (size before relaxing)
 .debug_str     0x0000000000091ae8      0x1d0 Src/hci_tl_interface.o
                                      0x80de5 (size before relaxing)
 .debug_str     0x0000000000091cb8       0x48 Src/main.o
                                      0x811ed (size before relaxing)
 .debug_str     0x0000000000091d00       0xbb Src/nucleo_f411re_bus.o
                                      0x80a6d (size before relaxing)
 .debug_str     0x0000000000091dbb      0x167 Src/sensor.o
                                      0x85819 (size before relaxing)
 .debug_str     0x0000000000091f22      0x389 Src/stm32f4_nucleo_f411re.o
                                      0x814e4 (size before relaxing)
 .debug_str     0x00000000000922ab       0x7f Src/stm32f4xx_hal_exti.o
                                      0x802da (size before relaxing)
 .debug_str     0x000000000009232a       0x1b Src/stm32f4xx_hal_msp.o
                                      0x803fd (size before relaxing)
 .debug_str     0x0000000000092345       0xb7 Src/stm32f4xx_it.o
                                      0x803b5 (size before relaxing)
 .debug_str     0x00000000000923fc       0x5a Src/system_stm32f4xx.o
                                      0x80368 (size before relaxing)
 .debug_str     0x0000000000092456       0x30 startup/startup_stm32f411xe.o
                                         0x81 (size before relaxing)

.comment        0x0000000000000000       0x7e
 .comment       0x0000000000000000       0x7e Drivers/STM32F4xx_HAL_Driver/Src/stm32f4xx_hal.o
                                         0x7f (size before relaxing)