Archive member included to satisfy reference by file (symbol)

/home/hosni/STWorkbench/plugins/fr.ac6.mcu.externaltools.arm-none.linux64_1.16.0.201807130628/tools/compiler/bin/../lib/gcc/arm-none-eabi/7.2.1/thumb/v7e-m/fpv4-sp/hard/libgcc.a(_arm_addsubdf3.o)
                              Src/app_x-cube-ble1.o (__aeabi_dadd)
/home/hosni/STWorkbench/plugins/fr.ac6.mcu.externaltools.arm-none.linux64_1.16.0.201807130628/tools/compiler/bin/../lib/gcc/arm-none-eabi/7.2.1/thumb/v7e-m/fpv4-sp/hard/libgcc.a(_arm_truncdfsf2.o)
                              Src/app_x-cube-ble1.o (__aeabi_d2f)
/home/hosni/STWorkbench/plugins/fr.ac6.mcu.externaltools.arm-none.linux64_1.16.0.201807130628/tools/compiler/bin/../lib/gcc/arm-none-eabi/7.2.1/thumb/v7e-m/fpv4-sp/hard/libgcc.a(_aeabi_uldivmod.o)
                              Drivers/STM32F4xx_HAL_Driver/Src/stm32f4xx_hal_rcc.o (__aeabi_uldivmod)
/home/hosni/STWorkbench/plugins/fr.ac6.mcu.externaltools.arm-none.linux64_1.16.0.201807130628/tools/compiler/bin/../lib/gcc/arm-none-eabi/7.2.1/thumb/v7e-m/fpv4-sp/hard/libgcc.a(_udivmoddi4.o)
                              /home/hosni/STWorkbench/plugins/fr.ac6.mcu.externaltools.arm-none.linux64_1.16.0.201807130628/tools/compiler/bin/../lib/gcc/arm-none-eabi/7.2.1/thumb/v7e-m/fpv4-sp/hard/libgcc.a(_aeabi_uldivmod.o) (__udivmoddi4)
/home/hosni/STWorkbench/plugins/fr.ac6.mcu.externaltools.arm-none.linux64_1.16.0.201807130628/tools/compiler/bin/../lib/gcc/arm-none-eabi/7.2.1/thumb/v7e-m/fpv4-sp/hard/libgcc.a(_dvmd_tls.o)
                              /home/hosni/STWorkbench/plugins/fr.ac6.mcu.externaltools.arm-none.linux64_1.16.0.201807130628/tools/compiler/bin/../lib/gcc/arm-none-eabi/7.2.1/thumb/v7e-m/fpv4-sp/hard/libgcc.a(_aeabi_uldivmod.o) (__aeabi_ldiv0)
/home/hosni/STWorkbench/plugins/fr.ac6.mcu.externaltools.arm-none.linux64_1.16.0.201807130628/tools/compiler/bin/../lib/gcc/arm-none-eabi/7.2.1/../../../../arm-none-eabi/lib/thumb/v7e-m/fpv4-sp/hard/libc_nano.a(lib_a-exit.o)
                              /home/hosni/STWorkbench/plugins/fr.ac6.mcu.externaltools.arm-none.linux64_1.16.0.201807130628/tools/compiler/bin/../lib/gcc/arm-none-eabi/7.2.1/../../../../arm-none-eabi/lib/thumb/v7e-m/fpv4-sp/hard/crt0.o (exit)
/home/hosni/STWorkbench/plugins/fr.ac6.mcu.externaltools.arm-none.linux64_1.16.0.201807130628/tools/compiler/bin/../lib/gcc/arm-none-eabi/7.2.1/../../../../arm-none-eabi/lib/thumb/v7e-m/fpv4-sp/hard/libc_nano.a(lib_a-impure.o)
                              /home/hosni/STWorkbench/plugins/fr.ac6.mcu.externaltools.arm-none.linux64_1.16.0.201807130628/tools/compiler/bin/../lib/gcc/arm-none-eabi/7.2.1/../../../../arm-none-eabi/lib/thumb/v7e-m/fpv4-sp/hard/libc_nano.a(lib_a-exit.o) (_global_impure_ptr)
/home/hosni/STWorkbench/plugins/fr.ac6.mcu.externaltools.arm-none.linux64_1.16.0.201807130628/tools/compiler/bin/../lib/gcc/arm-none-eabi/7.2.1/../../../../arm-none-eabi/lib/thumb/v7e-m/fpv4-sp/hard/libc_nano.a(lib_a-init.o)
                              /home/hosni/STWorkbench/plugins/fr.ac6.mcu.externaltools.arm-none.linux64_1.16.0.201807130628/tools/compiler/bin/../lib/gcc/arm-none-eabi/7.2.1/../../../../arm-none-eabi/lib/thumb/v7e-m/fpv4-sp/hard/crt0.o (__libc_init_array)
/home/hosni/STWorkbench/plugins/fr.ac6.mcu.externaltools.arm-none.linux64_1.16.0.201807130628/tools/compiler/bin/../lib/gcc/arm-none-eabi/7.2.1/../../../../arm-none-eabi/lib/thumb/v7e-m/fpv4-sp/hard/libc_nano.a(lib_a-memcpy-stub.o)
                              Middlewares/ST/BlueNRG-MS/hci/controller/bluenrg_gap_aci.o (memcpy)
/home/hosni/STWorkbench/plugins/fr.ac6.mcu.externaltools.arm-none.linux64_1.16.0.201807130628/tools/compiler/bin/../lib/gcc/arm-none-eabi/7.2.1/../../../../arm-none-eabi/lib/thumb/v7e-m/fpv4-sp/hard/libc_nano.a(lib_a-memset.o)
                              /home/hosni/STWorkbench/plugins/fr.ac6.mcu.externaltools.arm-none.linux64_1.16.0.201807130628/tools/compiler/bin/../lib/gcc/arm-none-eabi/7.2.1/../../../../arm-none-eabi/lib/thumb/v7e-m/fpv4-sp/hard/crt0.o (memset)
/home/hosni/STWorkbench/plugins/fr.ac6.mcu.externaltools.arm-none.linux64_1.16.0.201807130628/tools/compiler/bin/../lib/gcc/arm-none-eabi/7.2.1/../../../../arm-none-eabi/lib/thumb/v7e-m/fpv4-sp/hard/libc_nano.a(lib_a-rand.o)
                              Src/app_x-cube-ble1.o (srand)
/home/hosni/STWorkbench/plugins/fr.ac6.mcu.externaltools.arm-none.linux64_1.16.0.201807130628/tools/compiler/bin/../lib/gcc/arm-none-eabi/7.2.1/../../../../arm-none-eabi/lib/thumb/v7e-m/fpv4-sp/hard/libc_nano.a(lib_a-strlen.o)
                              Src/main.o (strlen)
/home/hosni/STWorkbench/plugins/fr.ac6.mcu.externaltools.arm-none.linux64_1.16.0.201807130628/tools/compiler/bin/../lib/gcc/arm-none-eabi/7.2.1/../../../../arm-none-eabi/lib/thumb/v7e-m/fpv4-sp/hard/libc_nano.a(lib_a-malloc.o)
[...]
Memory Configuration

Name             Origin             Length             Attributes
RAM              0x0000000020000000 0x0000000000020000 xrw
FLASH            0x0000000008000000 0x0000000000080000 xr
*default*        0x0000000000000000 0xffffffffffffffff

Linker script and memory map

LOAD /home/hosni/STWorkbench/plugins/fr.ac6.mcu.externaltools.arm-none.linux64_1.16.0.201807130628/tools/compiler/bin/../lib/gcc/arm-none-eabi/7.2.1/thumb/v7e-m/fpv4-sp/hard/crti.o
LOAD /home/hosni/STWorkbench/plugins/fr.ac6.mcu.externaltools.arm-none.linux64_1.16.0.201807130628/tools/compiler/bin/../lib/gcc/arm-none-eabi/7.2.1/thumb/v7e-m/fpv4-sp/hard/crtbegin.o
LOAD /home/hosni/STWorkbench/plugins/fr.ac6.mcu.externaltools.arm-none.linux64_1.16.0.201807130628/tools/compiler/bin/../lib/gcc/arm-none-eabi/7.2.1/../../../../arm-none-eabi/lib/thumb/v7e-m/fpv4-sp/hard/crt0.o
LOAD Drivers/STM32F4xx_HAL_Driver/Src/stm32f4xx_hal.o
LOAD Drivers/STM32F4xx_HAL_Driver/Src/stm32f4xx_hal_cortex.o
LOAD Drivers/STM32F4xx_HAL_Driver/Src/stm32f4xx_hal_dma.o
LOAD Drivers/STM32F4xx_HAL_Driver/Src/stm32f4xx_hal_dma_ex.o
LOAD Drivers/STM32F4xx_HAL_Driver/Src/stm32f4xx_hal_flash.o
LOAD Drivers/STM32F4xx_HAL_Driver/Src/stm32f4xx_hal_flash_ex.o
LOAD Drivers/STM32F4xx_HAL_Driver/Src/stm32f4xx_hal_flash_ramfunc.o
LOAD Drivers/STM32F4xx_HAL_Driver/Src/stm32f4xx_hal_gpio.o
LOAD Drivers/STM32F4xx_HAL_Driver/Src/stm32f4xx_hal_pwr.o
LOAD Drivers/STM32F4xx_HAL_Driver/Src/stm32f4xx_hal_pwr_ex.o
LOAD Drivers/STM32F4xx_HAL_Driver/Src/stm32f4xx_hal_rcc.o
LOAD Drivers/STM32F4xx_HAL_Driver/Src/stm32f4xx_hal_rcc_ex.o
LOAD Drivers/STM32F4xx_HAL_Driver/Src/stm32f4xx_hal_spi.o
LOAD Drivers/STM32F4xx_HAL_Driver/Src/stm32f4xx_hal_tim.o
LOAD Drivers/STM32F4xx_HAL_Driver/Src/stm32f4xx_hal_tim_ex.o
LOAD Drivers/STM32F4xx_HAL_Driver/Src/stm32f4xx_hal_uart.o
LOAD Middlewares/ST/BlueNRG-MS/hci/controller/bluenrg_IFR.o
LOAD Middlewares/ST/BlueNRG-MS/hci/controller/bluenrg_gap_aci.o
LOAD Middlewares/ST/BlueNRG-MS/hci/controller/bluenrg_gatt_aci.o
LOAD Middlewares/ST/BlueNRG-MS/hci/controller/bluenrg_hal_aci.o
LOAD Middlewares/ST/BlueNRG-MS/hci/controller/bluenrg_l2cap_aci.o
LOAD Middlewares/ST/BlueNRG-MS/hci/controller/bluenrg_updater_aci.o
LOAD Middlewares/ST/BlueNRG-MS/hci/controller/bluenrg_utils_small.o
LOAD Middlewares/ST/BlueNRG-MS/hci/hci_le.o
LOAD Middlewares/ST/BlueNRG-MS/hci/hci_tl_patterns/Basic/hci_tl.o
LOAD Middlewares/ST/BlueNRG-MS/utils/ble_list.o
LOAD Src/app_x-cube-ble1.o
LOAD Src/gatt_db.o
LOAD Src/hci_tl_interface.o
LOAD Src/main.o
LOAD Src/nucleo_f411re_bus.o
LOAD Src/sensor.o
LOAD Src/stm32f4_nucleo_f411re.o
LOAD Src/stm32f4xx_hal_exti.o
LOAD Src/stm32f4xx_hal_msp.o
LOAD Src/stm32f4xx_it.o
LOAD Src/system_stm32f4xx.o
LOAD startup/startup_stm32f411xe.o
LOAD /home/hosni/STWorkbench/plugins/fr.ac6.mcu.externaltools.arm-none.linux64_1.16.0.201807130628/tools/compiler/bin/../lib/gcc/arm-none-eabi/7.2.1/../../../../arm-none-eabi/lib/thumb/v7e-m/fpv4-sp/hard/libm.a
START GROUP
LOAD /home/hosni/STWorkbench/plugins/fr.ac6.mcu.externaltools.arm-none.linux64_1.16.0.201807130628/tools/compiler/bin/../lib/gcc/arm-none-eabi/7.2.1/thumb/v7e-m/fpv4-sp/hard/libgcc.a
LOAD /home/hosni/STWorkbench/plugins/fr.ac6.mcu.externaltools.arm-none.linux64_1.16.0.201807130628/tools/compiler/bin/../lib/gcc/arm-none-eabi/7.2.1/../../../../arm-none-eabi/lib/thumb/v7e-m/fpv4-sp/hard/libc_nano.a
END GROUP
START GROUP
LOAD /home/hosni/STWorkbench/plugins/fr.ac6.mcu.externaltools.arm-none.linux64_1.16.0.201807130628/tools/compiler/bin/../lib/gcc/arm-none-eabi/7.2.1/thumb/v7e-m/fpv4-sp/hard/libgcc.a
LOAD /home/hosni/STWorkbench/plugins/fr.ac6.mcu.externaltools.arm-none.linux64_1.16.0.201807130628/tools/compiler/bin/../lib/gcc/arm-none-eabi/7.2.1/../../../../arm-none-eabi/lib/thumb/v7e-m/fpv4-sp/hard/libc_nano.a
LOAD /home/hosni/STWorkbench/plugins/fr.ac6.mcu.externaltools.arm-none.linux64_1.16.0.201807130628/tools/compiler/bin/../lib/gcc/arm-none-eabi/7.2.1/../../../../arm-none-eabi/lib/thumb/v7e-m/fpv4-sp/hard/libnosys.a
END GROUP
START GROUP
LOAD /home/hosni/STWorkbench/plugins/fr.ac6.mcu.externaltools.arm-none.linux64_1.16.0.201807130628/tools/compiler/bin/../lib/gcc/arm-none-eabi/7.2.1/thumb/v7e-m/fpv4-sp/hard/libgcc.a
LOAD /home/hosni/STWorkbench/plugins/fr.ac6.mcu.externaltools.arm-none.linux64_1.16.0.201807130628/tools/compiler/bin/../lib/gcc/arm-none-eabi/7.2.1/../../../../arm-none-eabi/lib/thumb/v7e-m/fpv4-sp/hard/libc_nano.a
LOAD /home/hosni/STWorkbench/plugins/fr.ac6.mcu.externaltools.arm-none.linux64_1.16.0.201807130628/tools/compiler/bin/../lib/gcc/arm-none-eabi/7.2.1/../../../../arm-none-eabi/lib/thumb/v7e-m/fpv4-sp/hard/libnosys.a
END GROUP
LOAD /home/hosni/STWorkbench/plugins/fr.ac6.mcu.externaltools.arm-none.linux64_1.16.0.201807130628/tools/compiler/bin/../lib/gcc/arm-none-eabi/7.2.1/thumb/v7e-m/fpv4-sp/hard/crtend.o
LOAD /home/hosni/STWorkbench/plugins/fr.ac6.mcu.externaltools.arm-none.linux64_1.16.0.201807130628/tools/compiler/bin/../lib/gcc/arm-none-eabi/7.2.1/thumb/v7e-m/fpv4-sp/hard/crtn.o
                0x0000000020020000                _estack = 0x20020000
                0x0000000000000200                _Min_Heap_Size = 0x200
                0x0000000000000400                _Min_Stack_Size = 0x400

.isr_vector     0x0000000008000000      0x198
                0x0000000008000000                . = ALIGN (0x4)
 *(.isr_vector)
 .isr_vector    0x0000000008000000      0x198 startup/startup_stm32f411xe.o
                0x0000000008000000                g_pfnVectors
                0x0000000008000198                . = ALIGN (0x4)

.text           0x0000000008000198     0x3e24
                0x0000000008000198                . = ALIGN (0x4)
 *(.text)
 .text          0x0000000008000198       0x40 /home/hosni/STWorkbench/plugins/fr.ac6.mcu.externaltools.arm-none.linux64_1.16.0.201807130628/tools/compiler/bin/../lib/gcc/arm-none-eabi/7.2.1/thumb/v7e-m/fpv4-sp/hard/crtbegin.o
 .text          0x00000000080001d8      0x378 /home/hosni/STWorkbench/plugins/fr.ac6.mcu.externaltools.arm-none.linux64_1.16.0.201807130628/tools/compiler/bin/../lib/gcc/arm-none-eabi/7.2.1/thumb/v7e-m/fpv4-sp/hard/libgcc.a(_arm_addsubdf3.o)
                0x00000000080001d8                __aeabi_drsub
                0x00000000080001e0                __aeabi_dsub
                0x00000000080001e0                __subdf3
                0x00000000080001e4                __adddf3
                0x00000000080001e4                __aeabi_dadd
                0x000000000800045c                __aeabi_ui2d
                0x000000000800045c                __floatunsidf
                0x000000000800047c                __floatsidf
                0x000000000800047c                __aeabi_i2d
                0x00000000080004a0                __extendsfdf2
                0x00000000080004a0                __aeabi_f2d
                0x00000000080004e4                __aeabi_ul2d
                0x00000000080004e4                __floatundidf
                0x00000000080004f4                __floatdidf
                0x00000000080004f4                __aeabi_l2d
 .text          0x0000000008000550       0xa0 /home/hosni/STWorkbench/plugins/fr.ac6.mcu.externaltools.arm-none.linux64_1.16.0.201807130628/tools/compiler/bin/../lib/gcc/arm-none-eabi/7.2.1/thumb/v7e-m/fpv4-sp/hard/libgcc.a(_arm_truncdfsf2.o)
                0x0000000008000550                __aeabi_d2f
                0x0000000008000550                __truncdfsf2
 .text          0x00000000080005f0       0x30 /home/hosni/STWorkbench/plugins/fr.ac6.mcu.externaltools.arm-none.linux64_1.16.0.201807130628/tools/compiler/bin/../lib/gcc/arm-none-eabi/7.2.1/thumb/v7e-m/fpv4-sp/hard/libgcc.a(_aeabi_uldivmod.o)
                0x00000000080005f0                __aeabi_uldivmod
 .text          0x0000000008000620      0x2cc /home/hosni/STWorkbench/plugins/fr.ac6.mcu.externaltools.arm-none.linux64_1.16.0.201807130628/tools/compiler/bin/../lib/gcc/arm-none-eabi/7.2.1/thumb/v7e-m/fpv4-sp/hard/libgcc.a(_udivmoddi4.o)
                0x0000000008000620                __udivmoddi4
 .text          0x00000000080008ec        0x4 /home/hosni/STWorkbench/plugins/fr.ac6.mcu.externaltools.arm-none.linux64_1.16.0.201807130628/tools/compiler/bin/../lib/gcc/arm-none-eabi/7.2.1/thumb/v7e-m/fpv4-sp/hard/libgcc.a(_dvmd_tls.o)
                0x00000000080008ec                __aeabi_ldiv0
                0x00000000080008ec                __aeabi_idiv0
 .text          0x00000000080008f0       0x10 /home/hosni/STWorkbench/plugins/fr.ac6.mcu.externaltools.arm-none.linux64_1.16.0.201807130628/tools/compiler/bin/../lib/gcc/arm-none-eabi/7.2.1/../../../../arm-none-eabi/lib/thumb/v7e-m/fpv4-sp/hard/libc_nano.a(lib_a-strlen.o)
                0x00000000080008f0                strlen
 *(.text*)
 .text.HAL_InitTick
                0x0000000008000900       0x48 Drivers/STM32F4xx_HAL_Driver/Src/stm32f4xx_hal.o
                0x0000000008000900                HAL_InitTick
 .text.HAL_Init
                0x0000000008000948       0x34 Drivers/STM32F4xx_HAL_Driver/Src/stm32f4xx_hal.o
                0x0000000008000948                HAL_Init
 .text.HAL_IncTick
                0x000000000800097c       0x18 Drivers/STM32F4xx_HAL_Driver/Src/stm32f4xx_hal.o
                0x000000000800097c                HAL_IncTick
 .text.HAL_GetTick
                0x0000000008000994        0xc Drivers/STM32F4xx_HAL_Driver/Src/stm32f4xx_hal.o
                0x0000000008000994                HAL_GetTick
 .text.HAL_Delay
                0x00000000080009a0       0x28 Drivers/STM32F4xx_HAL_Driver/Src/stm32f4xx_hal.o
                0x00000000080009a0                HAL_Delay
 .text.HAL_NVIC_SetPriorityGrouping
                0x00000000080009c8       0x24 Drivers/STM32F4xx_HAL_Driver/Src/stm32f4xx_hal_cortex.o
                0x00000000080009c8                HAL_NVIC_SetPriorityGrouping
 .text.HAL_NVIC_SetPriority
                0x00000000080009ec       0x68 Drivers/STM32F4xx_HAL_Driver/Src/stm32f4xx_hal_cortex.o
                0x00000000080009ec                HAL_NVIC_SetPriority
 .text.HAL_NVIC_EnableIRQ
                0x0000000008000a54       0x18 Drivers/STM32F4xx_HAL_Driver/Src/stm32f4xx_hal_cortex.o
                0x0000000008000a54                HAL_NVIC_EnableIRQ
 .text.HAL_SYSTICK_Config
                0x0000000008000a6c       0x2c Drivers/STM32F4xx_HAL_Driver/Src/stm32f4xx_hal_cortex.o
                0x0000000008000a6c                HAL_SYSTICK_Config
 .text.HAL_GPIO_Init
                0x0000000008000a98      0x1a4 Drivers/STM32F4xx_HAL_Driver/Src/stm32f4xx_hal_gpio.o
                0x0000000008000a98                HAL_GPIO_Init
 .text.HAL_GPIO_DeInit
                0x0000000008000c3c       0xfc Drivers/STM32F4xx_HAL_Driver/Src/stm32f4xx_hal_gpio.o
                0x0000000008000c3c                HAL_GPIO_DeInit
 .text.HAL_GPIO_ReadPin
                0x0000000008000d38        0xe Drivers/STM32F4xx_HAL_Driver/Src/stm32f4xx_hal_gpio.o
                0x0000000008000d38                HAL_GPIO_ReadPin
 .text.HAL_GPIO_WritePin
                0x0000000008000d46        0xc Drivers/STM32F4xx_HAL_Driver/Src/stm32f4xx_hal_gpio.o
                0x0000000008000d46                HAL_GPIO_WritePin
 .text.HAL_GPIO_TogglePin
                0x0000000008000d52        0x8 Drivers/STM32F4xx_HAL_Driver/Src/stm32f4xx_hal_gpio.o
                0x0000000008000d52                HAL_GPIO_TogglePin
 *fill*         0x0000000008000d5a        0x2 
 .text.HAL_RCC_OscConfig
                0x0000000008000d5c      0x398 Drivers/STM32F4xx_HAL_Driver/Src/stm32f4xx_hal_rcc.o
                0x0000000008000d5c                HAL_RCC_OscConfig
 .text.HAL_RCC_GetSysClockFreq
                0x00000000080010f4       0xd8 Drivers/STM32F4xx_HAL_Driver/Src/stm32f4xx_hal_rcc.o
                0x00000000080010f4                HAL_RCC_GetSysClockFreq
 .text.HAL_RCC_ClockConfig
                0x00000000080011cc      0x158 Drivers/STM32F4xx_HAL_Driver/Src/stm32f4xx_hal_rcc.o
                0x00000000080011cc                HAL_RCC_ClockConfig
 .text.HAL_RCC_GetHCLKFreq
                0x0000000008001324        0xc Drivers/STM32F4xx_HAL_Driver/Src/stm32f4xx_hal_rcc.o
                0x0000000008001324                HAL_RCC_GetHCLKFreq
 .text.HAL_RCC_GetPCLK1Freq
                0x0000000008001330       0x20 Drivers/STM32F4xx_HAL_Driver/Src/stm32f4xx_hal_rcc.o
                0x0000000008001330                HAL_RCC_GetPCLK1Freq
 .text.HAL_RCC_GetPCLK2Freq
                0x0000000008001350       0x20 Drivers/STM32F4xx_HAL_Driver/Src/stm32f4xx_hal_rcc.o
                0x0000000008001350                HAL_RCC_GetPCLK2Freq
 .text.SPI_WaitFlagStateUntilTimeout
                0x0000000008001370       0x96 Drivers/STM32F4xx_HAL_Driver/Src/stm32f4xx_hal_spi.o
 .text.SPI_CheckFlag_BSY
                0x0000000008001406       0x28 Drivers/STM32F4xx_HAL_Driver/Src/stm32f4xx_hal_spi.o
 .text.HAL_SPI_MspInit
                0x000000000800142e        0x2 Drivers/STM32F4xx_HAL_Driver/Src/stm32f4xx_hal_spi.o
                0x000000000800142e                HAL_SPI_MspInit
 .text.HAL_SPI_Init
                0x0000000008001430       0x80 Drivers/STM32F4xx_HAL_Driver/Src/stm32f4xx_hal_spi.o
                0x0000000008001430                HAL_SPI_Init
 .text.HAL_SPI_TransmitReceive
                0x00000000080014b0      0x238 Drivers/STM32F4xx_HAL_Driver/Src/stm32f4xx_hal_spi.o
                0x00000000080014b0                HAL_SPI_TransmitReceive
 .text.HAL_SPI_GetState
                0x00000000080016e8        0x6 Drivers/STM32F4xx_HAL_Driver/Src/stm32f4xx_hal_spi.o
                0x00000000080016e8                HAL_SPI_GetState
 *fill*         0x00000000080016ee        0x2 
 .text.UART_SetConfig
                0x00000000080016f0      0x334 Drivers/STM32F4xx_HAL_Driver/Src/stm32f4xx_hal_uart.o
 .text.UART_WaitOnFlagUntilTimeout
                0x0000000008001a24       0x62 Drivers/STM32F4xx_HAL_Driver/Src/stm32f4xx_hal_uart.o
 .text.HAL_UART_MspInit
                0x0000000008001a86        0x2 Drivers/STM32F4xx_HAL_Driver/Src/stm32f4xx_hal_uart.o
                0x0000000008001a86                HAL_UART_MspInit
 .text.HAL_UART_Init
                0x0000000008001a88       0x5e Drivers/STM32F4xx_HAL_Driver/Src/stm32f4xx_hal_uart.o
                0x0000000008001a88                HAL_UART_Init
 .text.HAL_UART_Transmit
                0x0000000008001ae6       0xe0 Drivers/STM32F4xx_HAL_Driver/Src/stm32f4xx_hal_uart.o
                0x0000000008001ae6                HAL_UART_Transmit
 .text.aci_gap_init_IDB05A1
                0x0000000008001bc6       0x66 Middlewares/ST/BlueNRG-MS/hci/controller/bluenrg_gap_aci.o
                0x0000000008001bc6                aci_gap_init_IDB05A1
 .text.aci_gap_init_IDB04A1
                0x0000000008001c2c       0x5e Middlewares/ST/BlueNRG-MS/hci/controller/bluenrg_gap_aci.o
                0x0000000008001c2c                aci_gap_init_IDB04A1
 .text.aci_gap_set_discoverable
                0x0000000008001c8a       0xb4 Middlewares/ST/BlueNRG-MS/hci/controller/bluenrg_gap_aci.o
                0x0000000008001c8a                aci_gap_set_discoverable
 .text.aci_gap_set_auth_requirement
                0x0000000008001d3e       0x7e Middlewares/ST/BlueNRG-MS/hci/controller/bluenrg_gap_aci.o
                0x0000000008001d3e                aci_gap_set_auth_requirement
 .text.aci_gap_update_adv_data
                0x0000000008001dbc       0x56 Middlewares/ST/BlueNRG-MS/hci/controller/bluenrg_gap_aci.o
                0x0000000008001dbc                aci_gap_update_adv_data
 .text.aci_gatt_init
                0x0000000008001e12       0x3c Middlewares/ST/BlueNRG-MS/hci/controller/bluenrg_gatt_aci.o
                0x0000000008001e12                aci_gatt_init
 .text.aci_gatt_add_serv
                0x0000000008001e4e       0x7c Middlewares/ST/BlueNRG-MS/hci/controller/bluenrg_gatt_aci.o
                0x0000000008001e4e                aci_gatt_add_serv
 .text.aci_gatt_add_char
                0x0000000008001eca       0xc0 Middlewares/ST/BlueNRG-MS/hci/controller/bluenrg_gatt_aci.o
                0x0000000008001eca                aci_gatt_add_char
 .text.aci_gatt_update_char_value
                0x0000000008001f8a       0x68 Middlewares/ST/BlueNRG-MS/hci/controller/bluenrg_gatt_aci.o
                0x0000000008001f8a                aci_gatt_update_char_value
 .text.aci_gatt_allow_read
                0x0000000008001ff2       0x44 Middlewares/ST/BlueNRG-MS/hci/controller/bluenrg_gatt_aci.o
                0x0000000008001ff2                aci_gatt_allow_read
 .text.aci_hal_write_config_data
                0x0000000008002036       0x60 Middlewares/ST/BlueNRG-MS/hci/controller/bluenrg_hal_aci.o
                0x0000000008002036                aci_hal_write_config_data
 .text.aci_hal_set_tx_power_level
                0x0000000008002096       0x46 Middlewares/ST/BlueNRG-MS/hci/controller/bluenrg_hal_aci.o
                0x0000000008002096                aci_hal_set_tx_power_level
 .text.getBlueNRGVersion
                0x00000000080020dc       0x4e Middlewares/ST/BlueNRG-MS/hci/controller/bluenrg_utils_small.o
                0x00000000080020dc                getBlueNRGVersion
 .text.hci_reset
                0x000000000800212a       0x38 Middlewares/ST/BlueNRG-MS/hci/hci_le.o
                0x000000000800212a                hci_reset
 .text.hci_le_read_local_version
                0x0000000008002162       0x68 Middlewares/ST/BlueNRG-MS/hci/hci_le.o
                0x0000000008002162                hci_le_read_local_version
 .text.hci_le_set_scan_resp_data
                0x00000000080021ca       0x60 Middlewares/ST/BlueNRG-MS/hci/hci_le.o
                0x00000000080021ca                hci_le_set_scan_resp_data
 .text.verify_packet
                0x000000000800222a       0x1e Middlewares/ST/BlueNRG-MS/hci/hci_tl_patterns/Basic/hci_tl.o
 .text.send_cmd
                0x0000000008002248       0x40 Middlewares/ST/BlueNRG-MS/hci/hci_tl_patterns/Basic/hci_tl.o
 .text.free_event_list
                0x0000000008002288       0x30 Middlewares/ST/BlueNRG-MS/hci/hci_tl_patterns/Basic/hci_tl.o
 .text.move_list
                0x00000000080022b8       0x28 Middlewares/ST/BlueNRG-MS/hci/hci_tl_patterns/Basic/hci_tl.o
 .text.hci_init
                0x00000000080022e0       0x58 Middlewares/ST/BlueNRG-MS/hci/hci_tl_patterns/Basic/hci_tl.o
                0x00000000080022e0                hci_init
 .text.hci_register_io_bus
                0x0000000008002338       0x1c Middlewares/ST/BlueNRG-MS/hci/hci_tl_patterns/Basic/hci_tl.o
                0x0000000008002338                hci_register_io_bus
 .text.hci_send_req
                0x0000000008002354      0x14c Middlewares/ST/BlueNRG-MS/hci/hci_tl_patterns/Basic/hci_tl.o
                0x0000000008002354                hci_send_req
 .text.hci_user_evt_proc
                0x00000000080024a0       0x44 Middlewares/ST/BlueNRG-MS/hci/hci_tl_patterns/Basic/hci_tl.o
                0x00000000080024a0                hci_user_evt_proc
 .text.hci_notify_asynch_evt
                0x00000000080024e4       0x68 Middlewares/ST/BlueNRG-MS/hci/hci_tl_patterns/Basic/hci_tl.o
                0x00000000080024e4                hci_notify_asynch_evt
 .text.list_init_head
                0x000000000800254c        0x6 Middlewares/ST/BlueNRG-MS/utils/ble_list.o
                0x000000000800254c                list_init_head
 .text.list_is_empty
                0x0000000008002552       0x18 Middlewares/ST/BlueNRG-MS/utils/ble_list.o
                0x0000000008002552                list_is_empty
 .text.list_insert_head
                0x000000000800256a       0x18 Middlewares/ST/BlueNRG-MS/utils/ble_list.o
                0x000000000800256a                list_insert_head
 .text.list_insert_tail
                0x0000000008002582       0x18 Middlewares/ST/BlueNRG-MS/utils/ble_list.o
                0x0000000008002582                list_insert_tail
 .text.list_remove_node
                0x000000000800259a       0x18 Middlewares/ST/BlueNRG-MS/utils/ble_list.o
                0x000000000800259a                list_remove_node
 .text.list_remove_head
                0x00000000080025b2       0x24 Middlewares/ST/BlueNRG-MS/utils/ble_list.o
                0x00000000080025b2                list_remove_head
 .text.list_remove_tail
                0x00000000080025d6       0x24 Middlewares/ST/BlueNRG-MS/utils/ble_list.o
                0x00000000080025d6                list_remove_tail
 .text.list_get_size
                0x00000000080025fa       0x1c Middlewares/ST/BlueNRG-MS/utils/ble_list.o
                0x00000000080025fa                list_get_size
 *fill*         0x0000000008002616        0x2 
 .text.Reset_Motion_Values
                0x0000000008002618      0x188 Src/app_x-cube-ble1.o
 .text.User_Init
                0x00000000080027a0       0x18 Src/app_x-cube-ble1.o
 .text.Set_Random_Address
                0x00000000080027b8       0x2c Src/app_x-cube-ble1.o
 .text.Set_Random_Environmental_Values
                0x00000000080027e4       0x84 Src/app_x-cube-ble1.o
 .text.Set_Random_Motion_Values
                0x0000000008002868      0x508 Src/app_x-cube-ble1.o
 .text.User_Process
                0x0000000008002d70       0xe0 Src/app_x-cube-ble1.o
 .text.MX_X_CUBE_BLE1_Init
                0x0000000008002e50       0xe4 Src/app_x-cube-ble1.o
                0x0000000008002e50                MX_X_CUBE_BLE1_Init
 .text.MX_X_CUBE_BLE1_Process
                0x0000000008002f34        0xc Src/app_x-cube-ble1.o
                0x0000000008002f34                MX_X_CUBE_BLE1_Process
 .text.Add_HWServW2ST_Service
                0x0000000008002f40      0x120 Src/gatt_db.o
                0x0000000008002f40                Add_HWServW2ST_Service
 .text.Add_SWServW2ST_Service
                0x0000000008003060       0xe0 Src/gatt_db.o
                0x0000000008003060                Add_SWServW2ST_Service
 .text.Acc_Update
                0x0000000008003140       0xd0 Src/gatt_db.o
                0x0000000008003140                Acc_Update
 .text.Quat_Update
                0x0000000008003210       0x74 Src/gatt_db.o
                0x0000000008003210                Quat_Update
 .text.BlueMS_Environmental_Update
                0x0000000008003284       0x70 Src/gatt_db.o
                0x0000000008003284                BlueMS_Environmental_Update
 .text.Read_Request_CB
                0x00000000080032f4      0x100 Src/gatt_db.o
                0x00000000080032f4                Read_Request_CB
 .text.HCI_TL_SPI_Init
                0x00000000080033f4       0x6c Src/hci_tl_interface.o
                0x00000000080033f4                HCI_TL_SPI_Init
 .text.HCI_TL_SPI_DeInit
                0x0000000008003460       0x28 Src/hci_tl_interface.o
                0x0000000008003460                HCI_TL_SPI_DeInit
 .text.HCI_TL_SPI_Reset
                0x0000000008003488       0x30 Src/hci_tl_interface.o
                0x0000000008003488                HCI_TL_SPI_Reset
 .text.HCI_TL_SPI_Receive
                0x00000000080034b8       0x94 Src/hci_tl_interface.o
                0x00000000080034b8                HCI_TL_SPI_Receive
 .text.HCI_TL_SPI_Send
                0x000000000800354c       0x90 Src/hci_tl_interface.o
                0x000000000800354c                HCI_TL_SPI_Send
 .text.IsDataAvailable
                0x00000000080035dc       0x18 Src/hci_tl_interface.o
 .text.hci_tl_lowlevel_isr
                0x00000000080035f4       0x14 Src/hci_tl_interface.o
                0x00000000080035f4                hci_tl_lowlevel_isr
 .text.hci_tl_lowlevel_init
                0x0000000008003608       0x6c Src/hci_tl_interface.o
                0x0000000008003608                hci_tl_lowlevel_init
 .text.MX_GPIO_Init
                0x0000000008003674       0xd4 Src/main.o
 .text.SystemClock_Config
                0x0000000008003748       0x90 Src/main.o
                0x0000000008003748                SystemClock_Config
 .text.main     0x00000000080037d8       0x50 Src/main.o
                0x00000000080037d8                main
 .text.SPI1_MspInit
                0x0000000008003828       0x5c Src/nucleo_f411re_bus.o
 .text.BSP_SPI1_SendRecv
                0x0000000008003884       0x2c Src/nucleo_f411re_bus.o
                0x0000000008003884                BSP_SPI1_SendRecv
 .text.BSP_GetTick
                0x00000000080038b0        0x8 Src/nucleo_f411re_bus.o
                0x00000000080038b0                BSP_GetTick
 .text.MX_SPI1_Init
                0x00000000080038b8       0x3c Src/nucleo_f411re_bus.o
                0x00000000080038b8                MX_SPI1_Init
 .text.BSP_SPI1_Init
                0x00000000080038f4       0x34 Src/nucleo_f411re_bus.o
                0x00000000080038f4                BSP_SPI1_Init
 .text.Set_DeviceConnectable
                0x0000000008003928       0xe0 Src/sensor.o
                0x0000000008003928                Set_DeviceConnectable
 .text.GAP_DisconnectionComplete_CB
                0x0000000008003a08       0x18 Src/sensor.o
                0x0000000008003a08                GAP_DisconnectionComplete_CB
 .text.GAP_ConnectionComplete_CB
                0x0000000008003a20       0x18 Src/sensor.o
                0x0000000008003a20                GAP_ConnectionComplete_CB
 .text.user_notify
                0x0000000008003a38       0x46 Src/sensor.o
                0x0000000008003a38                user_notify
 *fill*         0x0000000008003a7e        0x2 
 .text.USART2_MspInit
                0x0000000008003a80       0x48 Src/stm32f4_nucleo_f411re.o
 .text.BSP_LED_Init
                0x0000000008003ac8       0x50 Src/stm32f4_nucleo_f411re.o
                0x0000000008003ac8                BSP_LED_Init
 .text.BSP_LED_Toggle
                0x0000000008003b18       0x14 Src/stm32f4_nucleo_f411re.o
                0x0000000008003b18                BSP_LED_Toggle
 .text.BSP_PB_Init
                0x0000000008003b2c       0xa4 Src/stm32f4_nucleo_f411re.o
                0x0000000008003b2c                BSP_PB_Init
 .text.BSP_PB_GetState
                0x0000000008003bd0       0x14 Src/stm32f4_nucleo_f411re.o
                0x0000000008003bd0                BSP_PB_GetState
 .text.BSP_PB_Callback
                0x0000000008003be4        0x2 Src/stm32f4_nucleo_f411re.o
                0x0000000008003be4                BSP_PB_Callback
 .text.BUTTON_KEY_EXTI_Callback
                0x0000000008003be6        0xa Src/stm32f4_nucleo_f411re.o
 .text.MX_USART2_UART_Init
                0x0000000008003bf0       0x30 Src/stm32f4_nucleo_f411re.o
                0x0000000008003bf0                MX_USART2_UART_Init
 .text.BSP_COM_Init
                0x0000000008003c20       0x1c Src/stm32f4_nucleo_f411re.o
                0x0000000008003c20                BSP_COM_Init
 .text.HAL_EXTI_RegisterCallback
                0x0000000008003c3c        0xc Src/stm32f4xx_hal_exti.o
                0x0000000008003c3c                HAL_EXTI_RegisterCallback
 .text.HAL_EXTI_GetHandle
                0x0000000008003c48        0xc Src/stm32f4xx_hal_exti.o
                0x0000000008003c48                HAL_EXTI_GetHandle
 .text.HAL_EXTI_IRQHandler
                0x0000000008003c54       0x24 Src/stm32f4xx_hal_exti.o
                0x0000000008003c54                HAL_EXTI_IRQHandler
 .text.HAL_MspInit
                0x0000000008003c78       0x40 Src/stm32f4xx_hal_msp.o
                0x0000000008003c78                HAL_MspInit
 .text.NMI_Handler
                0x0000000008003cb8        0x2 Src/stm32f4xx_it.o
                0x0000000008003cb8                NMI_Handler
 .text.HardFault_Handler
                0x0000000008003cba        0x2 Src/stm32f4xx_it.o
                0x0000000008003cba                HardFault_Handler
 .text.MemManage_Handler
                0x0000000008003cbc        0x2 Src/stm32f4xx_it.o
                0x0000000008003cbc                MemManage_Handler
 .text.BusFault_Handler
                0x0000000008003cbe        0x2 Src/stm32f4xx_it.o
                0x0000000008003cbe                BusFault_Handler
 .text.UsageFault_Handler
                0x0000000008003cc0        0x2 Src/stm32f4xx_it.o
                0x0000000008003cc0                UsageFault_Handler
 .text.SVC_Handler
                0x0000000008003cc2        0x2 Src/stm32f4xx_it.o
                0x0000000008003cc2                SVC_Handler
 .text.DebugMon_Handler
                0x0000000008003cc4        0x2 Src/stm32f4xx_it.o
                0x0000000008003cc4                DebugMon_Handler
 .text.PendSV_Handler
                0x0000000008003cc6        0x2 Src/stm32f4xx_it.o
                0x0000000008003cc6                PendSV_Handler
 .text.SysTick_Handler
                0x0000000008003cc8        0x8 Src/stm32f4xx_it.o
                0x0000000008003cc8                SysTick_Handler
 .text.EXTI0_IRQHandler
                0x0000000008003cd0       0x10 Src/stm32f4xx_it.o
                0x0000000008003cd0                EXTI0_IRQHandler
 .text.SystemInit
                0x0000000008003ce0       0x4c Src/system_stm32f4xx.o
                0x0000000008003ce0                SystemInit
 .text.Reset_Handler
                0x0000000008003d2c       0x50 startup/startup_stm32f411xe.o
                0x0000000008003d2c                Reset_Handler
 .text.Default_Handler
                0x0000000008003d7c        0x2 startup/startup_stm32f411xe.o
                0x0000000008003d7c                RTC_Alarm_IRQHandler
                0x0000000008003d7c                EXTI2_IRQHandler
                0x0000000008003d7c                SPI4_IRQHandler
                0x0000000008003d7c                TIM1_CC_IRQHandler
                0x0000000008003d7c                DMA2_Stream5_IRQHandler
                0x0000000008003d7c                DMA1_Stream5_IRQHandler
                0x0000000008003d7c                PVD_IRQHandler
                0x0000000008003d7c                SDIO_IRQHandler
                0x0000000008003d7c                TAMP_STAMP_IRQHandler
                0x0000000008003d7c                EXTI3_IRQHandler
                0x0000000008003d7c                TIM1_UP_TIM10_IRQHandler
                0x0000000008003d7c                I2C3_ER_IRQHandler
                0x0000000008003d7c                I2C2_EV_IRQHandler
                0x0000000008003d7c                DMA1_Stream2_IRQHandler
                0x0000000008003d7c                FPU_IRQHandler
                0x0000000008003d7c                DMA2_Stream2_IRQHandler
                0x0000000008003d7c                SPI1_IRQHandler
                0x0000000008003d7c                TIM1_BRK_TIM9_IRQHandler
                0x0000000008003d7c                DMA2_Stream3_IRQHandler
                0x0000000008003d7c                USART6_IRQHandler
                0x0000000008003d7c                DMA2_Stream0_IRQHandler
                0x0000000008003d7c                TIM4_IRQHandler
                0x0000000008003d7c                I2C1_EV_IRQHandler
                0x0000000008003d7c                DMA1_Stream6_IRQHandler
                0x0000000008003d7c                DMA1_Stream1_IRQHandler
                0x0000000008003d7c                TIM3_IRQHandler
                0x0000000008003d7c                RCC_IRQHandler
                0x0000000008003d7c                Default_Handler
                0x0000000008003d7c                EXTI15_10_IRQHandler
                0x0000000008003d7c                ADC_IRQHandler
                0x0000000008003d7c                DMA1_Stream7_IRQHandler
                0x0000000008003d7c                SPI5_IRQHandler
                0x0000000008003d7c                TIM5_IRQHandler
                0x0000000008003d7c                DMA2_Stream7_IRQHandler
                0x0000000008003d7c                I2C3_EV_IRQHandler
                0x0000000008003d7c                EXTI9_5_IRQHandler
                0x0000000008003d7c                RTC_WKUP_IRQHandler
                0x0000000008003d7c                SPI2_IRQHandler
                0x0000000008003d7c                DMA1_Stream0_IRQHandler
                0x0000000008003d7c                EXTI4_IRQHandler
                0x0000000008003d7c                WWDG_IRQHandler
                0x0000000008003d7c                TIM2_IRQHandler
                0x0000000008003d7c                OTG_FS_WKUP_IRQHandler
                0x0000000008003d7c                TIM1_TRG_COM_TIM11_IRQHandler
                0x0000000008003d7c                EXTI1_IRQHandler
                0x0000000008003d7c                USART2_IRQHandler
                0x0000000008003d7c                I2C2_ER_IRQHandler
                0x0000000008003d7c                DMA2_Stream1_IRQHandler
                0x0000000008003d7c                FLASH_IRQHandler
                0x0000000008003d7c                DMA2_Stream4_IRQHandler
                0x0000000008003d7c                USART1_IRQHandler
                0x0000000008003d7c                OTG_FS_IRQHandler
                0x0000000008003d7c                SPI3_IRQHandler
                0x0000000008003d7c                DMA1_Stream4_IRQHandler
                0x0000000008003d7c                I2C1_ER_IRQHandler
                0x0000000008003d7c                DMA2_Stream6_IRQHandler
                0x0000000008003d7c                DMA1_Stream3_IRQHandler
 *fill*         0x0000000008003d7e        0x2 
 .text.__libc_init_array
                0x0000000008003d80       0x48 /home/hosni/STWorkbench/plugins/fr.ac6.mcu.externaltools.arm-none.linux64_1.16.0.201807130628/tools/compiler/bin/../lib/gcc/arm-none-eabi/7.2.1/../../../../arm-none-eabi/lib/thumb/v7e-m/fpv4-sp/hard/libc_nano.a(lib_a-init.o)
                0x0000000008003d80                __libc_init_array
 .text.memcpy   0x0000000008003dc8       0x16 /home/hosni/STWorkbench/plugins/fr.ac6.mcu.externaltools.arm-none.linux64_1.16.0.201807130628/tools/compiler/bin/../lib/gcc/arm-none-eabi/7.2.1/../../../../arm-none-eabi/lib/thumb/v7e-m/fpv4-sp/hard/libc_nano.a(lib_a-memcpy-stub.o)
                0x0000000008003dc8                memcpy
 .text.memset   0x0000000008003dde       0x10 /home/hosni/STWorkbench/plugins/fr.ac6.mcu.externaltools.arm-none.linux64_1.16.0.201807130628/tools/compiler/bin/../lib/gcc/arm-none-eabi/7.2.1/../../../../arm-none-eabi/lib/thumb/v7e-m/fpv4-sp/hard/libc_nano.a(lib_a-memset.o)
                0x0000000008003dde                memset
 *fill*         0x0000000008003dee        0x2 
 .text.srand    0x0000000008003df0       0x48 /home/hosni/STWorkbench/plugins/fr.ac6.mcu.externaltools.arm-none.linux64_1.16.0.201807130628/tools/compiler/bin/../lib/gcc/arm-none-eabi/7.2.1/../../../../arm-none-eabi/lib/thumb/v7e-m/fpv4-sp/hard/libc_nano.a(lib_a-rand.o)
                0x0000000008003df0                srand
 .text.rand     0x0000000008003e38       0x68 /home/hosni/STWorkbench/plugins/fr.ac6.mcu.externaltools.arm-none.linux64_1.16.0.201807130628/tools/compiler/bin/../lib/gcc/arm-none-eabi/7.2.1/../../../../arm-none-eabi/lib/thumb/v7e-m/fpv4-sp/hard/libc_nano.a(lib_a-rand.o)
                0x0000000008003e38                rand
 .text.malloc   0x0000000008003ea0       0x10 /home/hosni/STWorkbench/plugins/fr.ac6.mcu.externaltools.arm-none.linux64_1.16.0.201807130628/tools/compiler/bin/../lib/gcc/arm-none-eabi/7.2.1/../../../../arm-none-eabi/lib/thumb/v7e-m/fpv4-sp/hard/libc_nano.a(lib_a-malloc.o)
                0x0000000008003ea0                malloc
 .text._malloc_r
                0x0000000008003eb0       0xb4 /home/hosni/STWorkbench/plugins/fr.ac6.mcu.externaltools.arm-none.linux64_1.16.0.201807130628/tools/compiler/bin/../lib/gcc/arm-none-eabi/7.2.1/../../../../arm-none-eabi/lib/thumb/v7e-m/fpv4-sp/hard/libc_nano.a(lib_a-nano-mallocr.o)
                0x0000000008003eb0                _malloc_r
 .text._sbrk_r  0x0000000008003f64       0x20 /home/hosni/STWorkbench/plugins/fr.ac6.mcu.externaltools.arm-none.linux64_1.16.0.201807130628/tools/compiler/bin/../lib/gcc/arm-none-eabi/7.2.1/../../../../arm-none-eabi/lib/thumb/v7e-m/fpv4-sp/hard/libc_nano.a(lib_a-sbrkr.o)
                0x0000000008003f64                _sbrk_r
 .text.__malloc_lock
                0x0000000008003f84        0x2 /home/hosni/STWorkbench/plugins/fr.ac6.mcu.externaltools.arm-none.linux64_1.16.0.201807130628/tools/compiler/bin/../lib/gcc/arm-none-eabi/7.2.1/../../../../arm-none-eabi/lib/thumb/v7e-m/fpv4-sp/hard/libc_nano.a(lib_a-mlock.o)
                0x0000000008003f84                __malloc_lock
 .text.__malloc_unlock
                0x0000000008003f86        0x2 /home/hosni/STWorkbench/plugins/fr.ac6.mcu.externaltools.arm-none.linux64_1.16.0.201807130628/tools/compiler/bin/../lib/gcc/arm-none-eabi/7.2.1/../../../../arm-none-eabi/lib/thumb/v7e-m/fpv4-sp/hard/libc_nano.a(lib_a-mlock.o)
                0x0000000008003f86                __malloc_unlock
 .text._sbrk    0x0000000008003f88       0x1c /home/hosni/STWorkbench/plugins/fr.ac6.mcu.externaltools.arm-none.linux64_1.16.0.201807130628/tools/compiler/bin/../lib/gcc/arm-none-eabi/7.2.1/../../../../arm-none-eabi/lib/thumb/v7e-m/fpv4-sp/hard/libnosys.a(sbrk.o)
                0x0000000008003f88                _sbrk
 *(.glue_7)
 .glue_7        0x0000000008003fa4        0x0 linker stubs
 *(.glue_7t)
 .glue_7t       0x0000000008003fa4        0x0 linker stubs
 *(.eh_frame)
 .eh_frame      0x0000000008003fa4        0x0 /home/hosni/STWorkbench/plugins/fr.ac6.mcu.externaltools.arm-none.linux64_1.16.0.201807130628/tools/compiler/bin/../lib/gcc/arm-none-eabi/7.2.1/thumb/v7e-m/fpv4-sp/hard/crtbegin.o
 *(.init)
 .init          0x0000000008003fa4        0x4 /home/hosni/STWorkbench/plugins/fr.ac6.mcu.externaltools.arm-none.linux64_1.16.0.201807130628/tools/compiler/bin/../lib/gcc/arm-none-eabi/7.2.1/thumb/v7e-m/fpv4-sp/hard/crti.o
                0x0000000008003fa4                _init
 .init          0x0000000008003fa8        0x8 /home/hosni/STWorkbench/plugins/fr.ac6.mcu.externaltools.arm-none.linux64_1.16.0.201807130628/tools/compiler/bin/../lib/gcc/arm-none-eabi/7.2.1/thumb/v7e-m/fpv4-sp/hard/crtn.o
 *(.fini)
 .fini          0x0000000008003fb0        0x4 /home/hosni/STWorkbench/plugins/fr.ac6.mcu.externaltools.arm-none.linux64_1.16.0.201807130628/tools/compiler/bin/../lib/gcc/arm-none-eabi/7.2.1/thumb/v7e-m/fpv4-sp/hard/crti.o
                0x0000000008003fb0                _fini
 .fini          0x0000000008003fb4        0x8 /home/hosni/STWorkbench/plugins/fr.ac6.mcu.externaltools.arm-none.linux64_1.16.0.201807130628/tools/compiler/bin/../lib/gcc/arm-none-eabi/7.2.1/thumb/v7e-m/fpv4-sp/hard/crtn.o
                0x0000000008003fbc                . = ALIGN (0x4)
                0x0000000008003fbc                _etext = .

.vfp11_veneer   0x0000000008003fbc        0x0
 .vfp11_veneer  0x0000000008003fbc        0x0 linker stubs

.v4_bx          0x0000000008003fbc        0x0
 .v4_bx         0x0000000008003fbc        0x0 linker stubs

.iplt           0x0000000008003fbc        0x0
 .iplt          0x0000000008003fbc        0x0 /home/hosni/STWorkbench/plugins/fr.ac6.mcu.externaltools.arm-none.linux64_1.16.0.201807130628/tools/compiler/bin/../lib/gcc/arm-none-eabi/7.2.1/thumb/v7e-m/fpv4-sp/hard/crtbegin.o

.rodata         0x0000000008003fbc       0x54
                0x0000000008003fbc                . = ALIGN (0x4)
 *(.rodata)
 .rodata        0x0000000008003fbc        0x6 Src/app_x-cube-ble1.o
 *fill*         0x0000000008003fc2        0x2 
 .rodata        0x0000000008003fc4        0x8 Src/sensor.o
 .rodata        0x0000000008003fcc       0x18 Src/system_stm32f4xx.o
                0x0000000008003fcc                AHBPrescTable
                0x0000000008003fdc                APBPrescTable
 *(.rodata*)
 .rodata.str1.4
                0x0000000008003fe4        0x6 Src/app_x-cube-ble1.o
 *fill*         0x0000000008003fea        0x2 
 .rodata.str1.4
                0x0000000008003fec       0x24 Src/main.o
                                         0x21 (size before relaxing)
                0x0000000008004010                . = ALIGN (0x4)

.ARM.extab
 *(.ARM.extab* .gnu.linkonce.armextab.*)

.ARM            0x0000000008004010        0x8
                0x0000000008004010                __exidx_start = .
 *(.ARM.exidx*)
 .ARM.exidx     0x0000000008004010        0x8 /home/hosni/STWorkbench/plugins/fr.ac6.mcu.externaltools.arm-none.linux64_1.16.0.201807130628/tools/compiler/bin/../lib/gcc/arm-none-eabi/7.2.1/thumb/v7e-m/fpv4-sp/hard/libgcc.a(_udivmoddi4.o)
                0x0000000008004018                __exidx_end = .

.rel.dyn        0x0000000008004018        0x0
 .rel.iplt      0x0000000008004018        0x0 /home/hosni/STWorkbench/plugins/fr.ac6.mcu.externaltools.arm-none.linux64_1.16.0.201807130628/tools/compiler/bin/../lib/gcc/arm-none-eabi/7.2.1/thumb/v7e-m/fpv4-sp/hard/crtbegin.o

.preinit_array  0x0000000008004018        0x0
                0x0000000008004018                PROVIDE (__preinit_array_start, .)
 *(.preinit_array*)
                0x0000000008004018                PROVIDE (__preinit_array_end, .)

.init_array     0x0000000008004018        0x4
                0x0000000008004018                PROVIDE (__init_array_start, .)
 *(SORT_BY_NAME(.init_array.*))
 *(.init_array*)
 .init_array    0x0000000008004018        0x4 /home/hosni/STWorkbench/plugins/fr.ac6.mcu.externaltools.arm-none.linux64_1.16.0.201807130628/tools/compiler/bin/../lib/gcc/arm-none-eabi/7.2.1/thumb/v7e-m/fpv4-sp/hard/crtbegin.o
                0x000000000800401c                PROVIDE (__init_array_end, .)

.fini_array     0x000000000800401c        0x4
                [!provide]                        PROVIDE (__fini_array_start, .)
 *(SORT_BY_NAME(.fini_array.*))
 *(.fini_array*)
 .fini_array    0x000000000800401c        0x4 /home/hosni/STWorkbench/plugins/fr.ac6.mcu.externaltools.arm-none.linux64_1.16.0.201807130628/tools/compiler/bin/../lib/gcc/arm-none-eabi/7.2.1/thumb/v7e-m/fpv4-sp/hard/crtbegin.o
                [!provide]                        PROVIDE (__fini_array_end, .)
                0x0000000008004020                _sidata = LOADADDR (.data)

.data           0x0000000020000000       0x74 load address 0x0000000008004020
                0x0000000020000000                . = ALIGN (0x4)
                0x0000000020000000                _sdata = .
 *(.data)
 .data          0x0000000020000000        0x8 Drivers/STM32F4xx_HAL_Driver/Src/stm32f4xx_hal.o
                0x0000000020000000                uwTickFreq
                0x0000000020000004                uwTickPrio
 .data          0x0000000020000008        0x1 Src/sensor.o
                0x0000000020000008                set_connectable
 *fill*         0x0000000020000009        0x3 
 .data          0x000000002000000c        0x4 Src/system_stm32f4xx.o
                0x000000002000000c                SystemCoreClock
 *(.data*)
 .data._impure_ptr
                0x0000000020000010        0x4 /home/hosni/STWorkbench/plugins/fr.ac6.mcu.externaltools.arm-none.linux64_1.16.0.201807130628/tools/compiler/bin/../lib/gcc/arm-none-eabi/7.2.1/../../../../arm-none-eabi/lib/thumb/v7e-m/fpv4-sp/hard/libc_nano.a(lib_a-impure.o)
                0x0000000020000010                _impure_ptr
 .data.impure_data
                0x0000000020000014       0x60 /home/hosni/STWorkbench/plugins/fr.ac6.mcu.externaltools.arm-none.linux64_1.16.0.201807130628/tools/compiler/bin/../lib/gcc/arm-none-eabi/7.2.1/../../../../arm-none-eabi/lib/thumb/v7e-m/fpv4-sp/hard/libc_nano.a(lib_a-impure.o)
                0x0000000020000074                . = ALIGN (0x4)
                0x0000000020000074                _edata = .

.igot.plt       0x0000000020000074        0x0 load address 0x0000000008004094
 .igot.plt      0x0000000020000074        0x0 /home/hosni/STWorkbench/plugins/fr.ac6.mcu.externaltools.arm-none.linux64_1.16.0.201807130628/tools/compiler/bin/../lib/gcc/arm-none-eabi/7.2.1/thumb/v7e-m/fpv4-sp/hard/crtbegin.o
                0x0000000020000074                . = ALIGN (0x4)

.bss            0x0000000020000074      0x540 load address 0x0000000008004094
                0x0000000020000074                _sbss = .
                0x0000000020000074                __bss_start__ = _sbss
 *(.bss)
 .bss           0x0000000020000074       0x1c /home/hosni/STWorkbench/plugins/fr.ac6.mcu.externaltools.arm-none.linux64_1.16.0.201807130628/tools/compiler/bin/../lib/gcc/arm-none-eabi/7.2.1/thumb/v7e-m/fpv4-sp/hard/crtbegin.o
 .bss           0x0000000020000090      0x2dc Middlewares/ST/BlueNRG-MS/hci/hci_tl_patterns/Basic/hci_tl.o
 .bss           0x000000002000036c        0x5 Src/app_x-cube-ble1.o
                0x0000000020000370                bnrg_expansion_board
 *fill*         0x0000000020000371        0x3 
 .bss           0x0000000020000374       0xff Src/hci_tl_interface.o
 *fill*         0x0000000020000473        0x1 
 .bss           0x0000000020000474       0x39 Src/sensor.o
                0x0000000020000474                connected
                0x0000000020000478                notification_enabled
                0x000000002000047a                connection_handle
                0x000000002000047c                q_axes
                0x0000000020000488                m_axes
                0x0000000020000494                g_axes
                0x00000000200004a0                x_axes
                0x00000000200004ac                request_free_fall_notify
 *(.bss*)
 *fill*         0x00000000200004ad        0x3 
 .bss.__malloc_free_list
                0x00000000200004b0        0x4 /home/hosni/STWorkbench/plugins/fr.ac6.mcu.externaltools.arm-none.linux64_1.16.0.201807130628/tools/compiler/bin/../lib/gcc/arm-none-eabi/7.2.1/../../../../arm-none-eabi/lib/thumb/v7e-m/fpv4-sp/hard/libc_nano.a(lib_a-nano-mallocr.o)
                0x00000000200004b0                __malloc_free_list
 .bss.__malloc_sbrk_start
                0x00000000200004b4        0x4 /home/hosni/STWorkbench/plugins/fr.ac6.mcu.externaltools.arm-none.linux64_1.16.0.201807130628/tools/compiler/bin/../lib/gcc/arm-none-eabi/7.2.1/../../../../arm-none-eabi/lib/thumb/v7e-m/fpv4-sp/hard/libc_nano.a(lib_a-nano-mallocr.o)
                0x00000000200004b4                __malloc_sbrk_start
 .bss.heap_end.5377
                0x00000000200004b8        0x4 /home/hosni/STWorkbench/plugins/fr.ac6.mcu.externaltools.arm-none.linux64_1.16.0.201807130628/tools/compiler/bin/../lib/gcc/arm-none-eabi/7.2.1/../../../../arm-none-eabi/lib/thumb/v7e-m/fpv4-sp/hard/libnosys.a(sbrk.o)
 *(COMMON)
 COMMON         0x00000000200004bc        0x4 Drivers/STM32F4xx_HAL_Driver/Src/stm32f4xx_hal.o
                0x00000000200004bc                uwTick
 COMMON         0x00000000200004c0       0x10 Middlewares/ST/BlueNRG-MS/hci/hci_tl_patterns/Basic/hci_tl.o
                0x00000000200004c0                hciReadPktPool
                0x00000000200004c8                hciReadPktRxQueue
 COMMON         0x00000000200004d0        0x7 Src/app_x-cube-ble1.o
                0x00000000200004d0                bdaddr
                0x00000000200004d6                user_button_init_state
 *fill*         0x00000000200004d7        0x1 
 COMMON         0x00000000200004d8       0x2c Src/gatt_db.o
                0x00000000200004d8                EnvironmentalCharHandle
                0x00000000200004da                QuaternionsCharHandle
                0x00000000200004dc                char_uuid
                0x00000000200004ec                SWServW2STHandle
                0x00000000200004ee                HWServW2STHandle
                0x00000000200004f0                AccGyroMagCharHandle
                0x00000000200004f4                service_uuid
 COMMON         0x0000000020000504        0x8 Src/hci_tl_interface.o
                0x0000000020000504                hexti0
 COMMON         0x000000002000050c       0x58 Src/nucleo_f411re_bus.o
                0x000000002000050c                hspi1
 COMMON         0x0000000020000564       0x4c Src/stm32f4_nucleo_f411re.o
                0x0000000020000564                hexti13
                0x000000002000056c                hComHandle
                0x00000000200005ac                hExtiButtonHandle
 COMMON         0x00000000200005b0        0x4 /home/hosni/STWorkbench/plugins/fr.ac6.mcu.externaltools.arm-none.linux64_1.16.0.201807130628/tools/compiler/bin/../lib/gcc/arm-none-eabi/7.2.1/../../../../arm-none-eabi/lib/thumb/v7e-m/fpv4-sp/hard/libc_nano.a(lib_a-reent.o)
                0x00000000200005b0                errno
                0x00000000200005b4                . = ALIGN (0x4)
                0x00000000200005b4                _ebss = .
                0x00000000200005b4                __bss_end__ = _ebss

._user_heap_stack
                0x00000000200005b4      0x604 load address 0x0000000008004094
                0x00000000200005b8                . = ALIGN (0x8)
 *fill*         0x00000000200005b4        0x4 
                0x00000000200005b8                PROVIDE (end, .)
                [!provide]                        PROVIDE (_end, .)
                0x00000000200007b8                . = (. + _Min_Heap_Size)
 *fill*         0x00000000200005b8      0x200 
                0x0000000020000bb8                . = (. + _Min_Stack_Size)
 *fill*         0x00000000200007b8      0x400 
                0x0000000020000bb8                . = ALIGN (0x8)

/DISCARD/
 libc.a(*)
 libm.a(*)
 libgcc.a(*)

.ARM.attributes
                0x0000000000000000       0x30
 *(.ARM.attributes)
 .ARM.attributes
                0x0000000000000000       0x22 /home/hosni/STWorkbench/plugins/fr.ac6.mcu.externaltools.arm-none.linux64_1.16.0.201807130628/tools/compiler/bin/../lib/gcc/arm-none-eabi/7.2.1/thumb/v7e-m/fpv4-sp/hard/crti.o
 .ARM.attributes
                0x0000000000000022       0x34 /home/hosni/STWorkbench/plugins/fr.ac6.mcu.externaltools.arm-none.linux64_1.16.0.201807130628/tools/compiler/bin/../lib/gcc/arm-none-eabi/7.2.1/thumb/v7e-m/fpv4-sp/hard/crtbegin.o
 .ARM.attributes
                0x0000000000000056       0x39 Drivers/STM32F4xx_HAL_Driver/Src/stm32f4xx_hal.o
 .ARM.attributes
                0x000000000000008f       0x39 Drivers/STM32F4xx_HAL_Driver/Src/stm32f4xx_hal_cortex.o
 .ARM.attributes
                0x00000000000000c8       0x39 Drivers/STM32F4xx_HAL_Driver/Src/stm32f4xx_hal_gpio.o
 .ARM.attributes
                0x0000000000000101       0x39 Drivers/STM32F4xx_HAL_Driver/Src/stm32f4xx_hal_rcc.o
 .ARM.attributes
                0x000000000000013a       0x39 Drivers/STM32F4xx_HAL_Driver/Src/stm32f4xx_hal_spi.o
 .ARM.attributes
                0x0000000000000173       0x39 Drivers/STM32F4xx_HAL_Driver/Src/stm32f4xx_hal_uart.o
 .ARM.attributes
                0x00000000000001ac       0x39 Middlewares/ST/BlueNRG-MS/hci/controller/bluenrg_gap_aci.o
 .ARM.attributes
                0x00000000000001e5       0x39 Middlewares/ST/BlueNRG-MS/hci/controller/bluenrg_gatt_aci.o
 .ARM.attributes
                0x000000000000021e       0x39 Middlewares/ST/BlueNRG-MS/hci/controller/bluenrg_hal_aci.o
 .ARM.attributes
                0x0000000000000257       0x39 Middlewares/ST/BlueNRG-MS/hci/controller/bluenrg_utils_small.o
 .ARM.attributes
                0x0000000000000290       0x39 Middlewares/ST/BlueNRG-MS/hci/hci_le.o
 .ARM.attributes
                0x00000000000002c9       0x39 Middlewares/ST/BlueNRG-MS/hci/hci_tl_patterns/Basic/hci_tl.o
 .ARM.attributes
                0x0000000000000302       0x39 Middlewares/ST/BlueNRG-MS/utils/ble_list.o
 .ARM.attributes
                0x000000000000033b       0x39 Src/app_x-cube-ble1.o
 .ARM.attributes
                0x0000000000000374       0x39 Src/gatt_db.o
 .ARM.attributes
                0x00000000000003ad       0x39 Src/hci_tl_interface.o
 .ARM.attributes
                0x00000000000003e6       0x39 Src/main.o
 .ARM.attributes
                0x000000000000041f       0x39 Src/nucleo_f411re_bus.o
 .ARM.attributes
                0x0000000000000458       0x39 Src/sensor.o
 .ARM.attributes
                0x0000000000000491       0x39 Src/stm32f4_nucleo_f411re.o
 .ARM.attributes
                0x00000000000004ca       0x39 Src/stm32f4xx_hal_exti.o
 .ARM.attributes
                0x0000000000000503       0x39 Src/stm32f4xx_hal_msp.o
 .ARM.attributes
                0x000000000000053c       0x39 Src/stm32f4xx_it.o
 .ARM.attributes
                0x0000000000000575       0x39 Src/system_stm32f4xx.o
 .ARM.attributes
                0x00000000000005ae       0x21 startup/startup_stm32f411xe.o
 .ARM.attributes
                0x00000000000005cf       0x22 /home/hosni/STWorkbench/plugins/fr.ac6.mcu.externaltools.arm-none.linux64_1.16.0.201807130628/tools/compiler/bin/../lib/gcc/arm-none-eabi/7.2.1/thumb/v7e-m/fpv4-sp/hard/libgcc.a(_arm_addsubdf3.o)
 .ARM.attributes
                0x00000000000005f1       0x22 /home/hosni/STWorkbench/plugins/fr.ac6.mcu.externaltools.arm-none.linux64_1.16.0.201807130628/tools/compiler/bin/../lib/gcc/arm-none-eabi/7.2.1/thumb/v7e-m/fpv4-sp/hard/libgcc.a(_arm_truncdfsf2.o)
 .ARM.attributes
                0x0000000000000613       0x22 /home/hosni/STWorkbench/plugins/fr.ac6.mcu.externaltools.arm-none.linux64_1.16.0.201807130628/tools/compiler/bin/../lib/gcc/arm-none-eabi/7.2.1/thumb/v7e-m/fpv4-sp/hard/libgcc.a(_aeabi_uldivmod.o)
 .ARM.attributes
                0x0000000000000635       0x34 /home/hosni/STWorkbench/plugins/fr.ac6.mcu.externaltools.arm-none.linux64_1.16.0.201807130628/tools/compiler/bin/../lib/gcc/arm-none-eabi/7.2.1/thumb/v7e-m/fpv4-sp/hard/libgcc.a(_udivmoddi4.o)
 .ARM.attributes
                0x0000000000000669       0x22 /home/hosni/STWorkbench/plugins/fr.ac6.mcu.externaltools.arm-none.linux64_1.16.0.201807130628/tools/compiler/bin/../lib/gcc/arm-none-eabi/7.2.1/thumb/v7e-m/fpv4-sp/hard/libgcc.a(_dvmd_tls.o)
 .ARM.attributes
                0x000000000000068b       0x34 /home/hosni/STWorkbench/plugins/fr.ac6.mcu.externaltools.arm-none.linux64_1.16.0.201807130628/tools/compiler/bin/../lib/gcc/arm-none-eabi/7.2.1/../../../../arm-none-eabi/lib/thumb/v7e-m/fpv4-sp/hard/libc_nano.a(lib_a-impure.o)
 .ARM.attributes
                0x00000000000006bf       0x34 /home/hosni/STWorkbench/plugins/fr.ac6.mcu.externaltools.arm-none.linux64_1.16.0.201807130628/tools/compiler/bin/../lib/gcc/arm-none-eabi/7.2.1/../../../../arm-none-eabi/lib/thumb/v7e-m/fpv4-sp/hard/libc_nano.a(lib_a-init.o)
 .ARM.attributes
                0x00000000000006f3       0x34 /home/hosni/STWorkbench/plugins/fr.ac6.mcu.externaltools.arm-none.linux64_1.16.0.201807130628/tools/compiler/bin/../lib/gcc/arm-none-eabi/7.2.1/../../../../arm-none-eabi/lib/thumb/v7e-m/fpv4-sp/hard/libc_nano.a(lib_a-memcpy-stub.o)
 .ARM.attributes
                0x0000000000000727       0x34 /home/hosni/STWorkbench/plugins/fr.ac6.mcu.externaltools.arm-none.linux64_1.16.0.201807130628/tools/compiler/bin/../lib/gcc/arm-none-eabi/7.2.1/../../../../arm-none-eabi/lib/thumb/v7e-m/fpv4-sp/hard/libc_nano.a(lib_a-memset.o)
 .ARM.attributes
                0x000000000000075b       0x34 /home/hosni/STWorkbench/plugins/fr.ac6.mcu.externaltools.arm-none.linux64_1.16.0.201807130628/tools/compiler/bin/../lib/gcc/arm-none-eabi/7.2.1/../../../../arm-none-eabi/lib/thumb/v7e-m/fpv4-sp/hard/libc_nano.a(lib_a-rand.o)
 .ARM.attributes
                0x000000000000078f       0x1b /home/hosni/STWorkbench/plugins/fr.ac6.mcu.externaltools.arm-none.linux64_1.16.0.201807130628/tools/compiler/bin/../lib/gcc/arm-none-eabi/7.2.1/../../../../arm-none-eabi/lib/thumb/v7e-m/fpv4-sp/hard/libc_nano.a(lib_a-strlen.o)
 .ARM.attributes
                0x00000000000007aa       0x34 /home/hosni/STWorkbench/plugins/fr.ac6.mcu.externaltools.arm-none.linux64_1.16.0.201807130628/tools/compiler/bin/../lib/gcc/arm-none-eabi/7.2.1/../../../../arm-none-eabi/lib/thumb/v7e-m/fpv4-sp/hard/libc_nano.a(lib_a-malloc.o)
 .ARM.attributes
                0x00000000000007de       0x34 /home/hosni/STWorkbench/plugins/fr.ac6.mcu.externaltools.arm-none.linux64_1.16.0.201807130628/tools/compiler/bin/../lib/gcc/arm-none-eabi/7.2.1/../../../../arm-none-eabi/lib/thumb/v7e-m/fpv4-sp/hard/libc_nano.a(lib_a-nano-mallocr.o)
 .ARM.attributes
                0x0000000000000812       0x34 /home/hosni/STWorkbench/plugins/fr.ac6.mcu.externaltools.arm-none.linux64_1.16.0.201807130628/tools/compiler/bin/../lib/gcc/arm-none-eabi/7.2.1/../../../../arm-none-eabi/lib/thumb/v7e-m/fpv4-sp/hard/libc_nano.a(lib_a-sbrkr.o)
 .ARM.attributes
                0x0000000000000846       0x34 /home/hosni/STWorkbench/plugins/fr.ac6.mcu.externaltools.arm-none.linux64_1.16.0.201807130628/tools/compiler/bin/../lib/gcc/arm-none-eabi/7.2.1/../../../../arm-none-eabi/lib/thumb/v7e-m/fpv4-sp/hard/libc_nano.a(lib_a-mlock.o)
 .ARM.attributes
                0x000000000000087a       0x34 /home/hosni/STWorkbench/plugins/fr.ac6.mcu.externaltools.arm-none.linux64_1.16.0.201807130628/tools/compiler/bin/../lib/gcc/arm-none-eabi/7.2.1/../../../../arm-none-eabi/lib/thumb/v7e-m/fpv4-sp/hard/libc_nano.a(lib_a-reent.o)
 .ARM.attributes
                0x00000000000008ae       0x34 /home/hosni/STWorkbench/plugins/fr.ac6.mcu.externaltools.arm-none.linux64_1.16.0.201807130628/tools/compiler/bin/../lib/gcc/arm-none-eabi/7.2.1/../../../../arm-none-eabi/lib/thumb/v7e-m/fpv4-sp/hard/libnosys.a(sbrk.o)
 .ARM.attributes
                0x00000000000008e2       0x22 /home/hosni/STWorkbench/plugins/fr.ac6.mcu.externaltools.arm-none.linux64_1.16.0.201807130628/tools/compiler/bin/../lib/gcc/arm-none-eabi/7.2.1/thumb/v7e-m/fpv4-sp/hard/crtn.o
OUTPUT(ST_Nucleo_f411.elf elf32-littlearm)

.debug_info     0x0000000000000000    0x207fb
 .debug_info    0x0000000000000000     0x116d Drivers/STM32F4xx_HAL_Driver/Src/stm32f4xx_hal.o
 .debug_info    0x000000000000116d     0x16c5 Drivers/STM32F4xx_HAL_Driver/Src/stm32f4xx_hal_cortex.o
 .debug_info    0x0000000000002832      0xfbb Drivers/STM32F4xx_HAL_Driver/Src/stm32f4xx_hal_gpio.o
 .debug_info    0x00000000000037ed     0x1285 Drivers/STM32F4xx_HAL_Driver/Src/stm32f4xx_hal_rcc.o
 .debug_info    0x0000000000004a72     0x21ff Drivers/STM32F4xx_HAL_Driver/Src/stm32f4xx_hal_spi.o
 .debug_info    0x0000000000006c71     0x1f12 Drivers/STM32F4xx_HAL_Driver/Src/stm32f4xx_hal_uart.o
 .debug_info    0x0000000000008b83     0x2f3e Middlewares/ST/BlueNRG-MS/hci/controller/bluenrg_gap_aci.o
 .debug_info    0x000000000000bac1     0x3285 Middlewares/ST/BlueNRG-MS/hci/controller/bluenrg_gatt_aci.o
 .debug_info    0x000000000000ed46     0x101f Middlewares/ST/BlueNRG-MS/hci/controller/bluenrg_hal_aci.o
 .debug_info    0x000000000000fd65      0xb71 Middlewares/ST/BlueNRG-MS/hci/controller/bluenrg_utils_small.o
 .debug_info    0x00000000000108d6     0x211f Middlewares/ST/BlueNRG-MS/hci/hci_le.o
 .debug_info    0x00000000000129f5     0x13d3 Middlewares/ST/BlueNRG-MS/hci/hci_tl_patterns/Basic/hci_tl.o
 .debug_info    0x0000000000013dc8      0xfb1 Middlewares/ST/BlueNRG-MS/utils/ble_list.o
 .debug_info    0x0000000000014d79     0x1294 Src/app_x-cube-ble1.o
 .debug_info    0x000000000001600d      0xf33 Src/gatt_db.o
 .debug_info    0x0000000000016f40     0x1452 Src/hci_tl_interface.o
 .debug_info    0x0000000000018392     0x172e Src/main.o
 .debug_info    0x0000000000019ac0     0x14da Src/nucleo_f411re_bus.o
 .debug_info    0x000000000001af9a      0xee1 Src/sensor.o
 .debug_info    0x000000000001be7b     0x1b52 Src/stm32f4_nucleo_f411re.o
 .debug_info    0x000000000001d9cd      0xaeb Src/stm32f4xx_hal_exti.o
 .debug_info    0x000000000001e4b8      0xb7f Src/stm32f4xx_hal_msp.o
 .debug_info    0x000000000001f037      0xa4f Src/stm32f4xx_it.o
 .debug_info    0x000000000001fa86      0xd53 Src/system_stm32f4xx.o
 .debug_info    0x00000000000207d9       0x22 startup/startup_stm32f411xe.o

.debug_abbrev   0x0000000000000000     0x41de
 .debug_abbrev  0x0000000000000000      0x2e5 Drivers/STM32F4xx_HAL_Driver/Src/stm32f4xx_hal.o
 .debug_abbrev  0x00000000000002e5      0x3d6 Drivers/STM32F4xx_HAL_Driver/Src/stm32f4xx_hal_cortex.o
 .debug_abbrev  0x00000000000006bb      0x2a7 Drivers/STM32F4xx_HAL_Driver/Src/stm32f4xx_hal_gpio.o
 .debug_abbrev  0x0000000000000962      0x333 Drivers/STM32F4xx_HAL_Driver/Src/stm32f4xx_hal_rcc.o
 .debug_abbrev  0x0000000000000c95      0x2f2 Drivers/STM32F4xx_HAL_Driver/Src/stm32f4xx_hal_spi.o
 .debug_abbrev  0x0000000000000f87      0x344 Drivers/STM32F4xx_HAL_Driver/Src/stm32f4xx_hal_uart.o
 .debug_abbrev  0x00000000000012cb      0x291 Middlewares/ST/BlueNRG-MS/hci/controller/bluenrg_gap_aci.o
 .debug_abbrev  0x000000000000155c      0x296 Middlewares/ST/BlueNRG-MS/hci/controller/bluenrg_gatt_aci.o
 .debug_abbrev  0x00000000000017f2      0x262 Middlewares/ST/BlueNRG-MS/hci/controller/bluenrg_hal_aci.o
 .debug_abbrev  0x0000000000001a54      0x1fb Middlewares/ST/BlueNRG-MS/hci/controller/bluenrg_utils_small.o
 .debug_abbrev  0x0000000000001c4f      0x291 Middlewares/ST/BlueNRG-MS/hci/hci_le.o
 .debug_abbrev  0x0000000000001ee0      0x383 Middlewares/ST/BlueNRG-MS/hci/hci_tl_patterns/Basic/hci_tl.o
 .debug_abbrev  0x0000000000002263      0x2bb Middlewares/ST/BlueNRG-MS/utils/ble_list.o
 .debug_abbrev  0x000000000000251e      0x2ec Src/app_x-cube-ble1.o
 .debug_abbrev  0x000000000000280a      0x2fc Src/gatt_db.o
 .debug_abbrev  0x0000000000002b06      0x2e7 Src/hci_tl_interface.o
 .debug_abbrev  0x0000000000002ded      0x2e0 Src/main.o
 .debug_abbrev  0x00000000000030cd      0x2d9 Src/nucleo_f411re_bus.o
 .debug_abbrev  0x00000000000033a6      0x2a5 Src/sensor.o
 .debug_abbrev  0x000000000000364b      0x352 Src/stm32f4_nucleo_f411re.o
 .debug_abbrev  0x000000000000399d      0x23f Src/stm32f4xx_hal_exti.o
 .debug_abbrev  0x0000000000003bdc      0x204 Src/stm32f4xx_hal_msp.o
 .debug_abbrev  0x0000000000003de0      0x1e7 Src/stm32f4xx_it.o
 .debug_abbrev  0x0000000000003fc7      0x205 Src/system_stm32f4xx.o
 .debug_abbrev  0x00000000000041cc       0x12 startup/startup_stm32f411xe.o

.debug_loc      0x0000000000000000     0xa9d6
 .debug_loc     0x0000000000000000       0xfd Drivers/STM32F4xx_HAL_Driver/Src/stm32f4xx_hal.o
 .debug_loc     0x00000000000000fd      0x5ce Drivers/STM32F4xx_HAL_Driver/Src/stm32f4xx_hal_cortex.o
 .debug_loc     0x00000000000006cb      0x469 Drivers/STM32F4xx_HAL_Driver/Src/stm32f4xx_hal_gpio.o
 .debug_loc     0x0000000000000b34      0x3f1 Drivers/STM32F4xx_HAL_Driver/Src/stm32f4xx_hal_rcc.o
 .debug_loc     0x0000000000000f25     0x1937 Drivers/STM32F4xx_HAL_Driver/Src/stm32f4xx_hal_spi.o
 .debug_loc     0x000000000000285c     0x158b Drivers/STM32F4xx_HAL_Driver/Src/stm32f4xx_hal_uart.o
 .debug_loc     0x0000000000003de7     0x212c Middlewares/ST/BlueNRG-MS/hci/controller/bluenrg_gap_aci.o
 .debug_loc     0x0000000000005f13     0x2a09 Middlewares/ST/BlueNRG-MS/hci/controller/bluenrg_gatt_aci.o
 .debug_loc     0x000000000000891c      0x308 Middlewares/ST/BlueNRG-MS/hci/controller/bluenrg_hal_aci.o
 .debug_loc     0x0000000000008c24       0x3c Middlewares/ST/BlueNRG-MS/hci/controller/bluenrg_utils_small.o
 .debug_loc     0x0000000000008c60      0x983 Middlewares/ST/BlueNRG-MS/hci/hci_le.o
 .debug_loc     0x00000000000095e3      0x491 Middlewares/ST/BlueNRG-MS/hci/hci_tl_patterns/Basic/hci_tl.o
 .debug_loc     0x0000000000009a74      0x131 Middlewares/ST/BlueNRG-MS/utils/ble_list.o
 .debug_loc     0x0000000000009ba5      0x16c Src/app_x-cube-ble1.o
 .debug_loc     0x0000000000009d11      0x1f6 Src/gatt_db.o
 .debug_loc     0x0000000000009f07      0x189 Src/hci_tl_interface.o
 .debug_loc     0x000000000000a090      0x24a Src/nucleo_f411re_bus.o
 .debug_loc     0x000000000000a2da      0x248 Src/sensor.o
 .debug_loc     0x000000000000a522      0x280 Src/stm32f4_nucleo_f411re.o
 .debug_loc     0x000000000000a7a2       0xf6 Src/stm32f4xx_hal_exti.o
 .debug_loc     0x000000000000a898      0x13e Src/system_stm32f4xx.o

.debug_aranges  0x0000000000000000      0xed0
 .debug_aranges
                0x0000000000000000       0xe0 Drivers/STM32F4xx_HAL_Driver/Src/stm32f4xx_hal.o
 .debug_aranges
                0x00000000000000e0       0xa8 Drivers/STM32F4xx_HAL_Driver/Src/stm32f4xx_hal_cortex.o
 .debug_aranges
                0x0000000000000188       0x58 Drivers/STM32F4xx_HAL_Driver/Src/stm32f4xx_hal_gpio.o
 .debug_aranges
                0x00000000000001e0       0x88 Drivers/STM32F4xx_HAL_Driver/Src/stm32f4xx_hal_rcc.o
 .debug_aranges
                0x0000000000000268      0x1c8 Drivers/STM32F4xx_HAL_Driver/Src/stm32f4xx_hal_spi.o
 .debug_aranges
                0x0000000000000430      0x1d0 Drivers/STM32F4xx_HAL_Driver/Src/stm32f4xx_hal_uart.o
 .debug_aranges
                0x0000000000000600      0x168 Middlewares/ST/BlueNRG-MS/hci/controller/bluenrg_gap_aci.o
 .debug_aranges
                0x0000000000000768      0x178 Middlewares/ST/BlueNRG-MS/hci/controller/bluenrg_gatt_aci.o
 .debug_aranges
                0x00000000000008e0       0x68 Middlewares/ST/BlueNRG-MS/hci/controller/bluenrg_hal_aci.o
 .debug_aranges
                0x0000000000000948       0x20 Middlewares/ST/BlueNRG-MS/hci/controller/bluenrg_utils_small.o
 .debug_aranges
                0x0000000000000968      0x110 Middlewares/ST/BlueNRG-MS/hci/hci_le.o
 .debug_aranges
                0x0000000000000a78       0x60 Middlewares/ST/BlueNRG-MS/hci/hci_tl_patterns/Basic/hci_tl.o
 .debug_aranges
                0x0000000000000ad8       0x78 Middlewares/ST/BlueNRG-MS/utils/ble_list.o
 .debug_aranges
                0x0000000000000b50       0x58 Src/app_x-cube-ble1.o
 .debug_aranges
                0x0000000000000ba8       0x48 Src/gatt_db.o
 .debug_aranges
                0x0000000000000bf0       0x58 Src/hci_tl_interface.o
 .debug_aranges
                0x0000000000000c48       0x38 Src/main.o
 .debug_aranges
                0x0000000000000c80       0x60 Src/nucleo_f411re_bus.o
 .debug_aranges
                0x0000000000000ce0       0x38 Src/sensor.o
 .debug_aranges
                0x0000000000000d18       0xb0 Src/stm32f4_nucleo_f411re.o
 .debug_aranges
                0x0000000000000dc8       0x30 Src/stm32f4xx_hal_exti.o
 .debug_aranges
                0x0000000000000df8       0x20 Src/stm32f4xx_hal_msp.o
 .debug_aranges
                0x0000000000000e18       0x68 Src/stm32f4xx_it.o
 .debug_aranges
                0x0000000000000e80       0x28 Src/system_stm32f4xx.o
 .debug_aranges
                0x0000000000000ea8       0x28 startup/startup_stm32f411xe.o

.debug_ranges   0x0000000000000000      0xde0
 .debug_ranges  0x0000000000000000       0xd0 Drivers/STM32F4xx_HAL_Driver/Src/stm32f4xx_hal.o
 .debug_ranges  0x00000000000000d0       0xf8 Drivers/STM32F4xx_HAL_Driver/Src/stm32f4xx_hal_cortex.o
 .debug_ranges  0x00000000000001c8       0x48 Drivers/STM32F4xx_HAL_Driver/Src/stm32f4xx_hal_gpio.o
 .debug_ranges  0x0000000000000210       0x90 Drivers/STM32F4xx_HAL_Driver/Src/stm32f4xx_hal_rcc.o
 .debug_ranges  0x00000000000002a0      0x1b8 Drivers/STM32F4xx_HAL_Driver/Src/stm32f4xx_hal_spi.o
 .debug_ranges  0x0000000000000458      0x1c0 Drivers/STM32F4xx_HAL_Driver/Src/stm32f4xx_hal_uart.o
 .debug_ranges  0x0000000000000618      0x158 Middlewares/ST/BlueNRG-MS/hci/controller/bluenrg_gap_aci.o
 .debug_ranges  0x0000000000000770      0x168 Middlewares/ST/BlueNRG-MS/hci/controller/bluenrg_gatt_aci.o
 .debug_ranges  0x00000000000008d8       0x58 Middlewares/ST/BlueNRG-MS/hci/controller/bluenrg_hal_aci.o
 .debug_ranges  0x0000000000000930       0x10 Middlewares/ST/BlueNRG-MS/hci/controller/bluenrg_utils_small.o
 .debug_ranges  0x0000000000000940      0x100 Middlewares/ST/BlueNRG-MS/hci/hci_le.o
 .debug_ranges  0x0000000000000a40       0x70 Middlewares/ST/BlueNRG-MS/hci/hci_tl_patterns/Basic/hci_tl.o
 .debug_ranges  0x0000000000000ab0       0x68 Middlewares/ST/BlueNRG-MS/utils/ble_list.o
 .debug_ranges  0x0000000000000b18       0x48 Src/app_x-cube-ble1.o
 .debug_ranges  0x0000000000000b60       0x38 Src/gatt_db.o
 .debug_ranges  0x0000000000000b98       0x48 Src/hci_tl_interface.o
 .debug_ranges  0x0000000000000be0       0x28 Src/main.o
 .debug_ranges  0x0000000000000c08       0x50 Src/nucleo_f411re_bus.o
 .debug_ranges  0x0000000000000c58       0x28 Src/sensor.o
 .debug_ranges  0x0000000000000c80       0xa0 Src/stm32f4_nucleo_f411re.o
 .debug_ranges  0x0000000000000d20       0x20 Src/stm32f4xx_hal_exti.o
 .debug_ranges  0x0000000000000d40       0x10 Src/stm32f4xx_hal_msp.o
 .debug_ranges  0x0000000000000d50       0x58 Src/stm32f4xx_it.o
 .debug_ranges  0x0000000000000da8       0x18 Src/system_stm32f4xx.o
 .debug_ranges  0x0000000000000dc0       0x20 startup/startup_stm32f411xe.o

.debug_macro    0x0000000000000000    0x1b9a7
 .debug_macro   0x0000000000000000      0x372 Drivers/STM32F4xx_HAL_Driver/Src/stm32f4xx_hal.o
 .debug_macro   0x0000000000000372      0xa60 Drivers/STM32F4xx_HAL_Driver/Src/stm32f4xx_hal.o
 .debug_macro   0x0000000000000dd2      0x18c Drivers/STM32F4xx_HAL_Driver/Src/stm32f4xx_hal.o
 .debug_macro   0x0000000000000f5e       0x32 Drivers/STM32F4xx_HAL_Driver/Src/stm32f4xx_hal.o
 .debug_macro   0x0000000000000f90       0x28 Drivers/STM32F4xx_HAL_Driver/Src/stm32f4xx_hal.o
 .debug_macro   0x0000000000000fb8       0x22 Drivers/STM32F4xx_HAL_Driver/Src/stm32f4xx_hal.o
 .debug_macro   0x0000000000000fda       0x87 Drivers/STM32F4xx_HAL_Driver/Src/stm32f4xx_hal.o
 .debug_macro   0x0000000000001061       0x51 Drivers/STM32F4xx_HAL_Driver/Src/stm32f4xx_hal.o
 .debug_macro   0x00000000000010b2       0xef Drivers/STM32F4xx_HAL_Driver/Src/stm32f4xx_hal.o
 .debug_macro   0x00000000000011a1       0x6a Drivers/STM32F4xx_HAL_Driver/Src/stm32f4xx_hal.o
 .debug_macro   0x000000000000120b      0x1df Drivers/STM32F4xx_HAL_Driver/Src/stm32f4xx_hal.o
 .debug_macro   0x00000000000013ea       0x35 Drivers/STM32F4xx_HAL_Driver/Src/stm32f4xx_hal.o
 .debug_macro   0x000000000000141f       0x50 Drivers/STM32F4xx_HAL_Driver/Src/stm32f4xx_hal.o
 .debug_macro   0x000000000000146f      0xe66 Drivers/STM32F4xx_HAL_Driver/Src/stm32f4xx_hal.o
 .debug_macro   0x00000000000022d5     0xb803 Drivers/STM32F4xx_HAL_Driver/Src/stm32f4xx_hal.o
 .debug_macro   0x000000000000dad8       0x43 Drivers/STM32F4xx_HAL_Driver/Src/stm32f4xx_hal.o
 .debug_macro   0x000000000000db1b     0x3535 Drivers/STM32F4xx_HAL_Driver/Src/stm32f4xx_hal.o
 .debug_macro   0x0000000000011050       0x58 Drivers/STM32F4xx_HAL_Driver/Src/stm32f4xx_hal.o
 .debug_macro   0x00000000000110a8       0x17 Drivers/STM32F4xx_HAL_Driver/Src/stm32f4xx_hal.o
 .debug_macro   0x00000000000110bf       0x35 Drivers/STM32F4xx_HAL_Driver/Src/stm32f4xx_hal.o
 .debug_macro   0x00000000000110f4       0x9c Drivers/STM32F4xx_HAL_Driver/Src/stm32f4xx_hal.o
 .debug_macro   0x0000000000011190       0x16 Drivers/STM32F4xx_HAL_Driver/Src/stm32f4xx_hal.o
 .debug_macro   0x00000000000111a6       0x97 Drivers/STM32F4xx_HAL_Driver/Src/stm32f4xx_hal.o
 .debug_macro   0x000000000001123d      0x330 Drivers/STM32F4xx_HAL_Driver/Src/stm32f4xx_hal.o
 .debug_macro   0x000000000001156d       0xfd Drivers/STM32F4xx_HAL_Driver/Src/stm32f4xx_hal.o
 .debug_macro   0x000000000001166a       0x10 Drivers/STM32F4xx_HAL_Driver/Src/stm32f4xx_hal.o
 .debug_macro   0x000000000001167a       0x58 Drivers/STM32F4xx_HAL_Driver/Src/stm32f4xx_hal.o
 .debug_macro   0x00000000000116d2       0x1f Drivers/STM32F4xx_HAL_Driver/Src/stm32f4xx_hal.o
 .debug_macro   0x00000000000116f1       0x43 Drivers/STM32F4xx_HAL_Driver/Src/stm32f4xx_hal.o
 .debug_macro   0x0000000000011734       0x20 Drivers/STM32F4xx_HAL_Driver/Src/stm32f4xx_hal.o
 .debug_macro   0x0000000000011754      0x18e Drivers/STM32F4xx_HAL_Driver/Src/stm32f4xx_hal.o
 .debug_macro   0x00000000000118e2       0x10 Drivers/STM32F4xx_HAL_Driver/Src/stm32f4xx_hal.o
 .debug_macro   0x00000000000118f2       0x1c Drivers/STM32F4xx_HAL_Driver/Src/stm32f4xx_hal.o
 .debug_macro   0x000000000001190e       0x52 Drivers/STM32F4xx_HAL_Driver/Src/stm32f4xx_hal.o
 .debug_macro   0x0000000000011960       0x40 Drivers/STM32F4xx_HAL_Driver/Src/stm32f4xx_hal.o
 .debug_macro   0x00000000000119a0       0x10 Drivers/STM32F4xx_HAL_Driver/Src/stm32f4xx_hal.o
 .debug_macro   0x00000000000119b0       0x40 Drivers/STM32F4xx_HAL_Driver/Src/stm32f4xx_hal.o
 .debug_macro   0x00000000000119f0       0xd7 Drivers/STM32F4xx_HAL_Driver/Src/stm32f4xx_hal.o
 .debug_macro   0x0000000000011ac7       0x1c Drivers/STM32F4xx_HAL_Driver/Src/stm32f4xx_hal.o
 .debug_macro   0x0000000000011ae3       0x3d Drivers/STM32F4xx_HAL_Driver/Src/stm32f4xx_hal.o
 .debug_macro   0x0000000000011b20       0x16 Drivers/STM32F4xx_HAL_Driver/Src/stm32f4xx_hal.o
 .debug_macro   0x0000000000011b36      0x16f Drivers/STM32F4xx_HAL_Driver/Src/stm32f4xx_hal.o
 .debug_macro   0x0000000000011ca5       0x50 Drivers/STM32F4xx_HAL_Driver/Src/stm32f4xx_hal.o
 .debug_macro   0x0000000000011cf5      0x447 Drivers/STM32F4xx_HAL_Driver/Src/stm32f4xx_hal.o
 .debug_macro   0x000000000001213c      0xa02 Drivers/STM32F4xx_HAL_Driver/Src/stm32f4xx_hal.o
 .debug_macro   0x0000000000012b3e      0x131 Drivers/STM32F4xx_HAL_Driver/Src/stm32f4xx_hal.o
 .debug_macro   0x0000000000012c6f      0x11e Drivers/STM32F4xx_HAL_Driver/Src/stm32f4xx_hal.o
 .debug_macro   0x0000000000012d8d      0x11b Drivers/STM32F4xx_HAL_Driver/Src/stm32f4xx_hal.o
 .debug_macro   0x0000000000012ea8       0x27 Drivers/STM32F4xx_HAL_Driver/Src/stm32f4xx_hal.o
 .debug_macro   0x0000000000012ecf      0x287 Drivers/STM32F4xx_HAL_Driver/Src/stm32f4xx_hal.o
 .debug_macro   0x0000000000013156       0x5f Drivers/STM32F4xx_HAL_Driver/Src/stm32f4xx_hal.o
 .debug_macro   0x00000000000131b5      0x23a Drivers/STM32F4xx_HAL_Driver/Src/stm32f4xx_hal.o
 .debug_macro   0x00000000000133ef      0x13a Drivers/STM32F4xx_HAL_Driver/Src/stm32f4xx_hal.o
 .debug_macro   0x0000000000013529      0x264 Drivers/STM32F4xx_HAL_Driver/Src/stm32f4xx_hal.o
 .debug_macro   0x000000000001378d       0x2e Drivers/STM32F4xx_HAL_Driver/Src/stm32f4xx_hal.o
 .debug_macro   0x00000000000137bb      0x11e Drivers/STM32F4xx_HAL_Driver/Src/stm32f4xx_hal.o
 .debug_macro   0x00000000000138d9       0x85 Drivers/STM32F4xx_HAL_Driver/Src/stm32f4xx_hal.o
 .debug_macro   0x000000000001395e       0x89 Drivers/STM32F4xx_HAL_Driver/Src/stm32f4xx_hal.o
 .debug_macro   0x00000000000139e7      0x202 Drivers/STM32F4xx_HAL_Driver/Src/stm32f4xx_hal.o
 .debug_macro   0x0000000000013be9      0x287 Drivers/STM32F4xx_HAL_Driver/Src/stm32f4xx_hal.o
 .debug_macro   0x0000000000013e70      0x12d Drivers/STM32F4xx_HAL_Driver/Src/stm32f4xx_hal.o
 .debug_macro   0x0000000000013f9d      0x312 Drivers/STM32F4xx_HAL_Driver/Src/stm32f4xx_hal_cortex.o
 .debug_macro   0x00000000000142af      0x34a Drivers/STM32F4xx_HAL_Driver/Src/stm32f4xx_hal_gpio.o
 .debug_macro   0x00000000000145f9      0x336 Drivers/STM32F4xx_HAL_Driver/Src/stm32f4xx_hal_rcc.o
 .debug_macro   0x000000000001492f      0x31a Drivers/STM32F4xx_HAL_Driver/Src/stm32f4xx_hal_spi.o
 .debug_macro   0x0000000000014c49      0x313 Drivers/STM32F4xx_HAL_Driver/Src/stm32f4xx_hal_uart.o
 .debug_macro   0x0000000000014f5c      0x407 Middlewares/ST/BlueNRG-MS/hci/controller/bluenrg_gap_aci.o
 .debug_macro   0x0000000000015363       0x9b Middlewares/ST/BlueNRG-MS/hci/controller/bluenrg_gap_aci.o
 .debug_macro   0x00000000000153fe       0x16 Middlewares/ST/BlueNRG-MS/hci/controller/bluenrg_gap_aci.o
 .debug_macro   0x0000000000015414       0x3a Middlewares/ST/BlueNRG-MS/hci/controller/bluenrg_gap_aci.o
 .debug_macro   0x000000000001544e       0x3b Middlewares/ST/BlueNRG-MS/hci/controller/bluenrg_gap_aci.o
 .debug_macro   0x0000000000015489       0x16 Middlewares/ST/BlueNRG-MS/hci/controller/bluenrg_gap_aci.o
 .debug_macro   0x000000000001549f       0x35 Middlewares/ST/BlueNRG-MS/hci/controller/bluenrg_gap_aci.o
 .debug_macro   0x00000000000154d4       0x88 Middlewares/ST/BlueNRG-MS/hci/controller/bluenrg_gap_aci.o
 .debug_macro   0x000000000001555c       0x1c Middlewares/ST/BlueNRG-MS/hci/controller/bluenrg_gap_aci.o
 .debug_macro   0x0000000000015578      0x37e Middlewares/ST/BlueNRG-MS/hci/controller/bluenrg_gap_aci.o
 .debug_macro   0x00000000000158f6      0x174 Middlewares/ST/BlueNRG-MS/hci/controller/bluenrg_gap_aci.o
 .debug_macro   0x0000000000015a6a      0x4bd Middlewares/ST/BlueNRG-MS/hci/controller/bluenrg_gap_aci.o
 .debug_macro   0x0000000000015f27       0x50 Middlewares/ST/BlueNRG-MS/hci/controller/bluenrg_gap_aci.o
 .debug_macro   0x0000000000015f77      0x1b4 Middlewares/ST/BlueNRG-MS/hci/controller/bluenrg_gap_aci.o
 .debug_macro   0x000000000001612b      0x407 Middlewares/ST/BlueNRG-MS/hci/controller/bluenrg_gatt_aci.o
 .debug_macro   0x0000000000016532       0xab Middlewares/ST/BlueNRG-MS/hci/controller/bluenrg_gatt_aci.o
 .debug_macro   0x00000000000165dd      0x407 Middlewares/ST/BlueNRG-MS/hci/controller/bluenrg_hal_aci.o
 .debug_macro   0x00000000000169e4      0x264 Middlewares/ST/BlueNRG-MS/hci/controller/bluenrg_hal_aci.o
 .debug_macro   0x0000000000016c48      0x42a Middlewares/ST/BlueNRG-MS/hci/controller/bluenrg_utils_small.o
 .debug_macro   0x0000000000017072      0x172 Middlewares/ST/BlueNRG-MS/hci/controller/bluenrg_utils_small.o
 .debug_macro   0x00000000000171e4      0x3d4 Middlewares/ST/BlueNRG-MS/hci/hci_le.o
 .debug_macro   0x00000000000175b8      0x176 Middlewares/ST/BlueNRG-MS/hci/hci_le.o
 .debug_macro   0x000000000001772e      0x16c Middlewares/ST/BlueNRG-MS/hci/hci_le.o
 .debug_macro   0x000000000001789a      0x3ed Middlewares/ST/BlueNRG-MS/hci/hci_tl_patterns/Basic/hci_tl.o
 .debug_macro   0x0000000000017c87      0x320 Middlewares/ST/BlueNRG-MS/utils/ble_list.o
 .debug_macro   0x0000000000017fa7      0x495 Src/app_x-cube-ble1.o
 .debug_macro   0x000000000001843c       0x22 Src/app_x-cube-ble1.o
 .debug_macro   0x000000000001845e       0x16 Src/app_x-cube-ble1.o
 .debug_macro   0x0000000000018474       0x16 Src/app_x-cube-ble1.o
 .debug_macro   0x000000000001848a       0x29 Src/app_x-cube-ble1.o
 .debug_macro   0x00000000000184b3       0x22 Src/app_x-cube-ble1.o
 .debug_macro   0x00000000000184d5       0x52 Src/app_x-cube-ble1.o
 .debug_macro   0x0000000000018527       0xdb Src/app_x-cube-ble1.o
 .debug_macro   0x0000000000018602      0x1ba Src/app_x-cube-ble1.o
 .debug_macro   0x00000000000187bc       0xa5 Src/app_x-cube-ble1.o
 .debug_macro   0x0000000000018861       0xdd Src/app_x-cube-ble1.o
 .debug_macro   0x000000000001893e      0x6e0 Src/app_x-cube-ble1.o
 .debug_macro   0x000000000001901e       0x59 Src/app_x-cube-ble1.o
 .debug_macro   0x0000000000019077      0x14d Src/app_x-cube-ble1.o
 .debug_macro   0x00000000000191c4      0x3ed Src/gatt_db.o
 .debug_macro   0x00000000000195b1       0x52 Src/gatt_db.o
 .debug_macro   0x0000000000019603       0x8d Src/gatt_db.o
 .debug_macro   0x0000000000019690       0x57 Src/gatt_db.o
 .debug_macro   0x00000000000196e7       0x4c Src/gatt_db.o
 .debug_macro   0x0000000000019733       0x28 Src/gatt_db.o
 .debug_macro   0x000000000001975b      0x16e Src/gatt_db.o
 .debug_macro   0x00000000000198c9      0x396 Src/hci_tl_interface.o
 .debug_macro   0x0000000000019c5f       0x1c Src/hci_tl_interface.o
 .debug_macro   0x0000000000019c7b       0x58 Src/hci_tl_interface.o
 .debug_macro   0x0000000000019cd3      0x33e Src/main.o
 .debug_macro   0x000000000001a011       0x4c Src/main.o
 .debug_macro   0x000000000001a05d      0x324 Src/nucleo_f411re_bus.o
 .debug_macro   0x000000000001a381       0x4c Src/nucleo_f411re_bus.o
 .debug_macro   0x000000000001a3cd      0x461 Src/sensor.o
 .debug_macro   0x000000000001a82e       0x1c Src/sensor.o
 .debug_macro   0x000000000001a84a       0x52 Src/sensor.o
 .debug_macro   0x000000000001a89c      0x356 Src/stm32f4_nucleo_f411re.o
 .debug_macro   0x000000000001abf2      0x31c Src/stm32f4xx_hal_exti.o
 .debug_macro   0x000000000001af0e      0x12b Src/stm32f4xx_hal_exti.o
 .debug_macro   0x000000000001b039      0x321 Src/stm32f4xx_hal_msp.o
 .debug_macro   0x000000000001b35a      0x32b Src/stm32f4xx_it.o
 .debug_macro   0x000000000001b685      0x322 Src/system_stm32f4xx.o

.debug_line     0x0000000000000000    0x10464
 .debug_line    0x0000000000000000      0x98f Drivers/STM32F4xx_HAL_Driver/Src/stm32f4xx_hal.o
 .debug_line    0x000000000000098f      0x9ea Drivers/STM32F4xx_HAL_Driver/Src/stm32f4xx_hal_cortex.o
 .debug_line    0x0000000000001379      0x914 Drivers/STM32F4xx_HAL_Driver/Src/stm32f4xx_hal_gpio.o
 .debug_line    0x0000000000001c8d      0xa26 Drivers/STM32F4xx_HAL_Driver/Src/stm32f4xx_hal_rcc.o
 .debug_line    0x00000000000026b3     0x11a2 Drivers/STM32F4xx_HAL_Driver/Src/stm32f4xx_hal_spi.o
 .debug_line    0x0000000000003855     0x10ba Drivers/STM32F4xx_HAL_Driver/Src/stm32f4xx_hal_uart.o
 .debug_line    0x000000000000490f      0xf42 Middlewares/ST/BlueNRG-MS/hci/controller/bluenrg_gap_aci.o
 .debug_line    0x0000000000005851     0x1027 Middlewares/ST/BlueNRG-MS/hci/controller/bluenrg_gatt_aci.o
 .debug_line    0x0000000000006878      0xb13 Middlewares/ST/BlueNRG-MS/hci/controller/bluenrg_hal_aci.o
 .debug_line    0x000000000000738b      0xa6a Middlewares/ST/BlueNRG-MS/hci/controller/bluenrg_utils_small.o
 .debug_line    0x0000000000007df5      0xd1f Middlewares/ST/BlueNRG-MS/hci/hci_le.o
 .debug_line    0x0000000000008b14      0xade Middlewares/ST/BlueNRG-MS/hci/hci_tl_patterns/Basic/hci_tl.o
 .debug_line    0x00000000000095f2      0x9c7 Middlewares/ST/BlueNRG-MS/utils/ble_list.o
 .debug_line    0x0000000000009fb9      0xc3c Src/app_x-cube-ble1.o
 .debug_line    0x000000000000abf5      0x94e Src/gatt_db.o
 .debug_line    0x000000000000b543      0xa23 Src/hci_tl_interface.o
 .debug_line    0x000000000000bf66      0x845 Src/main.o
 .debug_line    0x000000000000c7ab      0x89f Src/nucleo_f411re_bus.o
 .debug_line    0x000000000000d04a      0xa90 Src/sensor.o
 .debug_line    0x000000000000dada      0x953 Src/stm32f4_nucleo_f411re.o
 .debug_line    0x000000000000e42d      0x7e1 Src/stm32f4xx_hal_exti.o
 .debug_line    0x000000000000ec0e      0x7b0 Src/stm32f4xx_hal_msp.o
 .debug_line    0x000000000000f3be      0x851 Src/stm32f4xx_it.o
 .debug_line    0x000000000000fc0f      0x7d6 Src/system_stm32f4xx.o
 .debug_line    0x00000000000103e5       0x7f startup/startup_stm32f411xe.o

.debug_str      0x0000000000000000    0x92018
 .debug_str     0x0000000000000000    0x80959 Drivers/STM32F4xx_HAL_Driver/Src/stm32f4xx_hal.o
                                      0x80d59 (size before relaxing)
 .debug_str     0x0000000000080959      0x3ae Drivers/STM32F4xx_HAL_Driver/Src/stm32f4xx_hal_cortex.o
                                      0x80a89 (size before relaxing)
 .debug_str     0x0000000000080d07      0x292 Drivers/STM32F4xx_HAL_Driver/Src/stm32f4xx_hal_gpio.o
                                      0x80586 (size before relaxing)
 .debug_str     0x0000000000080f99      0x384 Drivers/STM32F4xx_HAL_Driver/Src/stm32f4xx_hal_rcc.o
                                      0x80750 (size before relaxing)
 .debug_str     0x000000000008131d      0x919 Drivers/STM32F4xx_HAL_Driver/Src/stm32f4xx_hal_spi.o
                                      0x80b5a (size before relaxing)
 .debug_str     0x0000000000081c36      0x67b Drivers/STM32F4xx_HAL_Driver/Src/stm32f4xx_hal_uart.o
                                      0x80bb9 (size before relaxing)
 .debug_str     0x00000000000822b1     0x53e9 Middlewares/ST/BlueNRG-MS/hci/controller/bluenrg_gap_aci.o
                                      0x859d8 (size before relaxing)
 .debug_str     0x000000000008769a     0x1045 Middlewares/ST/BlueNRG-MS/hci/controller/bluenrg_gatt_aci.o
                                      0x85a50 (size before relaxing)
 .debug_str     0x00000000000886df      0xcef Middlewares/ST/BlueNRG-MS/hci/controller/bluenrg_hal_aci.o
                                      0x853fc (size before relaxing)
 .debug_str     0x00000000000893ce      0xb1f Middlewares/ST/BlueNRG-MS/hci/controller/bluenrg_utils_small.o
                                      0x857ab (size before relaxing)
 .debug_str     0x0000000000089eed      0x755 Middlewares/ST/BlueNRG-MS/hci/hci_le.o
                                      0x831b0 (size before relaxing)
 .debug_str     0x000000000008a642      0x373 Middlewares/ST/BlueNRG-MS/hci/hci_tl_patterns/Basic/hci_tl.o
                                      0x82301 (size before relaxing)
 .debug_str     0x000000000008a9b5      0x107 Middlewares/ST/BlueNRG-MS/utils/ble_list.o
                                      0x8032f (size before relaxing)
 .debug_str     0x000000000008aabc     0x645e Src/app_x-cube-ble1.o
                                      0x89e17 (size before relaxing)
 .debug_str     0x0000000000090f1a      0x778 Src/gatt_db.o
                                      0x81ff3 (size before relaxing)
 .debug_str     0x0000000000091692      0x1d0 Src/hci_tl_interface.o
                                      0x80dbf (size before relaxing)
 .debug_str     0x0000000000091862       0x5a Src/main.o
                                      0x811c7 (size before relaxing)
 .debug_str     0x00000000000918bc       0xbb Src/nucleo_f411re_bus.o
                                      0x80a47 (size before relaxing)
 .debug_str     0x0000000000091977      0x132 Src/sensor.o
                                      0x85758 (size before relaxing)
 .debug_str     0x0000000000091aa9      0x394 Src/stm32f4_nucleo_f411re.o
                                      0x814be (size before relaxing)
 .debug_str     0x0000000000091e3d       0x7f Src/stm32f4xx_hal_exti.o
                                      0x802b4 (size before relaxing)
 .debug_str     0x0000000000091ebc       0x1b Src/stm32f4xx_hal_msp.o
                                      0x803d7 (size before relaxing)
 .debug_str     0x0000000000091ed7       0xb7 Src/stm32f4xx_it.o
                                      0x8038f (size before relaxing)
 .debug_str     0x0000000000091f8e       0x5a Src/system_stm32f4xx.o
                                      0x80342 (size before relaxing)
 .debug_str     0x0000000000091fe8       0x30 startup/startup_stm32f411xe.o
                                         0x5b (size before relaxing)

.comment        0x0000000000000000       0x7e
 .comment       0x0000000000000000       0x7e Drivers/STM32F4xx_HAL_Driver/Src/stm32f4xx_hal.o
                                         0x7f (size before relaxing)
 .comment       0x000000000000007e       0x7f Drivers/STM32F4xx_HAL_Driver/Src/stm32f4xx_hal_cortex.o
 .comment       0x000000000000007e       0x7f Drivers/STM32F4xx_HAL_Driver/Src/stm32f4xx_hal_gpio.o
 .comment       0x000000000000007e       0x7f Drivers/STM32F4xx_HAL_Driver/Src/stm32f4xx_hal_rcc.o
 .comment       0x000000000000007e       0x7f Drivers/STM32F4xx_HAL_Driver/Src/stm32f4xx_hal_spi.o
 .comment       0x000000000000007e       0x7f Drivers/STM32F4xx_HAL_Driver/Src/stm32f4xx_hal_uart.o
 .comment       0x000000000000007e       0x7f Middlewares/ST/BlueNRG-MS/hci/controller/bluenrg_gap_aci.o
 .comment       0x000000000000007e       0x7f Middlewares/ST/BlueNRG-MS/hci/controller/bluenrg_gatt_aci.o
 .comment       0x000000000000007e       0x7f Middlewares/ST/BlueNRG-MS/hci/controller/bluenrg_hal_aci.o
 .comment       0x000000000000007e       0x7f Middlewares/ST/BlueNRG-MS/hci/controller/bluenrg_utils_small.o
 .comment       0x000000000000007e       0x7f Middlewares/ST/BlueNRG-MS/hci/hci_le.o
 .comment       0x000000000000007e       0x7f Middlewares/ST/BlueNRG-MS/hci/hci_tl_patterns/Basic/hci_tl.o
 .comment       0x000000000000007e       0x7f Middlewares/ST/BlueNRG-MS/utils/ble_list.o
 .comment       0x000000000000007e       0x7f Src/app_x-cube-ble1.o
 .comment       0x000000000000007e       0x7f Src/gatt_db.o
 .comment       0x000000000000007e       0x7f Src/hci_tl_interface.o
 .comment       0x000000000000007e       0x7f Src/main.o
 .comment       0x000000000000007e       0x7f Src/nucleo_f411re_bus.o
 .comment       0x000000000000007e       0x7f Src/sensor.o
 .comment       0x000000000000007e       0x7f Src/stm32f4_nucleo_f411re.o
 .comment       0x000000000000007e       0x7f Src/stm32f4xx_hal_exti.o
 .comment       0x000000000000007e       0x7f Src/stm32f4xx_hal_msp.o
 .comment       0x000000000000007e       0x7f Src/stm32f4xx_it.o
 .comment       0x000000000000007e       0x7f Src/system_stm32f4xx.o

.debug_frame    0x0000000000000000     0x2ea4
 .debug_frame   0x0000000000000000      0x1cc Drivers/STM32F4xx_HAL_Driver/Src/stm32f4xx_hal.o
 .debug_frame   0x00000000000001cc      0x15c Drivers/STM32F4xx_HAL_Driver/Src/stm32f4xx_hal_cortex.o
 .debug_frame   0x0000000000000328       0xd8 Drivers/STM32F4xx_HAL_Driver/Src/stm32f4xx_hal_gpio.o
 .debug_frame   0x0000000000000400      0x184 Drivers/STM32F4xx_HAL_Driver/Src/stm32f4xx_hal_rcc.o
 .debug_frame   0x0000000000000584      0x55c Drivers/STM32F4xx_HAL_Driver/Src/stm32f4xx_hal_spi.o
 .debug_frame   0x0000000000000ae0      0x4f0 Drivers/STM32F4xx_HAL_Driver/Src/stm32f4xx_hal_uart.o
 .debug_frame   0x0000000000000fd0      0x5a4 Middlewares/ST/BlueNRG-MS/hci/controller/bluenrg_gap_aci.o
 .debug_frame   0x0000000000001574      0x630 Middlewares/ST/BlueNRG-MS/hci/controller/bluenrg_gatt_aci.o
 .debug_frame   0x0000000000001ba4      0x16c Middlewares/ST/BlueNRG-MS/hci/controller/bluenrg_hal_aci.o
 .debug_frame   0x0000000000001d10       0x30 Middlewares/ST/BlueNRG-MS/hci/controller/bluenrg_utils_small.o
 .debug_frame   0x0000000000001d40      0x428 Middlewares/ST/BlueNRG-MS/hci/hci_le.o
 .debug_frame   0x0000000000002168      0x108 Middlewares/ST/BlueNRG-MS/hci/hci_tl_patterns/Basic/hci_tl.o
 .debug_frame   0x0000000000002270       0xe8 Middlewares/ST/BlueNRG-MS/utils/ble_list.o
 .debug_frame   0x0000000000002358      0x104 Src/app_x-cube-ble1.o
 .debug_frame   0x000000000000245c       0xfc Src/gatt_db.o
 .debug_frame   0x0000000000002558       0xfc Src/hci_tl_interface.o
 .debug_frame   0x0000000000002654       0x80 Src/main.o
 .debug_frame   0x00000000000026d4       0xfc Src/nucleo_f411re_bus.o
 .debug_frame   0x00000000000027d0       0x6c Src/sensor.o
 .debug_frame   0x000000000000283c      0x1e4 Src/stm32f4_nucleo_f411re.o
 .debug_frame   0x0000000000002a20       0x48 Src/stm32f4xx_hal_exti.o
 .debug_frame   0x0000000000002a68       0x2c Src/stm32f4xx_hal_msp.o
 .debug_frame   0x0000000000002a94       0xc0 Src/stm32f4xx_it.o
 .debug_frame   0x0000000000002b54       0x30 Src/system_stm32f4xx.o
 .debug_frame   0x0000000000002b84       0xac /home/hosni/STWorkbench/plugins/fr.ac6.mcu.externaltools.arm-none.linux64_1.16.0.201807130628/tools/compiler/bin/../lib/gcc/arm-none-eabi/7.2.1/thumb/v7e-m/fpv4-sp/hard/libgcc.a(_arm_addsubdf3.o)
 .debug_frame   0x0000000000002c30       0x24 /home/hosni/STWorkbench/plugins/fr.ac6.mcu.externaltools.arm-none.linux64_1.16.0.201807130628/tools/compiler/bin/../lib/gcc/arm-none-eabi/7.2.1/thumb/v7e-m/fpv4-sp/hard/libgcc.a(_arm_truncdfsf2.o)
 .debug_frame   0x0000000000002c54       0x2c /home/hosni/STWorkbench/plugins/fr.ac6.mcu.externaltools.arm-none.linux64_1.16.0.201807130628/tools/compiler/bin/../lib/gcc/arm-none-eabi/7.2.1/thumb/v7e-m/fpv4-sp/hard/libgcc.a(_aeabi_uldivmod.o)
 .debug_frame   0x0000000000002c80       0x34 /home/hosni/STWorkbench/plugins/fr.ac6.mcu.externaltools.arm-none.linux64_1.16.0.201807130628/tools/compiler/bin/../lib/gcc/arm-none-eabi/7.2.1/thumb/v7e-m/fpv4-sp/hard/libgcc.a(_udivmoddi4.o)
 .debug_frame   0x0000000000002cb4       0x2c /home/hosni/STWorkbench/plugins/fr.ac6.mcu.externaltools.arm-none.linux64_1.16.0.201807130628/tools/compiler/bin/../lib/gcc/arm-none-eabi/7.2.1/../../../../arm-none-eabi/lib/thumb/v7e-m/fpv4-sp/hard/libc_nano.a(lib_a-init.o)
 .debug_frame   0x0000000000002ce0       0x28 /home/hosni/STWorkbench/plugins/fr.ac6.mcu.externaltools.arm-none.linux64_1.16.0.201807130628/tools/compiler/bin/../lib/gcc/arm-none-eabi/7.2.1/../../../../arm-none-eabi/lib/thumb/v7e-m/fpv4-sp/hard/libc_nano.a(lib_a-memcpy-stub.o)
 .debug_frame   0x0000000000002d08       0x20 /home/hosni/STWorkbench/plugins/fr.ac6.mcu.externaltools.arm-none.linux64_1.16.0.201807130628/tools/compiler/bin/../lib/gcc/arm-none-eabi/7.2.1/../../../../arm-none-eabi/lib/thumb/v7e-m/fpv4-sp/hard/libc_nano.a(lib_a-memset.o)
 .debug_frame   0x0000000000002d28       0x48 /home/hosni/STWorkbench/plugins/fr.ac6.mcu.externaltools.arm-none.linux64_1.16.0.201807130628/tools/compiler/bin/../lib/gcc/arm-none-eabi/7.2.1/../../../../arm-none-eabi/lib/thumb/v7e-m/fpv4-sp/hard/libc_nano.a(lib_a-rand.o)
 .debug_frame   0x0000000000002d70       0x30 /home/hosni/STWorkbench/plugins/fr.ac6.mcu.externaltools.arm-none.linux64_1.16.0.201807130628/tools/compiler/bin/../lib/gcc/arm-none-eabi/7.2.1/../../../../arm-none-eabi/lib/thumb/v7e-m/fpv4-sp/hard/libc_nano.a(lib_a-malloc.o)
 .debug_frame   0x0000000000002da0       0x2c /home/hosni/STWorkbench/plugins/fr.ac6.mcu.externaltools.arm-none.linux64_1.16.0.201807130628/tools/compiler/bin/../lib/gcc/arm-none-eabi/7.2.1/../../../../arm-none-eabi/lib/thumb/v7e-m/fpv4-sp/hard/libc_nano.a(lib_a-nano-mallocr.o)
 .debug_frame   0x0000000000002dcc       0x2c /home/hosni/STWorkbench/plugins/fr.ac6.mcu.externaltools.arm-none.linux64_1.16.0.201807130628/tools/compiler/bin/../lib/gcc/arm-none-eabi/7.2.1/../../../../arm-none-eabi/lib/thumb/v7e-m/fpv4-sp/hard/libc_nano.a(lib_a-sbrkr.o)
 .debug_frame   0x0000000000002df8       0x30 /home/hosni/STWorkbench/plugins/fr.ac6.mcu.externaltools.arm-none.linux64_1.16.0.201807130628/tools/compiler/bin/../lib/gcc/arm-none-eabi/7.2.1/../../../../arm-none-eabi/lib/thumb/v7e-m/fpv4-sp/hard/libc_nano.a(lib_a-mlock.o)
 .debug_frame   0x0000000000002e28       0x5c /home/hosni/STWorkbench/plugins/fr.ac6.mcu.externaltools.arm-none.linux64_1.16.0.201807130628/tools/compiler/bin/../lib/gcc/arm-none-eabi/7.2.1/../../../../arm-none-eabi/lib/thumb/v7e-m/fpv4-sp/hard/libc_nano.a(lib_a-reent.o)
 .debug_frame   0x0000000000002e84       0x20 /home/hosni/STWorkbench/plugins/fr.ac6.mcu.externaltools.arm-none.linux64_1.16.0.201807130628/tools/compiler/bin/../lib/gcc/arm-none-eabi/7.2.1/../../../../arm-none-eabi/lib/thumb/v7e-m/fpv4-sp/hard/libnosys.a(sbrk.o)