Archive member included to satisfy reference by file (symbol)

/home/hosni/STWorkbench/plugins/fr.ac6.mcu.externaltools.arm-none.linux64_1.16.0.201807130628/tools/compiler/bin/../lib/gcc/arm-none-eabi/7.2.1/thumb/v7e-m/fpv4-sp/hard/libgcc.a(_aeabi_uldivmod.o)
                              Drivers/STM32F4xx_HAL_Driver/stm32f4xx_hal_rcc.o (__aeabi_uldivmod)
/home/hosni/STWorkbench/plugins/fr.ac6.mcu.externaltools.arm-none.linux64_1.16.0.201807130628/tools/compiler/bin/../lib/gcc/arm-none-eabi/7.2.1/thumb/v7e-m/fpv4-sp/hard/libgcc.a(_udivmoddi4.o)
                              /home/hosni/STWorkbench/plugins/fr.ac6.mcu.externaltools.arm-none.linux64_1.16.0.201807130628/tools/compiler/bin/../lib/gcc/arm-none-eabi/7.2.1/thumb/v7e-m/fpv4-sp/hard/libgcc.a(_aeabi_uldivmod.o) (__udivmoddi4)
/home/hosni/STWorkbench/plugins/fr.ac6.mcu.externaltools.arm-none.linux64_1.16.0.201807130628/tools/compiler/bin/../lib/gcc/arm-none-eabi/7.2.1/thumb/v7e-m/fpv4-sp/hard/libgcc.a(_dvmd_tls.o)
                              /home/hosni/STWorkbench/plugins/fr.ac6.mcu.externaltools.arm-none.linux64_1.16.0.201807130628/tools/compiler/bin/../lib/gcc/arm-none-eabi/7.2.1/thumb/v7e-m/fpv4-sp/hard/libgcc.a(_aeabi_uldivmod.o) (__aeabi_ldiv0)
/home/hosni/STWorkbench/plugins/fr.ac6.mcu.externaltools.arm-none.linux64_1.16.0.201807130628/tools/compiler/bin/../lib/gcc/arm-none-eabi/7.2.1/../../../../arm-none-eabi/lib/thumb/v7e-m/fpv4-sp/hard/libc_nano.a(lib_a-errno.o)
                              Application/SW4STM32/syscalls.o (__errno)
/home/hosni/STWorkbench/plugins/fr.ac6.mcu.externaltools.arm-none.linux64_1.16.0.201807130628/tools/compiler/bin/../lib/gcc/arm-none-eabi/7.2.1/../../../../arm-none-eabi/lib/thumb/v7e-m/fpv4-sp/hard/libc_nano.a(lib_a-exit.o)
                              /home/hosni/STWorkbench/plugins/fr.ac6.mcu.externaltools.arm-none.linux64_1.16.0.201807130628/tools/compiler/bin/../lib/gcc/arm-none-eabi/7.2.1/../../../../arm-none-eabi/lib/thumb/v7e-m/fpv4-sp/hard/crt0.o (exit)
/home/hosni/STWorkbench/plugins/fr.ac6.mcu.externaltools.arm-none.linux64_1.16.0.201807130628/tools/compiler/bin/../lib/gcc/arm-none-eabi/7.2.1/../../../../arm-none-eabi/lib/thumb/v7e-m/fpv4-sp/hard/libc_nano.a(lib_a-impure.o)
                              /home/hosni/STWorkbench/plugins/fr.ac6.mcu.externaltools.arm-none.linux64_1.16.0.201807130628/tools/compiler/bin/../lib/gcc/arm-none-eabi/7.2.1/../../../../arm-none-eabi/lib/thumb/v7e-m/fpv4-sp/hard/libc_nano.a(lib_a-exit.o) (_global_impure_ptr)
/home/hosni/STWorkbench/plugins/fr.ac6.mcu.externaltools.arm-none.linux64_1.16.0.201807130628/tools/compiler/bin/../lib/gcc/arm-none-eabi/7.2.1/../../../../arm-none-eabi/lib/thumb/v7e-m/fpv4-sp/hard/libc_nano.a(lib_a-init.o)
                              /home/hosni/STWorkbench/plugins/fr.ac6.mcu.externaltools.arm-none.linux64_1.16.0.201807130628/tools/compiler/bin/../lib/gcc/arm-none-eabi/7.2.1/../../../../arm-none-eabi/lib/thumb/v7e-m/fpv4-sp/hard/crt0.o (__libc_init_array)
/home/hosni/STWorkbench/plugins/fr.ac6.mcu.externaltools.arm-none.linux64_1.16.0.201807130628/tools/compiler/bin/../lib/gcc/arm-none-eabi/7.2.1/../../../../arm-none-eabi/lib/thumb/v7e-m/fpv4-sp/hard/libc_nano.a(lib_a-memset.o)
                              /home/hosni/STWorkbench/plugins/fr.ac6.mcu.externaltools.arm-none.linux64_1.16.0.201807130628/tools/compiler/bin/../lib/gcc/arm-none-eabi/7.2.1/../../../../arm-none-eabi/lib/thumb/v7e-m/fpv4-sp/hard/crt0.o (memset)

Allocating common symbols
Common symbol       size              file

uwTick              0x4               Drivers/STM32F4xx_HAL_Driver/stm32f4xx_hal.o
pFlash              0x20              Drivers/STM32F4xx_HAL_Driver/stm32f4xx_hal_flash.o

Discarded input sections

 .text          0x0000000000000000        0x0 /home/hosni/STWorkbench/plugins/fr.ac6.mcu.externaltools.arm-none.linux64_1.16.0.201807130628/tools/compiler/bin/../lib/gcc/arm-none-eabi/7.2.1/thumb/v7e-m/fpv4-sp/hard/crti.o
 .data          0x0000000000000000        0x0 /home/hosni/STWorkbench/plugins/fr.ac6.mcu.externaltools.arm-none.linux64_1.16.0.201807130628/tools/compiler/bin/../lib/gcc/arm-none-eabi/7.2.1/thumb/v7e-m/fpv4-sp/hard/crti.o
 .bss           0x0000000000000000        0x0 /home/hosni/STWorkbench/plugins/fr.ac6.mcu.externaltools.arm-none.linux64_1.16.0.201807130628/tools/compiler/bin/../lib/gcc/arm-none-eabi/7.2.1/thumb/v7e-m/fpv4-sp/hard/crti.o
 .data          0x0000000000000000        0x4 /home/hosni/STWorkbench/plugins/fr.ac6.mcu.externaltools.arm-none.linux64_1.16.0.201807130628/tools/compiler/bin/../lib/gcc/arm-none-eabi/7.2.1/thumb/v7e-m/fpv4-sp/hard/crtbegin.o
 .text          0x0000000000000000       0x74 /home/hosni/STWorkbench/plugins/fr.ac6.mcu.externaltools.arm-none.linux64_1.16.0.201807130628/tools/compiler/bin/../lib/gcc/arm-none-eabi/7.2.1/../../../../arm-none-eabi/lib/thumb/v7e-m/fpv4-sp/hard/crt0.o
[...]
Memory Configuration

Name             Origin             Length             Attributes
RAM              0x0000000020000000 0x0000000000020000 xrw
FLASH            0x0000000008000000 0x0000000000080000 xr
*default*        0x0000000000000000 0xffffffffffffffff

Linker script and memory map

LOAD /home/hosni/STWorkbench/plugins/fr.ac6.mcu.externaltools.arm-none.linux64_1.16.0.201807130628/tools/compiler/bin/../lib/gcc/arm-none-eabi/7.2.1/thumb/v7e-m/fpv4-sp/hard/crti.o
LOAD /home/hosni/STWorkbench/plugins/fr.ac6.mcu.externaltools.arm-none.linux64_1.16.0.201807130628/tools/compiler/bin/../lib/gcc/arm-none-eabi/7.2.1/thumb/v7e-m/fpv4-sp/hard/crtbegin.o
LOAD /home/hosni/STWorkbench/plugins/fr.ac6.mcu.externaltools.arm-none.linux64_1.16.0.201807130628/tools/compiler/bin/../lib/gcc/arm-none-eabi/7.2.1/../../../../arm-none-eabi/lib/thumb/v7e-m/fpv4-sp/hard/crt0.o
LOAD Application/SW4STM32/startup_stm32f411xe.o
LOAD Application/SW4STM32/syscalls.o
LOAD Application/User/main.o
LOAD Application/User/stm32f4xx_hal_msp.o
LOAD Application/User/stm32f4xx_it.o
LOAD Drivers/CMSIS/system_stm32f4xx.o
LOAD Drivers/STM32F4xx_HAL_Driver/stm32f4xx_hal.o
LOAD Drivers/STM32F4xx_HAL_Driver/stm32f4xx_hal_cortex.o
LOAD Drivers/STM32F4xx_HAL_Driver/stm32f4xx_hal_dma.o
LOAD Drivers/STM32F4xx_HAL_Driver/stm32f4xx_hal_dma_ex.o
LOAD Drivers/STM32F4xx_HAL_Driver/stm32f4xx_hal_flash.o
LOAD Drivers/STM32F4xx_HAL_Driver/stm32f4xx_hal_flash_ex.o
LOAD Drivers/STM32F4xx_HAL_Driver/stm32f4xx_hal_flash_ramfunc.o
LOAD Drivers/STM32F4xx_HAL_Driver/stm32f4xx_hal_gpio.o
LOAD Drivers/STM32F4xx_HAL_Driver/stm32f4xx_hal_pwr.o
LOAD Drivers/STM32F4xx_HAL_Driver/stm32f4xx_hal_pwr_ex.o
LOAD Drivers/STM32F4xx_HAL_Driver/stm32f4xx_hal_rcc.o
LOAD Drivers/STM32F4xx_HAL_Driver/stm32f4xx_hal_rcc_ex.o
LOAD Drivers/STM32F4xx_HAL_Driver/stm32f4xx_hal_tim.o
LOAD Drivers/STM32F4xx_HAL_Driver/stm32f4xx_hal_tim_ex.o
LOAD Drivers/STM32F4xx_HAL_Driver/stm32f4xx_hal_uart.o
LOAD /home/hosni/STWorkbench/plugins/fr.ac6.mcu.externaltools.arm-none.linux64_1.16.0.201807130628/tools/compiler/bin/../lib/gcc/arm-none-eabi/7.2.1/../../../../arm-none-eabi/lib/thumb/v7e-m/fpv4-sp/hard/libm.a
START GROUP
LOAD /home/hosni/STWorkbench/plugins/fr.ac6.mcu.externaltools.arm-none.linux64_1.16.0.201807130628/tools/compiler/bin/../lib/gcc/arm-none-eabi/7.2.1/thumb/v7e-m/fpv4-sp/hard/libgcc.a
LOAD /home/hosni/STWorkbench/plugins/fr.ac6.mcu.externaltools.arm-none.linux64_1.16.0.201807130628/tools/compiler/bin/../lib/gcc/arm-none-eabi/7.2.1/../../../../arm-none-eabi/lib/thumb/v7e-m/fpv4-sp/hard/libc_nano.a
END GROUP
START GROUP
LOAD /home/hosni/STWorkbench/plugins/fr.ac6.mcu.externaltools.arm-none.linux64_1.16.0.201807130628/tools/compiler/bin/../lib/gcc/arm-none-eabi/7.2.1/thumb/v7e-m/fpv4-sp/hard/libgcc.a
LOAD /home/hosni/STWorkbench/plugins/fr.ac6.mcu.externaltools.arm-none.linux64_1.16.0.201807130628/tools/compiler/bin/../lib/gcc/arm-none-eabi/7.2.1/../../../../arm-none-eabi/lib/thumb/v7e-m/fpv4-sp/hard/libc_nano.a
LOAD /home/hosni/STWorkbench/plugins/fr.ac6.mcu.externaltools.arm-none.linux64_1.16.0.201807130628/tools/compiler/bin/../lib/gcc/arm-none-eabi/7.2.1/../../../../arm-none-eabi/lib/thumb/v7e-m/fpv4-sp/hard/libnosys.a
END GROUP
START GROUP
LOAD /home/hosni/STWorkbench/plugins/fr.ac6.mcu.externaltools.arm-none.linux64_1.16.0.201807130628/tools/compiler/bin/../lib/gcc/arm-none-eabi/7.2.1/thumb/v7e-m/fpv4-sp/hard/libgcc.a
LOAD /home/hosni/STWorkbench/plugins/fr.ac6.mcu.externaltools.arm-none.linux64_1.16.0.201807130628/tools/compiler/bin/../lib/gcc/arm-none-eabi/7.2.1/../../../../arm-none-eabi/lib/thumb/v7e-m/fpv4-sp/hard/libc_nano.a
LOAD /home/hosni/STWorkbench/plugins/fr.ac6.mcu.externaltools.arm-none.linux64_1.16.0.201807130628/tools/compiler/bin/../lib/gcc/arm-none-eabi/7.2.1/../../../../arm-none-eabi/lib/thumb/v7e-m/fpv4-sp/hard/libnosys.a
END GROUP
LOAD /home/hosni/STWorkbench/plugins/fr.ac6.mcu.externaltools.arm-none.linux64_1.16.0.201807130628/tools/compiler/bin/../lib/gcc/arm-none-eabi/7.2.1/thumb/v7e-m/fpv4-sp/hard/crtend.o
LOAD /home/hosni/STWorkbench/plugins/fr.ac6.mcu.externaltools.arm-none.linux64_1.16.0.201807130628/tools/compiler/bin/../lib/gcc/arm-none-eabi/7.2.1/thumb/v7e-m/fpv4-sp/hard/crtn.o
                0x0000000020020000                _estack = 0x20020000
                0x0000000000000200                _Min_Heap_Size = 0x200
                0x0000000000000400                _Min_Stack_Size = 0x400

.isr_vector     0x0000000008000000      0x198
                0x0000000008000000                . = ALIGN (0x4)
 *(.isr_vector)
 .isr_vector    0x0000000008000000      0x198 Application/SW4STM32/startup_stm32f411xe.o
                0x0000000008000000                g_pfnVectors
                0x0000000008000198                . = ALIGN (0x4)

.text           0x0000000008000198      0xf1c
                0x0000000008000198                . = ALIGN (0x4)
 *(.text)
 .text          0x0000000008000198       0x40 /home/hosni/STWorkbench/plugins/fr.ac6.mcu.externaltools.arm-none.linux64_1.16.0.201807130628/tools/compiler/bin/../lib/gcc/arm-none-eabi/7.2.1/thumb/v7e-m/fpv4-sp/hard/crtbegin.o
 .text          0x00000000080001d8       0x30 /home/hosni/STWorkbench/plugins/fr.ac6.mcu.externaltools.arm-none.linux64_1.16.0.201807130628/tools/compiler/bin/../lib/gcc/arm-none-eabi/7.2.1/thumb/v7e-m/fpv4-sp/hard/libgcc.a(_aeabi_uldivmod.o)
                0x00000000080001d8                __aeabi_uldivmod
 .text          0x0000000008000208      0x2cc /home/hosni/STWorkbench/plugins/fr.ac6.mcu.externaltools.arm-none.linux64_1.16.0.201807130628/tools/compiler/bin/../lib/gcc/arm-none-eabi/7.2.1/thumb/v7e-m/fpv4-sp/hard/libgcc.a(_udivmoddi4.o)
                0x0000000008000208                __udivmoddi4
 .text          0x00000000080004d4        0x4 /home/hosni/STWorkbench/plugins/fr.ac6.mcu.externaltools.arm-none.linux64_1.16.0.201807130628/tools/compiler/bin/../lib/gcc/arm-none-eabi/7.2.1/thumb/v7e-m/fpv4-sp/hard/libgcc.a(_dvmd_tls.o)
                0x00000000080004d4                __aeabi_ldiv0
                0x00000000080004d4                __aeabi_idiv0
 *(.text*)
 .text.Reset_Handler
                0x00000000080004d8       0x50 Application/SW4STM32/startup_stm32f411xe.o
                0x00000000080004d8                Reset_Handler
 .text.Default_Handler
                0x0000000008000528        0x2 Application/SW4STM32/startup_stm32f411xe.o
                0x0000000008000528                RTC_Alarm_IRQHandler
                0x0000000008000528                EXTI2_IRQHandler
                0x0000000008000528                SPI4_IRQHandler
                0x0000000008000528                TIM1_CC_IRQHandler
                0x0000000008000528                DMA2_Stream5_IRQHandler
                0x0000000008000528                DMA1_Stream5_IRQHandler
                0x0000000008000528                PVD_IRQHandler
                0x0000000008000528                SDIO_IRQHandler
                0x0000000008000528                TAMP_STAMP_IRQHandler
                0x0000000008000528                EXTI3_IRQHandler
                0x0000000008000528                TIM1_UP_TIM10_IRQHandler
                0x0000000008000528                I2C3_ER_IRQHandler
                0x0000000008000528                I2C2_EV_IRQHandler
                0x0000000008000528                DMA1_Stream2_IRQHandler
                0x0000000008000528                FPU_IRQHandler
                0x0000000008000528                DMA2_Stream2_IRQHandler
                0x0000000008000528                SPI1_IRQHandler
                0x0000000008000528                TIM1_BRK_TIM9_IRQHandler
                0x0000000008000528                DMA2_Stream3_IRQHandler
                0x0000000008000528                USART6_IRQHandler
                0x0000000008000528                DMA2_Stream0_IRQHandler
                0x0000000008000528                TIM4_IRQHandler
                0x0000000008000528                I2C1_EV_IRQHandler
                0x0000000008000528                DMA1_Stream6_IRQHandler
                0x0000000008000528                DMA1_Stream1_IRQHandler
                0x0000000008000528                TIM3_IRQHandler
                0x0000000008000528                RCC_IRQHandler
                0x0000000008000528                Default_Handler
                0x0000000008000528                EXTI15_10_IRQHandler
                0x0000000008000528                ADC_IRQHandler
                0x0000000008000528                DMA1_Stream7_IRQHandler
                0x0000000008000528                SPI5_IRQHandler
                0x0000000008000528                TIM5_IRQHandler
                0x0000000008000528                DMA2_Stream7_IRQHandler
                0x0000000008000528                I2C3_EV_IRQHandler
                0x0000000008000528                EXTI9_5_IRQHandler
                0x0000000008000528                RTC_WKUP_IRQHandler
                0x0000000008000528                SPI2_IRQHandler
                0x0000000008000528                DMA1_Stream0_IRQHandler
                0x0000000008000528                EXTI4_IRQHandler
                0x0000000008000528                WWDG_IRQHandler
                0x0000000008000528                TIM2_IRQHandler
                0x0000000008000528                OTG_FS_WKUP_IRQHandler
                0x0000000008000528                TIM1_TRG_COM_TIM11_IRQHandler
                0x0000000008000528                EXTI1_IRQHandler
                0x0000000008000528                USART2_IRQHandler
                0x0000000008000528                I2C2_ER_IRQHandler
                0x0000000008000528                DMA2_Stream1_IRQHandler
                0x0000000008000528                FLASH_IRQHandler
                0x0000000008000528                DMA2_Stream4_IRQHandler
                0x0000000008000528                USART1_IRQHandler
                0x0000000008000528                OTG_FS_IRQHandler
                0x0000000008000528                SPI3_IRQHandler
                0x0000000008000528                DMA1_Stream4_IRQHandler
                0x0000000008000528                I2C1_ER_IRQHandler
                0x0000000008000528                DMA2_Stream6_IRQHandler
                0x0000000008000528                DMA1_Stream3_IRQHandler
 *fill*         0x000000000800052a        0x2 
 .text.MX_GPIO_Init
                0x000000000800052c       0xd4 Application/User/main.o
 .text.SystemClock_Config
                0x0000000008000600       0x90 Application/User/main.o
                0x0000000008000600                SystemClock_Config
 .text.main     0x0000000008000690       0x18 Application/User/main.o
                0x0000000008000690                main
 .text.HAL_MspInit
                0x00000000080006a8       0x40 Application/User/stm32f4xx_hal_msp.o
                0x00000000080006a8                HAL_MspInit
 .text.NMI_Handler
                0x00000000080006e8        0x2 Application/User/stm32f4xx_it.o
                0x00000000080006e8                NMI_Handler
 .text.HardFault_Handler
                0x00000000080006ea        0x2 Application/User/stm32f4xx_it.o
                0x00000000080006ea                HardFault_Handler
 .text.MemManage_Handler
                0x00000000080006ec        0x2 Application/User/stm32f4xx_it.o
                0x00000000080006ec                MemManage_Handler
 .text.BusFault_Handler
                0x00000000080006ee        0x2 Application/User/stm32f4xx_it.o
                0x00000000080006ee                BusFault_Handler
 .text.UsageFault_Handler
                0x00000000080006f0        0x2 Application/User/stm32f4xx_it.o
                0x00000000080006f0                UsageFault_Handler
 .text.SVC_Handler
                0x00000000080006f2        0x2 Application/User/stm32f4xx_it.o
                0x00000000080006f2                SVC_Handler
 .text.DebugMon_Handler
                0x00000000080006f4        0x2 Application/User/stm32f4xx_it.o
                0x00000000080006f4                DebugMon_Handler
 .text.PendSV_Handler
                0x00000000080006f6        0x2 Application/User/stm32f4xx_it.o
                0x00000000080006f6                PendSV_Handler
 .text.SysTick_Handler
                0x00000000080006f8        0x8 Application/User/stm32f4xx_it.o
                0x00000000080006f8                SysTick_Handler
 .text.EXTI0_IRQHandler
                0x0000000008000700       0x10 Application/User/stm32f4xx_it.o
                0x0000000008000700                EXTI0_IRQHandler
 .text.SystemInit
                0x0000000008000710       0x4c Drivers/CMSIS/system_stm32f4xx.o
                0x0000000008000710                SystemInit
 .text.HAL_InitTick
                0x000000000800075c       0x48 Drivers/STM32F4xx_HAL_Driver/stm32f4xx_hal.o
                0x000000000800075c                HAL_InitTick
 .text.HAL_Init
                0x00000000080007a4       0x34 Drivers/STM32F4xx_HAL_Driver/stm32f4xx_hal.o
                0x00000000080007a4                HAL_Init
 .text.HAL_IncTick
                0x00000000080007d8       0x18 Drivers/STM32F4xx_HAL_Driver/stm32f4xx_hal.o
                0x00000000080007d8                HAL_IncTick
 .text.HAL_GetTick
                0x00000000080007f0        0xc Drivers/STM32F4xx_HAL_Driver/stm32f4xx_hal.o
                0x00000000080007f0                HAL_GetTick
 .text.HAL_NVIC_SetPriorityGrouping
                0x00000000080007fc       0x24 Drivers/STM32F4xx_HAL_Driver/stm32f4xx_hal_cortex.o
                0x00000000080007fc                HAL_NVIC_SetPriorityGrouping
 .text.HAL_NVIC_SetPriority
                0x0000000008000820       0x68 Drivers/STM32F4xx_HAL_Driver/stm32f4xx_hal_cortex.o
                0x0000000008000820                HAL_NVIC_SetPriority
 .text.HAL_NVIC_EnableIRQ
                0x0000000008000888       0x18 Drivers/STM32F4xx_HAL_Driver/stm32f4xx_hal_cortex.o
                0x0000000008000888                HAL_NVIC_EnableIRQ
 .text.HAL_SYSTICK_Config
                0x00000000080008a0       0x2c Drivers/STM32F4xx_HAL_Driver/stm32f4xx_hal_cortex.o
                0x00000000080008a0                HAL_SYSTICK_Config
 .text.HAL_GPIO_Init
                0x00000000080008cc      0x1a4 Drivers/STM32F4xx_HAL_Driver/stm32f4xx_hal_gpio.o
                0x00000000080008cc                HAL_GPIO_Init
 .text.HAL_GPIO_WritePin
                0x0000000008000a70        0xc Drivers/STM32F4xx_HAL_Driver/stm32f4xx_hal_gpio.o
                0x0000000008000a70                HAL_GPIO_WritePin
 .text.HAL_RCC_OscConfig
                0x0000000008000a7c      0x398 Drivers/STM32F4xx_HAL_Driver/stm32f4xx_hal_rcc.o
                0x0000000008000a7c                HAL_RCC_OscConfig
 .text.HAL_RCC_GetSysClockFreq
                0x0000000008000e14       0xd8 Drivers/STM32F4xx_HAL_Driver/stm32f4xx_hal_rcc.o
                0x0000000008000e14                HAL_RCC_GetSysClockFreq
 .text.HAL_RCC_ClockConfig
                0x0000000008000eec      0x158 Drivers/STM32F4xx_HAL_Driver/stm32f4xx_hal_rcc.o
                0x0000000008000eec                HAL_RCC_ClockConfig
 .text.__libc_init_array
                0x0000000008001044       0x48 /home/hosni/STWorkbench/plugins/fr.ac6.mcu.externaltools.arm-none.linux64_1.16.0.201807130628/tools/compiler/bin/../lib/gcc/arm-none-eabi/7.2.1/../../../../arm-none-eabi/lib/thumb/v7e-m/fpv4-sp/hard/libc_nano.a(lib_a-init.o)
                0x0000000008001044                __libc_init_array
 .text.memset   0x000000000800108c       0x10 /home/hosni/STWorkbench/plugins/fr.ac6.mcu.externaltools.arm-none.linux64_1.16.0.201807130628/tools/compiler/bin/../lib/gcc/arm-none-eabi/7.2.1/../../../../arm-none-eabi/lib/thumb/v7e-m/fpv4-sp/hard/libc_nano.a(lib_a-memset.o)
                0x000000000800108c                memset
 *(.glue_7)
 .glue_7        0x000000000800109c        0x0 linker stubs
 *(.glue_7t)
 .glue_7t       0x000000000800109c        0x0 linker stubs
 *(.eh_frame)
 .eh_frame      0x000000000800109c        0x0 /home/hosni/STWorkbench/plugins/fr.ac6.mcu.externaltools.arm-none.linux64_1.16.0.201807130628/tools/compiler/bin/../lib/gcc/arm-none-eabi/7.2.1/thumb/v7e-m/fpv4-sp/hard/crtbegin.o
 *(.init)
 .init          0x000000000800109c        0x4 /home/hosni/STWorkbench/plugins/fr.ac6.mcu.externaltools.arm-none.linux64_1.16.0.201807130628/tools/compiler/bin/../lib/gcc/arm-none-eabi/7.2.1/thumb/v7e-m/fpv4-sp/hard/crti.o
                0x000000000800109c                _init
 .init          0x00000000080010a0        0x8 /home/hosni/STWorkbench/plugins/fr.ac6.mcu.externaltools.arm-none.linux64_1.16.0.201807130628/tools/compiler/bin/../lib/gcc/arm-none-eabi/7.2.1/thumb/v7e-m/fpv4-sp/hard/crtn.o
 *(.fini)
 .fini          0x00000000080010a8        0x4 /home/hosni/STWorkbench/plugins/fr.ac6.mcu.externaltools.arm-none.linux64_1.16.0.201807130628/tools/compiler/bin/../lib/gcc/arm-none-eabi/7.2.1/thumb/v7e-m/fpv4-sp/hard/crti.o
                0x00000000080010a8                _fini
 .fini          0x00000000080010ac        0x8 /home/hosni/STWorkbench/plugins/fr.ac6.mcu.externaltools.arm-none.linux64_1.16.0.201807130628/tools/compiler/bin/../lib/gcc/arm-none-eabi/7.2.1/thumb/v7e-m/fpv4-sp/hard/crtn.o
                0x00000000080010b4                . = ALIGN (0x4)
                0x00000000080010b4                _etext = .

.vfp11_veneer   0x00000000080010b4        0x0
 .vfp11_veneer  0x00000000080010b4        0x0 linker stubs

.v4_bx          0x00000000080010b4        0x0
 .v4_bx         0x00000000080010b4        0x0 linker stubs

.iplt           0x00000000080010b4        0x0
 .iplt          0x00000000080010b4        0x0 /home/hosni/STWorkbench/plugins/fr.ac6.mcu.externaltools.arm-none.linux64_1.16.0.201807130628/tools/compiler/bin/../lib/gcc/arm-none-eabi/7.2.1/thumb/v7e-m/fpv4-sp/hard/crtbegin.o

.rodata         0x00000000080010b4       0x18
                0x00000000080010b4                . = ALIGN (0x4)
 *(.rodata)
 .rodata        0x00000000080010b4       0x18 Drivers/CMSIS/system_stm32f4xx.o
                0x00000000080010b4                AHBPrescTable
                0x00000000080010c4                APBPrescTable
 *(.rodata*)
                0x00000000080010cc                . = ALIGN (0x4)

.ARM.extab
 *(.ARM.extab* .gnu.linkonce.armextab.*)

.ARM            0x00000000080010cc        0x8
                0x00000000080010cc                __exidx_start = .
 *(.ARM.exidx*)
 .ARM.exidx     0x00000000080010cc        0x8 /home/hosni/STWorkbench/plugins/fr.ac6.mcu.externaltools.arm-none.linux64_1.16.0.201807130628/tools/compiler/bin/../lib/gcc/arm-none-eabi/7.2.1/thumb/v7e-m/fpv4-sp/hard/libgcc.a(_udivmoddi4.o)
                0x00000000080010d4                __exidx_end = .

.rel.dyn        0x00000000080010d4        0x0
 .rel.iplt      0x00000000080010d4        0x0 /home/hosni/STWorkbench/plugins/fr.ac6.mcu.externaltools.arm-none.linux64_1.16.0.201807130628/tools/compiler/bin/../lib/gcc/arm-none-eabi/7.2.1/thumb/v7e-m/fpv4-sp/hard/crtbegin.o

.preinit_array  0x00000000080010d4        0x0
                0x00000000080010d4                PROVIDE (__preinit_array_start, .)
 *(.preinit_array*)
                0x00000000080010d4                PROVIDE (__preinit_array_end, .)

.init_array     0x00000000080010d4        0x4
                0x00000000080010d4                PROVIDE (__init_array_start, .)
 *(SORT_BY_NAME(.init_array.*))
 *(.init_array*)
 .init_array    0x00000000080010d4        0x4 /home/hosni/STWorkbench/plugins/fr.ac6.mcu.externaltools.arm-none.linux64_1.16.0.201807130628/tools/compiler/bin/../lib/gcc/arm-none-eabi/7.2.1/thumb/v7e-m/fpv4-sp/hard/crtbegin.o
                0x00000000080010d8                PROVIDE (__init_array_end, .)

.fini_array     0x00000000080010d8        0x4
                [!provide]                        PROVIDE (__fini_array_start, .)
 *(SORT_BY_NAME(.fini_array.*))
 *(.fini_array*)
 .fini_array    0x00000000080010d8        0x4 /home/hosni/STWorkbench/plugins/fr.ac6.mcu.externaltools.arm-none.linux64_1.16.0.201807130628/tools/compiler/bin/../lib/gcc/arm-none-eabi/7.2.1/thumb/v7e-m/fpv4-sp/hard/crtbegin.o
                [!provide]                        PROVIDE (__fini_array_end, .)
                0x00000000080010dc                _sidata = LOADADDR (.data)

.data           0x0000000020000000        0xc load address 0x00000000080010dc
                0x0000000020000000                . = ALIGN (0x4)
                0x0000000020000000                _sdata = .
 *(.data)
 .data          0x0000000020000000        0x4 Drivers/CMSIS/system_stm32f4xx.o
                0x0000000020000000                SystemCoreClock
 .data          0x0000000020000004        0x8 Drivers/STM32F4xx_HAL_Driver/stm32f4xx_hal.o
                0x0000000020000004                uwTickFreq
                0x0000000020000008                uwTickPrio
 *(.data*)
                0x000000002000000c                . = ALIGN (0x4)
                0x000000002000000c                _edata = .

.igot.plt       0x000000002000000c        0x0 load address 0x00000000080010e8
 .igot.plt      0x000000002000000c        0x0 /home/hosni/STWorkbench/plugins/fr.ac6.mcu.externaltools.arm-none.linux64_1.16.0.201807130628/tools/compiler/bin/../lib/gcc/arm-none-eabi/7.2.1/thumb/v7e-m/fpv4-sp/hard/crtbegin.o
                0x000000002000000c                . = ALIGN (0x4)

.bss            0x000000002000000c       0x20 load address 0x00000000080010e8
                0x000000002000000c                _sbss = .
                0x000000002000000c                __bss_start__ = _sbss
 *(.bss)
 .bss           0x000000002000000c       0x1c /home/hosni/STWorkbench/plugins/fr.ac6.mcu.externaltools.arm-none.linux64_1.16.0.201807130628/tools/compiler/bin/../lib/gcc/arm-none-eabi/7.2.1/thumb/v7e-m/fpv4-sp/hard/crtbegin.o
 *(.bss*)
 *(COMMON)
 COMMON         0x0000000020000028        0x4 Drivers/STM32F4xx_HAL_Driver/stm32f4xx_hal.o
                0x0000000020000028                uwTick
                0x000000002000002c                . = ALIGN (0x4)
                0x000000002000002c                _ebss = .
                0x000000002000002c                __bss_end__ = _ebss

._user_heap_stack
                0x000000002000002c      0x604 load address 0x00000000080010e8
                0x0000000020000030                . = ALIGN (0x8)
 *fill*         0x000000002000002c        0x4 
                0x0000000020000030                PROVIDE (end, .)
                [!provide]                        PROVIDE (_end, .)
                0x0000000020000230                . = (. + _Min_Heap_Size)
 *fill*         0x0000000020000030      0x200 
                0x0000000020000630                . = (. + _Min_Stack_Size)
 *fill*         0x0000000020000230      0x400 
                0x0000000020000630                . = ALIGN (0x8)

/DISCARD/
 libc.a(*)
 libm.a(*)
 libgcc.a(*)

.ARM.attributes
                0x0000000000000000       0x30
 *(.ARM.attributes)
 .ARM.attributes
                0x0000000000000000       0x22 /home/hosni/STWorkbench/plugins/fr.ac6.mcu.externaltools.arm-none.linux64_1.16.0.201807130628/tools/compiler/bin/../lib/gcc/arm-none-eabi/7.2.1/thumb/v7e-m/fpv4-sp/hard/crti.o
 .ARM.attributes
                0x0000000000000022       0x34 /home/hosni/STWorkbench/plugins/fr.ac6.mcu.externaltools.arm-none.linux64_1.16.0.201807130628/tools/compiler/bin/../lib/gcc/arm-none-eabi/7.2.1/thumb/v7e-m/fpv4-sp/hard/crtbegin.o
 .ARM.attributes
                0x0000000000000056       0x21 Application/SW4STM32/startup_stm32f411xe.o
 .ARM.attributes
                0x0000000000000077       0x39 Application/User/main.o
 .ARM.attributes
                0x00000000000000b0       0x39 Application/User/stm32f4xx_hal_msp.o
 .ARM.attributes
                0x00000000000000e9       0x39 Application/User/stm32f4xx_it.o
 .ARM.attributes
                0x0000000000000122       0x39 Drivers/CMSIS/system_stm32f4xx.o
 .ARM.attributes
                0x000000000000015b       0x39 Drivers/STM32F4xx_HAL_Driver/stm32f4xx_hal.o
 .ARM.attributes
                0x0000000000000194       0x39 Drivers/STM32F4xx_HAL_Driver/stm32f4xx_hal_cortex.o
 .ARM.attributes
                0x00000000000001cd       0x39 Drivers/STM32F4xx_HAL_Driver/stm32f4xx_hal_gpio.o
 .ARM.attributes
                0x0000000000000206       0x39 Drivers/STM32F4xx_HAL_Driver/stm32f4xx_hal_rcc.o
 .ARM.attributes
                0x000000000000023f       0x22 /home/hosni/STWorkbench/plugins/fr.ac6.mcu.externaltools.arm-none.linux64_1.16.0.201807130628/tools/compiler/bin/../lib/gcc/arm-none-eabi/7.2.1/thumb/v7e-m/fpv4-sp/hard/libgcc.a(_aeabi_uldivmod.o)
 .ARM.attributes
                0x0000000000000261       0x34 /home/hosni/STWorkbench/plugins/fr.ac6.mcu.externaltools.arm-none.linux64_1.16.0.201807130628/tools/compiler/bin/../lib/gcc/arm-none-eabi/7.2.1/thumb/v7e-m/fpv4-sp/hard/libgcc.a(_udivmoddi4.o)
 .ARM.attributes
                0x0000000000000295       0x22 /home/hosni/STWorkbench/plugins/fr.ac6.mcu.externaltools.arm-none.linux64_1.16.0.201807130628/tools/compiler/bin/../lib/gcc/arm-none-eabi/7.2.1/thumb/v7e-m/fpv4-sp/hard/libgcc.a(_dvmd_tls.o)
 .ARM.attributes
                0x00000000000002b7       0x34 /home/hosni/STWorkbench/plugins/fr.ac6.mcu.externaltools.arm-none.linux64_1.16.0.201807130628/tools/compiler/bin/../lib/gcc/arm-none-eabi/7.2.1/../../../../arm-none-eabi/lib/thumb/v7e-m/fpv4-sp/hard/libc_nano.a(lib_a-init.o)
 .ARM.attributes
                0x00000000000002eb       0x34 /home/hosni/STWorkbench/plugins/fr.ac6.mcu.externaltools.arm-none.linux64_1.16.0.201807130628/tools/compiler/bin/../lib/gcc/arm-none-eabi/7.2.1/../../../../arm-none-eabi/lib/thumb/v7e-m/fpv4-sp/hard/libc_nano.a(lib_a-memset.o)
 .ARM.attributes
                0x000000000000031f       0x22 /home/hosni/STWorkbench/plugins/fr.ac6.mcu.externaltools.arm-none.linux64_1.16.0.201807130628/tools/compiler/bin/../lib/gcc/arm-none-eabi/7.2.1/thumb/v7e-m/fpv4-sp/hard/crtn.o
OUTPUT(ST_Nucleo_f411.elf elf32-littlearm)

.debug_line     0x0000000000000000     0x4865
 .debug_line    0x0000000000000000       0xa2 Application/SW4STM32/startup_stm32f411xe.o
 .debug_line    0x00000000000000a2      0x84b Application/User/main.o
 .debug_line    0x00000000000008ed      0x7d2 Application/User/stm32f4xx_hal_msp.o
 .debug_line    0x00000000000010bf      0x873 Application/User/stm32f4xx_it.o
 .debug_line    0x0000000000001932      0x7f8 Drivers/CMSIS/system_stm32f4xx.o
 .debug_line    0x000000000000212a      0x9b1 Drivers/STM32F4xx_HAL_Driver/stm32f4xx_hal.o
 .debug_line    0x0000000000002adb      0xa0c Drivers/STM32F4xx_HAL_Driver/stm32f4xx_hal_cortex.o
 .debug_line    0x00000000000034e7      0x936 Drivers/STM32F4xx_HAL_Driver/stm32f4xx_hal_gpio.o
 .debug_line    0x0000000000003e1d      0xa48 Drivers/STM32F4xx_HAL_Driver/stm32f4xx_hal_rcc.o

.debug_info     0x0000000000000000     0x7fa1
 .debug_info    0x0000000000000000       0x22 Application/SW4STM32/startup_stm32f411xe.o
 .debug_info    0x0000000000000022     0x11ec Application/User/main.o
 .debug_info    0x000000000000120e      0xb7f Application/User/stm32f4xx_hal_msp.o
 .debug_info    0x0000000000001d8d      0xa4f Application/User/stm32f4xx_it.o
 .debug_info    0x00000000000027dc      0xd53 Drivers/CMSIS/system_stm32f4xx.o
 .debug_info    0x000000000000352f     0x116d Drivers/STM32F4xx_HAL_Driver/stm32f4xx_hal.o
 .debug_info    0x000000000000469c     0x16c5 Drivers/STM32F4xx_HAL_Driver/stm32f4xx_hal_cortex.o
 .debug_info    0x0000000000005d61      0xfbb Drivers/STM32F4xx_HAL_Driver/stm32f4xx_hal_gpio.o
 .debug_info    0x0000000000006d1c     0x1285 Drivers/STM32F4xx_HAL_Driver/stm32f4xx_hal_rcc.o

.debug_abbrev   0x0000000000000000     0x1546
 .debug_abbrev  0x0000000000000000       0x12 Application/SW4STM32/startup_stm32f411xe.o
 .debug_abbrev  0x0000000000000012      0x2af Application/User/main.o
 .debug_abbrev  0x00000000000002c1      0x204 Application/User/stm32f4xx_hal_msp.o
 .debug_abbrev  0x00000000000004c5      0x1e7 Application/User/stm32f4xx_it.o
 .debug_abbrev  0x00000000000006ac      0x205 Drivers/CMSIS/system_stm32f4xx.o
 .debug_abbrev  0x00000000000008b1      0x2e5 Drivers/STM32F4xx_HAL_Driver/stm32f4xx_hal.o
 .debug_abbrev  0x0000000000000b96      0x3d6 Drivers/STM32F4xx_HAL_Driver/stm32f4xx_hal_cortex.o
 .debug_abbrev  0x0000000000000f6c      0x2a7 Drivers/STM32F4xx_HAL_Driver/stm32f4xx_hal_gpio.o
 .debug_abbrev  0x0000000000001213      0x333 Drivers/STM32F4xx_HAL_Driver/stm32f4xx_hal_rcc.o

.debug_aranges  0x0000000000000000      0x378
 .debug_aranges
                0x0000000000000000       0x28 Application/SW4STM32/startup_stm32f411xe.o
 .debug_aranges
                0x0000000000000028       0x38 Application/User/main.o
 .debug_aranges
                0x0000000000000060       0x20 Application/User/stm32f4xx_hal_msp.o
 .debug_aranges
                0x0000000000000080       0x68 Application/User/stm32f4xx_it.o
 .debug_aranges
                0x00000000000000e8       0x28 Drivers/CMSIS/system_stm32f4xx.o
 .debug_aranges
                0x0000000000000110       0xe0 Drivers/STM32F4xx_HAL_Driver/stm32f4xx_hal.o
 .debug_aranges
                0x00000000000001f0       0xa8 Drivers/STM32F4xx_HAL_Driver/stm32f4xx_hal_cortex.o
 .debug_aranges
                0x0000000000000298       0x58 Drivers/STM32F4xx_HAL_Driver/stm32f4xx_hal_gpio.o
 .debug_aranges
                0x00000000000002f0       0x88 Drivers/STM32F4xx_HAL_Driver/stm32f4xx_hal_rcc.o

.debug_str      0x0000000000000000    0x817ef
 .debug_str     0x0000000000000000       0x96 Application/SW4STM32/startup_stm32f411xe.o
 .debug_str     0x0000000000000096    0x80716 Application/User/main.o
                                      0x80a50 (size before relaxing)
 .debug_str     0x00000000000807ac       0x66 Application/User/stm32f4xx_hal_msp.o
                                      0x80411 (size before relaxing)
 .debug_str     0x0000000000080812      0x125 Application/User/stm32f4xx_it.o
                                      0x803c9 (size before relaxing)
 .debug_str     0x0000000000080937       0xe1 Drivers/CMSIS/system_stm32f4xx.o
                                      0x8037c (size before relaxing)
 .debug_str     0x0000000000080a18      0x605 Drivers/STM32F4xx_HAL_Driver/stm32f4xx_hal.o
                                      0x80d93 (size before relaxing)
 .debug_str     0x000000000008101d      0x37a Drivers/STM32F4xx_HAL_Driver/stm32f4xx_hal_cortex.o
                                      0x80ac3 (size before relaxing)
 .debug_str     0x0000000000081397      0x20e Drivers/STM32F4xx_HAL_Driver/stm32f4xx_hal_gpio.o
                                      0x805c0 (size before relaxing)
 .debug_str     0x00000000000815a5      0x24a Drivers/STM32F4xx_HAL_Driver/stm32f4xx_hal_rcc.o
                                      0x8078a (size before relaxing)

.debug_ranges   0x0000000000000000      0x368
 .debug_ranges  0x0000000000000000       0x20 Application/SW4STM32/startup_stm32f411xe.o
 .debug_ranges  0x0000000000000020       0x28 Application/User/main.o
 .debug_ranges  0x0000000000000048       0x10 Application/User/stm32f4xx_hal_msp.o
 .debug_ranges  0x0000000000000058       0x58 Application/User/stm32f4xx_it.o
 .debug_ranges  0x00000000000000b0       0x18 Drivers/CMSIS/system_stm32f4xx.o
 .debug_ranges  0x00000000000000c8       0xd0 Drivers/STM32F4xx_HAL_Driver/stm32f4xx_hal.o
 .debug_ranges  0x0000000000000198       0xf8 Drivers/STM32F4xx_HAL_Driver/stm32f4xx_hal_cortex.o
 .debug_ranges  0x0000000000000290       0x48 Drivers/STM32F4xx_HAL_Driver/stm32f4xx_hal_gpio.o
 .debug_ranges  0x00000000000002d8       0x90 Drivers/STM32F4xx_HAL_Driver/stm32f4xx_hal_rcc.o

.debug_macro    0x0000000000000000    0x14200
 .debug_macro   0x0000000000000000      0x32b Application/User/main.o
 .debug_macro   0x000000000000032b      0x18c Application/User/main.o
 .debug_macro   0x00000000000004b7       0x32 Application/User/main.o
 .debug_macro   0x00000000000004e9       0x28 Application/User/main.o
 .debug_macro   0x0000000000000511       0x87 Application/User/main.o
 .debug_macro   0x0000000000000598       0x51 Application/User/main.o
 .debug_macro   0x00000000000005e9       0xef Application/User/main.o
 .debug_macro   0x00000000000006d8      0x1df Application/User/main.o
 .debug_macro   0x00000000000008b7       0x35 Application/User/main.o
 .debug_macro   0x00000000000008ec       0x50 Application/User/main.o
 .debug_macro   0x000000000000093c      0xe66 Application/User/main.o
 .debug_macro   0x00000000000017a2     0xb803 Application/User/main.o
 .debug_macro   0x000000000000cfa5       0x43 Application/User/main.o
 .debug_macro   0x000000000000cfe8     0x3535 Application/User/main.o
 .debug_macro   0x000000000001051d       0x58 Application/User/main.o
 .debug_macro   0x0000000000010575       0x16 Application/User/main.o
 .debug_macro   0x000000000001058b       0x97 Application/User/main.o
 .debug_macro   0x0000000000010622       0xfd Application/User/main.o
 .debug_macro   0x000000000001071f       0x50 Application/User/main.o
 .debug_macro   0x000000000001076f      0x447 Application/User/main.o
 .debug_macro   0x0000000000010bb6      0xa02 Application/User/main.o
 .debug_macro   0x00000000000115b8      0x131 Application/User/main.o
 .debug_macro   0x00000000000116e9      0x11e Application/User/main.o
 .debug_macro   0x0000000000011807      0x11b Application/User/main.o
 .debug_macro   0x0000000000011922       0x27 Application/User/main.o
 .debug_macro   0x0000000000011949      0x287 Application/User/main.o
 .debug_macro   0x0000000000011bd0       0x5f Application/User/main.o
 .debug_macro   0x0000000000011c2f      0x23a Application/User/main.o
 .debug_macro   0x0000000000011e69      0x13a Application/User/main.o
 .debug_macro   0x0000000000011fa3      0x264 Application/User/main.o
 .debug_macro   0x0000000000012207       0x2e Application/User/main.o
 .debug_macro   0x0000000000012235      0x11e Application/User/main.o
 .debug_macro   0x0000000000012353       0x85 Application/User/main.o
 .debug_macro   0x00000000000123d8       0x89 Application/User/main.o
 .debug_macro   0x0000000000012461      0x202 Application/User/main.o
 .debug_macro   0x0000000000012663      0x287 Application/User/main.o
 .debug_macro   0x00000000000128ea      0x12d Application/User/main.o
 .debug_macro   0x0000000000012a17       0x4c Application/User/main.o
 .debug_macro   0x0000000000012a63      0x321 Application/User/stm32f4xx_hal_msp.o
 .debug_macro   0x0000000000012d84      0x32b Application/User/stm32f4xx_it.o
 .debug_macro   0x00000000000130af      0x322 Drivers/CMSIS/system_stm32f4xx.o
 .debug_macro   0x00000000000133d1      0x12b Drivers/CMSIS/system_stm32f4xx.o
 .debug_macro   0x00000000000134fc      0x372 Drivers/STM32F4xx_HAL_Driver/stm32f4xx_hal.o
 .debug_macro   0x000000000001386e      0x312 Drivers/STM32F4xx_HAL_Driver/stm32f4xx_hal_cortex.o
 .debug_macro   0x0000000000013b80      0x34a Drivers/STM32F4xx_HAL_Driver/stm32f4xx_hal_gpio.o
 .debug_macro   0x0000000000013eca      0x336 Drivers/STM32F4xx_HAL_Driver/stm32f4xx_hal_rcc.o

.comment        0x0000000000000000       0x7e
 .comment       0x0000000000000000       0x7e Application/User/main.o
                                         0x7f (size before relaxing)
 .comment       0x000000000000007e       0x7f Application/User/stm32f4xx_hal_msp.o
 .comment       0x000000000000007e       0x7f Application/User/stm32f4xx_it.o
 .comment       0x000000000000007e       0x7f Drivers/CMSIS/system_stm32f4xx.o
 .comment       0x000000000000007e       0x7f Drivers/STM32F4xx_HAL_Driver/stm32f4xx_hal.o
 .comment       0x000000000000007e       0x7f Drivers/STM32F4xx_HAL_Driver/stm32f4xx_hal_cortex.o
 .comment       0x000000000000007e       0x7f Drivers/STM32F4xx_HAL_Driver/stm32f4xx_hal_gpio.o
 .comment       0x000000000000007e       0x7f Drivers/STM32F4xx_HAL_Driver/stm32f4xx_hal_rcc.o

.debug_frame    0x0000000000000000      0x7c8
 .debug_frame   0x0000000000000000       0x7c Application/User/main.o
 .debug_frame   0x000000000000007c       0x2c Application/User/stm32f4xx_hal_msp.o
 .debug_frame   0x00000000000000a8       0xc0 Application/User/stm32f4xx_it.o
 .debug_frame   0x0000000000000168       0x30 Drivers/CMSIS/system_stm32f4xx.o
 .debug_frame   0x0000000000000198      0x1cc Drivers/STM32F4xx_HAL_Driver/stm32f4xx_hal.o
 .debug_frame   0x0000000000000364      0x15c Drivers/STM32F4xx_HAL_Driver/stm32f4xx_hal_cortex.o
 .debug_frame   0x00000000000004c0       0xd8 Drivers/STM32F4xx_HAL_Driver/stm32f4xx_hal_gpio.o
 .debug_frame   0x0000000000000598      0x184 Drivers/STM32F4xx_HAL_Driver/stm32f4xx_hal_rcc.o
 .debug_frame   0x000000000000071c       0x2c /home/hosni/STWorkbench/plugins/fr.ac6.mcu.externaltools.arm-none.linux64_1.16.0.201807130628/tools/compiler/bin/../lib/gcc/arm-none-eabi/7.2.1/thumb/v7e-m/fpv4-sp/hard/libgcc.a(_aeabi_uldivmod.o)
 .debug_frame   0x0000000000000748       0x34 /home/hosni/STWorkbench/plugins/fr.ac6.mcu.externaltools.arm-none.linux64_1.16.0.201807130628/tools/compiler/bin/../lib/gcc/arm-none-eabi/7.2.1/thumb/v7e-m/fpv4-sp/hard/libgcc.a(_udivmoddi4.o)
 .debug_frame   0x000000000000077c       0x2c /home/hosni/STWorkbench/plugins/fr.ac6.mcu.externaltools.arm-none.linux64_1.16.0.201807130628/tools/compiler/bin/../lib/gcc/arm-none-eabi/7.2.1/../../../../arm-none-eabi/lib/thumb/v7e-m/fpv4-sp/hard/libc_nano.a(lib_a-init.o)
 .debug_frame   0x00000000000007a8       0x20 /home/hosni/STWorkbench/plugins/fr.ac6.mcu.externaltools.arm-none.linux64_1.16.0.201807130628/tools/compiler/bin/../lib/gcc/arm-none-eabi/7.2.1/../../../../arm-none-eabi/lib/thumb/v7e-m/fpv4-sp/hard/libc_nano.a(lib_a-memset.o)

.debug_loc      0x0000000000000000     0x1063
 .debug_loc     0x0000000000000000      0x13e Drivers/CMSIS/system_stm32f4xx.o
 .debug_loc     0x000000000000013e       0xfd Drivers/STM32F4xx_HAL_Driver/stm32f4xx_hal.o
 .debug_loc     0x000000000000023b      0x5ce Drivers/STM32F4xx_HAL_Driver/stm32f4xx_hal_cortex.o
 .debug_loc     0x0000000000000809      0x469 Drivers/STM32F4xx_HAL_Driver/stm32f4xx_hal_gpio.o
 .debug_loc     0x0000000000000c72      0x3f1 Drivers/STM32F4xx_HAL_Driver/stm32f4xx_hal_rcc.o
